2025-06-03 08:27:18 - INFO - 01.1_train.py
2025-06-03 08:27:18 - INFO - train data: 924
2025-06-03 08:27:18 - INFO - valid data: 198
2025-06-03 08:27:18 - INFO - Total parameters: 1212803
2025-06-03 08:27:18 - INFO - Trainable parameters: 1212803
2025-06-03 08:27:22 - INFO - [Train] Epoch 00000 | train_loss 819.8548 | train_rmse 41.7773 | lr 0.000201
2025-06-03 08:27:22 - INFO - [Validate] Epoch 00000 | valid_rmse 42.7326 | valid_pr -0.1859 | valid_criterion 22.3385 | score -1.2338
2025-06-03 08:27:22 - INFO - [Validate] Best score achieved: -1.233849
2025-06-03 08:27:24 - INFO - [Train] Epoch 00001 | train_loss 805.6900 | train_rmse 41.6679 | lr 0.000401
2025-06-03 08:27:24 - INFO - [Validate] Epoch 00001 | valid_rmse 39.2857 | valid_pr 0.0669 | valid_criterion 18.4784 | score -0.8478
2025-06-03 08:27:24 - INFO - [Validate] Best score achieved: -0.847839
2025-06-03 08:27:26 - INFO - [Train] Epoch 00002 | train_loss 736.8696 | train_rmse 40.5652 | lr 0.000601
2025-06-03 08:27:26 - INFO - [Validate] Epoch 00002 | valid_rmse 41.9515 | valid_pr 0.6971 | valid_criterion 23.7979 | score -1.3798
2025-06-03 08:27:26 - INFO - No improvement for 1 epochs
2025-06-03 08:27:29 - INFO - [Train] Epoch 00003 | train_loss 652.0095 | train_rmse 39.4160 | lr 0.000801
2025-06-03 08:27:29 - INFO - [Validate] Epoch 00003 | valid_rmse 34.6565 | valid_pr 0.5245 | valid_criterion 29.3482 | score -1.9348
2025-06-03 08:27:29 - INFO - No improvement for 2 epochs
2025-06-03 08:27:31 - INFO - [Train] Epoch 00004 | train_loss 565.0281 | train_rmse 38.8660 | lr 0.001001
2025-06-03 08:27:31 - INFO - [Validate] Epoch 00004 | valid_rmse 35.1904 | valid_pr 0.8595 | valid_criterion 22.0427 | score -1.2043
2025-06-03 08:27:31 - INFO - No improvement for 3 epochs
2025-06-03 08:27:34 - INFO - [Train] Epoch 00005 | train_loss 500.5038 | train_rmse 39.4299 | lr 0.001201
2025-06-03 08:27:34 - INFO - [Validate] Epoch 00005 | valid_rmse 61.9908 | valid_pr 0.1683 | valid_criterion 69.8691 | score -5.9869
2025-06-03 08:27:34 - INFO - No improvement for 4 epochs
2025-06-03 08:27:36 - INFO - [Train] Epoch 00006 | train_loss 425.0678 | train_rmse 39.4916 | lr 0.001401
2025-06-03 08:27:36 - INFO - [Validate] Epoch 00006 | valid_rmse 148.5810 | valid_pr 0.0065 | valid_criterion 189.5014 | score -17.9501
2025-06-03 08:27:36 - INFO - No improvement for 5 epochs
2025-06-03 08:27:39 - INFO - [Train] Epoch 00007 | train_loss 335.4350 | train_rmse 42.2440 | lr 0.001601
2025-06-03 08:27:39 - INFO - [Validate] Epoch 00007 | valid_rmse 19.1216 | valid_pr 0.8855 | valid_criterion 10.9632 | score -0.0963
2025-06-03 08:27:39 - INFO - [Validate] Best score achieved: -0.096321
2025-06-03 08:27:41 - INFO - [Train] Epoch 00008 | train_loss 346.9607 | train_rmse 40.2830 | lr 0.001801
2025-06-03 08:27:41 - INFO - [Validate] Epoch 00008 | valid_rmse 34.1730 | valid_pr 0.4306 | valid_criterion 52.9465 | score -4.2947
2025-06-03 08:27:41 - INFO - No improvement for 1 epochs
2025-06-03 08:27:44 - INFO - [Train] Epoch 00009 | train_loss 197.1710 | train_rmse 27.4270 | lr 0.002001
2025-06-03 08:27:44 - INFO - [Validate] Epoch 00009 | valid_rmse 21.0564 | valid_pr 0.7706 | valid_criterion 11.2379 | score -0.1238
2025-06-03 08:27:44 - INFO - No improvement for 2 epochs
2025-06-03 08:27:46 - INFO - [Train] Epoch 00010 | train_loss 78.9921 | train_rmse 21.2877 | lr 0.002201
2025-06-03 08:27:46 - INFO - [Validate] Epoch 00010 | valid_rmse 33.3006 | valid_pr 0.6708 | valid_criterion 37.6030 | score -2.7603
2025-06-03 08:27:46 - INFO - No improvement for 3 epochs
2025-06-03 08:27:48 - INFO - [Train] Epoch 00011 | train_loss 36.0719 | train_rmse 10.0631 | lr 0.002401
2025-06-03 08:27:48 - INFO - [Validate] Epoch 00011 | valid_rmse 11.8087 | valid_pr 0.8626 | valid_criterion 15.9386 | score -0.5939
2025-06-03 08:27:48 - INFO - No improvement for 4 epochs
2025-06-03 08:27:51 - INFO - [Train] Epoch 00012 | train_loss 31.6833 | train_rmse 8.2249 | lr 0.002601
2025-06-03 08:27:51 - INFO - [Validate] Epoch 00012 | valid_rmse 10.6404 | valid_pr 0.8279 | valid_criterion 14.6390 | score -0.4639
2025-06-03 08:27:51 - INFO - No improvement for 5 epochs
2025-06-03 08:27:53 - INFO - [Train] Epoch 00013 | train_loss 28.2902 | train_rmse 7.8264 | lr 0.002801
2025-06-03 08:27:53 - INFO - [Validate] Epoch 00013 | valid_rmse 11.3268 | valid_pr 0.8226 | valid_criterion 15.6561 | score -0.5656
2025-06-03 08:27:53 - INFO - No improvement for 6 epochs
2025-06-03 08:27:56 - INFO - [Train] Epoch 00014 | train_loss 24.9572 | train_rmse 7.2133 | lr 0.003001
2025-06-03 08:27:56 - INFO - [Validate] Epoch 00014 | valid_rmse 6.4558 | valid_pr 0.9636 | valid_criterion 4.0681 | score 0.5932
2025-06-03 08:27:56 - INFO - [Validate] Best score achieved: 0.593193
2025-06-03 08:27:59 - INFO - [Train] Epoch 00015 | train_loss 21.8125 | train_rmse 6.6181 | lr 0.003201
2025-06-03 08:27:59 - INFO - [Validate] Epoch 00015 | valid_rmse 8.6408 | valid_pr 0.9240 | valid_criterion 10.3390 | score -0.0339
2025-06-03 08:27:59 - INFO - No improvement for 1 epochs
2025-06-03 08:28:01 - INFO - [Train] Epoch 00016 | train_loss 25.4176 | train_rmse 7.2530 | lr 0.003401
2025-06-03 08:28:01 - INFO - [Validate] Epoch 00016 | valid_rmse 8.3760 | valid_pr 0.9077 | valid_criterion 15.2985 | score -0.5298
2025-06-03 08:28:01 - INFO - No improvement for 2 epochs
2025-06-03 08:28:04 - INFO - [Train] Epoch 00017 | train_loss 30.1921 | train_rmse 7.7784 | lr 0.003601
2025-06-03 08:28:04 - INFO - [Validate] Epoch 00017 | valid_rmse 7.6210 | valid_pr 0.9624 | valid_criterion 11.1062 | score -0.1106
2025-06-03 08:28:04 - INFO - No improvement for 3 epochs
2025-06-03 08:28:06 - INFO - [Train] Epoch 00018 | train_loss 21.1606 | train_rmse 6.5175 | lr 0.003801
2025-06-03 08:28:06 - INFO - [Validate] Epoch 00018 | valid_rmse 6.4215 | valid_pr 0.9613 | valid_criterion 8.3257 | score 0.1674
2025-06-03 08:28:06 - INFO - No improvement for 4 epochs
2025-06-03 08:28:09 - INFO - [Train] Epoch 00019 | train_loss 24.4097 | train_rmse 7.1466 | lr 0.004001
2025-06-03 08:28:09 - INFO - [Validate] Epoch 00019 | valid_rmse 8.3874 | valid_pr 0.9623 | valid_criterion 11.3044 | score -0.1304
2025-06-03 08:28:09 - INFO - No improvement for 5 epochs
2025-06-03 08:28:11 - INFO - [Train] Epoch 00020 | train_loss 18.7232 | train_rmse 6.1757 | lr 0.004201
2025-06-03 08:28:11 - INFO - [Validate] Epoch 00020 | valid_rmse 5.2977 | valid_pr 0.9650 | valid_criterion 6.2174 | score 0.3783
2025-06-03 08:28:11 - INFO - No improvement for 6 epochs
2025-06-03 08:28:13 - INFO - [Train] Epoch 00021 | train_loss 16.8691 | train_rmse 5.8207 | lr 0.004401
2025-06-03 08:28:13 - INFO - [Validate] Epoch 00021 | valid_rmse 8.2101 | valid_pr 0.9346 | valid_criterion 7.0481 | score 0.2952
2025-06-03 08:28:13 - INFO - No improvement for 7 epochs
2025-06-03 08:28:16 - INFO - [Train] Epoch 00022 | train_loss 25.1719 | train_rmse 6.9799 | lr 0.004601
2025-06-03 08:28:16 - INFO - [Validate] Epoch 00022 | valid_rmse 4.6916 | valid_pr 0.9735 | valid_criterion 7.7955 | score 0.2204
2025-06-03 08:28:16 - INFO - No improvement for 8 epochs
2025-06-03 08:28:18 - INFO - [Train] Epoch 00023 | train_loss 20.9178 | train_rmse 6.4083 | lr 0.004801
2025-06-03 08:28:18 - INFO - [Validate] Epoch 00023 | valid_rmse 7.9906 | valid_pr 0.9547 | valid_criterion 8.9110 | score 0.1089
2025-06-03 08:28:18 - INFO - No improvement for 9 epochs
2025-06-03 08:28:21 - INFO - [Train] Epoch 00024 | train_loss 19.3044 | train_rmse 6.0488 | lr 0.005001
2025-06-03 08:28:21 - INFO - [Validate] Epoch 00024 | valid_rmse 4.9180 | valid_pr 0.9719 | valid_criterion 8.0501 | score 0.1950
2025-06-03 08:28:21 - INFO - No improvement for 10 epochs
2025-06-03 08:28:23 - INFO - [Train] Epoch 00025 | train_loss 15.7786 | train_rmse 5.4382 | lr 0.005200
2025-06-03 08:28:23 - INFO - [Validate] Epoch 00025 | valid_rmse 6.0551 | valid_pr 0.9872 | valid_criterion 7.4345 | score 0.2565
2025-06-03 08:28:23 - INFO - No improvement for 11 epochs
2025-06-03 08:28:25 - INFO - [Train] Epoch 00026 | train_loss 16.2058 | train_rmse 5.6262 | lr 0.005400
2025-06-03 08:28:25 - INFO - [Validate] Epoch 00026 | valid_rmse 3.8223 | valid_pr 0.9798 | valid_criterion 4.7969 | score 0.5203
2025-06-03 08:28:25 - INFO - No improvement for 12 epochs
2025-06-03 08:28:28 - INFO - [Train] Epoch 00027 | train_loss 19.4017 | train_rmse 6.1710 | lr 0.005600
2025-06-03 08:28:28 - INFO - [Validate] Epoch 00027 | valid_rmse 6.4512 | valid_pr 0.9669 | valid_criterion 9.6417 | score 0.0358
2025-06-03 08:28:28 - INFO - No improvement for 13 epochs
2025-06-03 08:28:30 - INFO - [Train] Epoch 00028 | train_loss 18.7220 | train_rmse 5.9629 | lr 0.005800
2025-06-03 08:28:30 - INFO - [Validate] Epoch 00028 | valid_rmse 5.2728 | valid_pr 0.9747 | valid_criterion 5.3961 | score 0.4604
2025-06-03 08:28:30 - INFO - No improvement for 14 epochs
2025-06-03 08:28:33 - INFO - [Train] Epoch 00029 | train_loss 21.8659 | train_rmse 6.5818 | lr 0.006000
2025-06-03 08:28:33 - INFO - [Validate] Epoch 00029 | valid_rmse 3.7461 | valid_pr 0.9867 | valid_criterion 3.5776 | score 0.6422
2025-06-03 08:28:33 - INFO - [Validate] Best score achieved: 0.642243
2025-06-03 08:28:35 - INFO - [Train] Epoch 00030 | train_loss 17.9939 | train_rmse 5.8249 | lr 0.006200
2025-06-03 08:28:35 - INFO - [Validate] Epoch 00030 | valid_rmse 5.1474 | valid_pr 0.9633 | valid_criterion 8.4447 | score 0.1555
2025-06-03 08:28:35 - INFO - No improvement for 1 epochs
2025-06-03 08:28:37 - INFO - [Train] Epoch 00031 | train_loss 20.7775 | train_rmse 6.3559 | lr 0.006400
2025-06-03 08:28:37 - INFO - [Validate] Epoch 00031 | valid_rmse 7.5316 | valid_pr 0.9159 | valid_criterion 11.6897 | score -0.1690
2025-06-03 08:28:37 - INFO - No improvement for 2 epochs
2025-06-03 08:28:40 - INFO - [Train] Epoch 00032 | train_loss 17.5878 | train_rmse 5.9739 | lr 0.006600
2025-06-03 08:28:40 - INFO - [Validate] Epoch 00032 | valid_rmse 8.1114 | valid_pr 0.9665 | valid_criterion 3.0984 | score 0.6902
2025-06-03 08:28:40 - INFO - [Validate] Best score achieved: 0.690163
2025-06-03 08:28:42 - INFO - [Train] Epoch 00033 | train_loss 21.2986 | train_rmse 6.2978 | lr 0.006800
2025-06-03 08:28:42 - INFO - [Validate] Epoch 00033 | valid_rmse 4.9890 | valid_pr 0.9776 | valid_criterion 6.8631 | score 0.3137
2025-06-03 08:28:42 - INFO - No improvement for 1 epochs
2025-06-03 08:28:45 - INFO - [Train] Epoch 00034 | train_loss 18.5269 | train_rmse 5.9331 | lr 0.007000
2025-06-03 08:28:45 - INFO - [Validate] Epoch 00034 | valid_rmse 4.9008 | valid_pr 0.9743 | valid_criterion 6.3846 | score 0.3615
2025-06-03 08:28:45 - INFO - No improvement for 2 epochs
2025-06-03 08:28:47 - INFO - [Train] Epoch 00035 | train_loss 16.5608 | train_rmse 5.7230 | lr 0.007200
2025-06-03 08:28:47 - INFO - [Validate] Epoch 00035 | valid_rmse 6.6903 | valid_pr 0.9814 | valid_criterion 8.7966 | score 0.1203
2025-06-03 08:28:47 - INFO - No improvement for 3 epochs
2025-06-03 08:28:50 - INFO - [Train] Epoch 00036 | train_loss 14.1152 | train_rmse 5.1780 | lr 0.007400
2025-06-03 08:28:50 - INFO - [Validate] Epoch 00036 | valid_rmse 3.5696 | valid_pr 0.9869 | valid_criterion 4.2802 | score 0.5720
2025-06-03 08:28:50 - INFO - No improvement for 4 epochs
2025-06-03 08:28:52 - INFO - [Train] Epoch 00037 | train_loss 29.3027 | train_rmse 7.5274 | lr 0.007600
2025-06-03 08:28:52 - INFO - [Validate] Epoch 00037 | valid_rmse 6.9919 | valid_pr 0.9440 | valid_criterion 11.1391 | score -0.1139
2025-06-03 08:28:52 - INFO - No improvement for 5 epochs
2025-06-03 08:28:54 - INFO - [Train] Epoch 00038 | train_loss 16.3404 | train_rmse 5.5471 | lr 0.007800
2025-06-03 08:28:54 - INFO - [Validate] Epoch 00038 | valid_rmse 3.9281 | valid_pr 0.9885 | valid_criterion 2.9836 | score 0.7016
2025-06-03 08:28:55 - INFO - [Validate] Best score achieved: 0.701640
2025-06-03 08:28:57 - INFO - [Train] Epoch 00039 | train_loss 15.8836 | train_rmse 5.3826 | lr 0.008000
2025-06-03 08:28:57 - INFO - [Validate] Epoch 00039 | valid_rmse 5.2313 | valid_pr 0.9824 | valid_criterion 4.9949 | score 0.5005
2025-06-03 08:28:57 - INFO - No improvement for 1 epochs
2025-06-03 08:28:59 - INFO - [Train] Epoch 00040 | train_loss 14.6763 | train_rmse 5.2986 | lr 0.008200
2025-06-03 08:28:59 - INFO - [Validate] Epoch 00040 | valid_rmse 3.2100 | valid_pr 0.9864 | valid_criterion 3.5969 | score 0.6403
2025-06-03 08:28:59 - INFO - No improvement for 2 epochs
2025-06-03 08:29:02 - INFO - [Train] Epoch 00041 | train_loss 19.1758 | train_rmse 6.1856 | lr 0.008400
2025-06-03 08:29:02 - INFO - [Validate] Epoch 00041 | valid_rmse 8.6793 | valid_pr 0.9272 | valid_criterion 9.6995 | score 0.0300
2025-06-03 08:29:02 - INFO - No improvement for 3 epochs
2025-06-03 08:29:04 - INFO - [Train] Epoch 00042 | train_loss 21.1195 | train_rmse 6.3904 | lr 0.008600
2025-06-03 08:29:04 - INFO - [Validate] Epoch 00042 | valid_rmse 3.8689 | valid_pr 0.9807 | valid_criterion 3.4030 | score 0.6597
2025-06-03 08:29:04 - INFO - No improvement for 4 epochs
2025-06-03 08:29:07 - INFO - [Train] Epoch 00043 | train_loss 25.6278 | train_rmse 6.9432 | lr 0.008800
2025-06-03 08:29:07 - INFO - [Validate] Epoch 00043 | valid_rmse 5.6519 | valid_pr 0.9686 | valid_criterion 8.5382 | score 0.1462
2025-06-03 08:29:07 - INFO - No improvement for 5 epochs
2025-06-03 08:29:09 - INFO - [Train] Epoch 00044 | train_loss 18.8721 | train_rmse 6.0018 | lr 0.009000
2025-06-03 08:29:09 - INFO - [Validate] Epoch 00044 | valid_rmse 4.2709 | valid_pr 0.9934 | valid_criterion 4.8772 | score 0.5123
2025-06-03 08:29:09 - INFO - No improvement for 6 epochs
2025-06-03 08:29:11 - INFO - [Train] Epoch 00045 | train_loss 16.9126 | train_rmse 5.6629 | lr 0.009200
2025-06-03 08:29:11 - INFO - [Validate] Epoch 00045 | valid_rmse 8.0106 | valid_pr 0.9305 | valid_criterion 3.7928 | score 0.6207
2025-06-03 08:29:11 - INFO - No improvement for 7 epochs
2025-06-03 08:29:14 - INFO - [Train] Epoch 00046 | train_loss 19.0932 | train_rmse 5.9992 | lr 0.009400
2025-06-03 08:29:14 - INFO - [Validate] Epoch 00046 | valid_rmse 5.3725 | valid_pr 0.9640 | valid_criterion 3.3162 | score 0.6684
2025-06-03 08:29:14 - INFO - No improvement for 8 epochs
2025-06-03 08:29:16 - INFO - [Train] Epoch 00047 | train_loss 17.9677 | train_rmse 5.9645 | lr 0.009600
2025-06-03 08:29:16 - INFO - [Validate] Epoch 00047 | valid_rmse 5.6949 | valid_pr 0.9592 | valid_criterion 7.7071 | score 0.2293
2025-06-03 08:29:16 - INFO - No improvement for 9 epochs
2025-06-03 08:29:19 - INFO - [Train] Epoch 00048 | train_loss 18.3681 | train_rmse 5.9417 | lr 0.009800
2025-06-03 08:29:19 - INFO - [Validate] Epoch 00048 | valid_rmse 5.2437 | valid_pr 0.9807 | valid_criterion 6.7305 | score 0.3270
2025-06-03 08:29:19 - INFO - No improvement for 10 epochs
2025-06-03 08:29:21 - INFO - [Train] Epoch 00049 | train_loss 14.5690 | train_rmse 5.2080 | lr 0.010000
2025-06-03 08:29:21 - INFO - [Validate] Epoch 00049 | valid_rmse 4.5164 | valid_pr 0.9804 | valid_criterion 7.9321 | score 0.2068
2025-06-03 08:29:21 - INFO - No improvement for 11 epochs
2025-06-03 08:29:24 - INFO - [Train] Epoch 00050 | train_loss 17.6623 | train_rmse 5.8013 | lr 0.010000
2025-06-03 08:29:24 - INFO - [Validate] Epoch 00050 | valid_rmse 5.7240 | valid_pr 0.9853 | valid_criterion 8.8024 | score 0.1198
2025-06-03 08:29:24 - INFO - No improvement for 12 epochs
2025-06-03 08:29:26 - INFO - [Train] Epoch 00051 | train_loss 17.2895 | train_rmse 5.7759 | lr 0.010000
2025-06-03 08:29:26 - INFO - [Validate] Epoch 00051 | valid_rmse 3.7794 | valid_pr 0.9867 | valid_criterion 2.4199 | score 0.7580
2025-06-03 08:29:26 - INFO - [Validate] Best score achieved: 0.758010
2025-06-03 08:29:28 - INFO - [Train] Epoch 00052 | train_loss 16.4708 | train_rmse 5.4977 | lr 0.010000
2025-06-03 08:29:28 - INFO - [Validate] Epoch 00052 | valid_rmse 4.3921 | valid_pr 0.9743 | valid_criterion 7.6014 | score 0.2399
2025-06-03 08:29:28 - INFO - No improvement for 1 epochs
2025-06-03 08:29:31 - INFO - [Train] Epoch 00053 | train_loss 14.6096 | train_rmse 5.2586 | lr 0.010000
2025-06-03 08:29:31 - INFO - [Validate] Epoch 00053 | valid_rmse 4.4044 | valid_pr 0.9862 | valid_criterion 5.2755 | score 0.4724
2025-06-03 08:29:31 - INFO - No improvement for 2 epochs
2025-06-03 08:29:33 - INFO - [Train] Epoch 00054 | train_loss 16.3448 | train_rmse 5.4824 | lr 0.010000
2025-06-03 08:29:33 - INFO - [Validate] Epoch 00054 | valid_rmse 4.5490 | valid_pr 0.9733 | valid_criterion 8.2704 | score 0.1730
2025-06-03 08:29:33 - INFO - No improvement for 3 epochs
2025-06-03 08:29:36 - INFO - [Train] Epoch 00055 | train_loss 18.9037 | train_rmse 5.7948 | lr 0.010000
2025-06-03 08:29:36 - INFO - [Validate] Epoch 00055 | valid_rmse 3.9848 | valid_pr 0.9876 | valid_criterion 5.8174 | score 0.4183
2025-06-03 08:29:36 - INFO - No improvement for 4 epochs
2025-06-03 08:29:38 - INFO - [Train] Epoch 00056 | train_loss 17.6985 | train_rmse 5.8356 | lr 0.010000
2025-06-03 08:29:38 - INFO - [Validate] Epoch 00056 | valid_rmse 4.2725 | valid_pr 0.9887 | valid_criterion 2.9795 | score 0.7020
2025-06-03 08:29:38 - INFO - No improvement for 5 epochs
2025-06-03 08:29:41 - INFO - [Train] Epoch 00057 | train_loss 17.3554 | train_rmse 5.8312 | lr 0.010000
2025-06-03 08:29:41 - INFO - [Validate] Epoch 00057 | valid_rmse 3.9641 | valid_pr 0.9892 | valid_criterion 2.7269 | score 0.7273
2025-06-03 08:29:41 - INFO - No improvement for 6 epochs
2025-06-03 08:29:43 - INFO - [Train] Epoch 00058 | train_loss 16.6099 | train_rmse 5.6948 | lr 0.010000
2025-06-03 08:29:43 - INFO - [Validate] Epoch 00058 | valid_rmse 7.9637 | valid_pr 0.9179 | valid_criterion 9.2409 | score 0.0759
2025-06-03 08:29:43 - INFO - No improvement for 7 epochs
2025-06-03 08:29:46 - INFO - [Train] Epoch 00059 | train_loss 13.5020 | train_rmse 4.8936 | lr 0.010000
2025-06-03 08:29:46 - INFO - [Validate] Epoch 00059 | valid_rmse 4.1685 | valid_pr 0.9818 | valid_criterion 5.6475 | score 0.4353
2025-06-03 08:29:46 - INFO - No improvement for 8 epochs
2025-06-03 08:29:48 - INFO - [Train] Epoch 00060 | train_loss 19.6748 | train_rmse 6.2253 | lr 0.010000
2025-06-03 08:29:48 - INFO - [Validate] Epoch 00060 | valid_rmse 4.0040 | valid_pr 0.9821 | valid_criterion 4.0930 | score 0.5907
2025-06-03 08:29:48 - INFO - No improvement for 9 epochs
2025-06-03 08:29:50 - INFO - [Train] Epoch 00061 | train_loss 13.8421 | train_rmse 5.0189 | lr 0.010000
2025-06-03 08:29:50 - INFO - [Validate] Epoch 00061 | valid_rmse 4.6580 | valid_pr 0.9829 | valid_criterion 7.8195 | score 0.2180
2025-06-03 08:29:50 - INFO - No improvement for 10 epochs
2025-06-03 08:29:53 - INFO - [Train] Epoch 00062 | train_loss 19.1817 | train_rmse 5.9800 | lr 0.010000
2025-06-03 08:29:53 - INFO - [Validate] Epoch 00062 | valid_rmse 3.5622 | valid_pr 0.9838 | valid_criterion 5.0402 | score 0.4960
2025-06-03 08:29:53 - INFO - No improvement for 11 epochs
2025-06-03 08:29:55 - INFO - [Train] Epoch 00063 | train_loss 18.5641 | train_rmse 6.1344 | lr 0.010000
2025-06-03 08:29:55 - INFO - [Validate] Epoch 00063 | valid_rmse 6.1189 | valid_pr 0.9480 | valid_criterion 8.5199 | score 0.1480
2025-06-03 08:29:55 - INFO - No improvement for 12 epochs
2025-06-03 08:29:58 - INFO - [Train] Epoch 00064 | train_loss 15.3265 | train_rmse 5.2580 | lr 0.010000
2025-06-03 08:29:58 - INFO - [Validate] Epoch 00064 | valid_rmse 5.2501 | valid_pr 0.9839 | valid_criterion 7.8897 | score 0.2110
2025-06-03 08:29:58 - INFO - No improvement for 13 epochs
2025-06-03 08:30:00 - INFO - [Train] Epoch 00065 | train_loss 18.6065 | train_rmse 6.0710 | lr 0.010000
2025-06-03 08:30:00 - INFO - [Validate] Epoch 00065 | valid_rmse 6.0718 | valid_pr 0.9833 | valid_criterion 7.7555 | score 0.2244
2025-06-03 08:30:00 - INFO - No improvement for 14 epochs
2025-06-03 08:30:02 - INFO - [Train] Epoch 00066 | train_loss 16.2801 | train_rmse 5.3936 | lr 0.010000
2025-06-03 08:30:02 - INFO - [Validate] Epoch 00066 | valid_rmse 5.7154 | valid_pr 0.9631 | valid_criterion 7.7751 | score 0.2225
2025-06-03 08:30:02 - INFO - No improvement for 15 epochs
2025-06-03 08:30:05 - INFO - [Train] Epoch 00067 | train_loss 15.3704 | train_rmse 5.3587 | lr 0.010000
2025-06-03 08:30:05 - INFO - [Validate] Epoch 00067 | valid_rmse 3.8046 | valid_pr 0.9863 | valid_criterion 7.6472 | score 0.2353
2025-06-03 08:30:05 - INFO - No improvement for 16 epochs
2025-06-03 08:30:07 - INFO - [Train] Epoch 00068 | train_loss 15.0010 | train_rmse 5.1264 | lr 0.010000
2025-06-03 08:30:07 - INFO - [Validate] Epoch 00068 | valid_rmse 2.9968 | valid_pr 0.9891 | valid_criterion 3.6980 | score 0.6302
2025-06-03 08:30:07 - INFO - No improvement for 17 epochs
2025-06-03 08:30:10 - INFO - [Train] Epoch 00069 | train_loss 20.3223 | train_rmse 6.0733 | lr 0.010000
2025-06-03 08:30:10 - INFO - [Validate] Epoch 00069 | valid_rmse 6.9684 | valid_pr 0.9498 | valid_criterion 5.9799 | score 0.4020
2025-06-03 08:30:10 - INFO - No improvement for 18 epochs
2025-06-03 08:30:12 - INFO - [Train] Epoch 00070 | train_loss 19.5738 | train_rmse 5.9590 | lr 0.010000
2025-06-03 08:30:12 - INFO - [Validate] Epoch 00070 | valid_rmse 3.8065 | valid_pr 0.9928 | valid_criterion 5.8300 | score 0.4170
2025-06-03 08:30:12 - INFO - No improvement for 19 epochs
2025-06-03 08:30:15 - INFO - [Train] Epoch 00071 | train_loss 16.0517 | train_rmse 5.4621 | lr 0.010000
2025-06-03 08:30:15 - INFO - [Validate] Epoch 00071 | valid_rmse 4.5001 | valid_pr 0.9907 | valid_criterion 7.5221 | score 0.2478
2025-06-03 08:30:15 - INFO - No improvement for 20 epochs
2025-06-03 08:30:17 - INFO - [Train] Epoch 00072 | train_loss 15.1340 | train_rmse 5.3037 | lr 0.010000
2025-06-03 08:30:17 - INFO - [Validate] Epoch 00072 | valid_rmse 4.7444 | valid_pr 0.9684 | valid_criterion 7.1572 | score 0.2843
2025-06-03 08:30:17 - INFO - No improvement for 21 epochs
2025-06-03 08:30:19 - INFO - [Train] Epoch 00073 | train_loss 15.8575 | train_rmse 5.4156 | lr 0.010000
2025-06-03 08:30:19 - INFO - [Validate] Epoch 00073 | valid_rmse 4.2300 | valid_pr 0.9820 | valid_criterion 5.5563 | score 0.4444
2025-06-03 08:30:19 - INFO - No improvement for 22 epochs
2025-06-03 08:30:22 - INFO - [Train] Epoch 00074 | train_loss 14.9534 | train_rmse 5.1553 | lr 0.010000
2025-06-03 08:30:22 - INFO - [Validate] Epoch 00074 | valid_rmse 6.1090 | valid_pr 0.9777 | valid_criterion 6.9126 | score 0.3087
2025-06-03 08:30:22 - INFO - No improvement for 23 epochs
2025-06-03 08:30:24 - INFO - [Train] Epoch 00075 | train_loss 12.1127 | train_rmse 4.4828 | lr 0.010000
2025-06-03 08:30:24 - INFO - [Validate] Epoch 00075 | valid_rmse 4.0115 | valid_pr 0.9770 | valid_criterion 4.2955 | score 0.5704
2025-06-03 08:30:24 - INFO - No improvement for 24 epochs
2025-06-03 08:30:27 - INFO - [Train] Epoch 00076 | train_loss 12.8980 | train_rmse 4.6823 | lr 0.010000
2025-06-03 08:30:27 - INFO - [Validate] Epoch 00076 | valid_rmse 5.4680 | valid_pr 0.9790 | valid_criterion 6.0853 | score 0.3915
2025-06-03 08:30:27 - INFO - No improvement for 25 epochs
2025-06-03 08:30:29 - INFO - [Train] Epoch 00077 | train_loss 17.2898 | train_rmse 5.7002 | lr 0.010000
2025-06-03 08:30:29 - INFO - [Validate] Epoch 00077 | valid_rmse 5.1197 | valid_pr 0.9834 | valid_criterion 7.4828 | score 0.2517
2025-06-03 08:30:29 - INFO - No improvement for 26 epochs
2025-06-03 08:30:32 - INFO - [Train] Epoch 00078 | train_loss 18.3827 | train_rmse 5.8424 | lr 0.010000
2025-06-03 08:30:32 - INFO - [Validate] Epoch 00078 | valid_rmse 5.5719 | valid_pr 0.9795 | valid_criterion 7.4787 | score 0.2521
2025-06-03 08:30:32 - INFO - No improvement for 27 epochs
2025-06-03 08:30:34 - INFO - [Train] Epoch 00079 | train_loss 15.2114 | train_rmse 5.2339 | lr 0.010000
2025-06-03 08:30:34 - INFO - [Validate] Epoch 00079 | valid_rmse 6.1186 | valid_pr 0.9843 | valid_criterion 11.7515 | score -0.1752
2025-06-03 08:30:34 - INFO - No improvement for 28 epochs
2025-06-03 08:30:36 - INFO - [Train] Epoch 00080 | train_loss 15.8635 | train_rmse 5.3467 | lr 0.010000
2025-06-03 08:30:36 - INFO - [Validate] Epoch 00080 | valid_rmse 5.0485 | valid_pr 0.9683 | valid_criterion 8.9542 | score 0.1046
2025-06-03 08:30:36 - INFO - No improvement for 29 epochs
2025-06-03 08:30:39 - INFO - [Train] Epoch 00081 | train_loss 17.6201 | train_rmse 5.6890 | lr 0.010000
2025-06-03 08:30:39 - INFO - [Validate] Epoch 00081 | valid_rmse 4.7243 | valid_pr 0.9777 | valid_criterion 2.8841 | score 0.7116
2025-06-03 08:30:39 - INFO - No improvement for 30 epochs
2025-06-03 08:30:41 - INFO - [Train] Epoch 00082 | train_loss 16.5341 | train_rmse 5.4892 | lr 0.010000
2025-06-03 08:30:41 - INFO - [Validate] Epoch 00082 | valid_rmse 3.9714 | valid_pr 0.9828 | valid_criterion 4.3319 | score 0.5668
2025-06-03 08:30:41 - INFO - No improvement for 31 epochs
2025-06-03 08:30:44 - INFO - [Train] Epoch 00083 | train_loss 12.7599 | train_rmse 4.7044 | lr 0.010000
2025-06-03 08:30:44 - INFO - [Validate] Epoch 00083 | valid_rmse 3.0725 | valid_pr 0.9949 | valid_criterion 1.7031 | score 0.8297
2025-06-03 08:30:44 - INFO - [Validate] Best score achieved: 0.829692
2025-06-03 08:30:46 - INFO - [Train] Epoch 00084 | train_loss 14.9372 | train_rmse 5.0666 | lr 0.010000
2025-06-03 08:30:46 - INFO - [Validate] Epoch 00084 | valid_rmse 4.5793 | valid_pr 0.9848 | valid_criterion 6.9981 | score 0.3002
2025-06-03 08:30:46 - INFO - No improvement for 1 epochs
2025-06-03 08:30:48 - INFO - [Train] Epoch 00085 | train_loss 14.1183 | train_rmse 5.0297 | lr 0.010000
2025-06-03 08:30:48 - INFO - [Validate] Epoch 00085 | valid_rmse 3.1075 | valid_pr 0.9898 | valid_criterion 4.3820 | score 0.5618
2025-06-03 08:30:48 - INFO - No improvement for 2 epochs
2025-06-03 08:30:51 - INFO - [Train] Epoch 00086 | train_loss 13.7375 | train_rmse 4.8425 | lr 0.010000
2025-06-03 08:30:51 - INFO - [Validate] Epoch 00086 | valid_rmse 4.9635 | valid_pr 0.9926 | valid_criterion 7.0011 | score 0.2999
2025-06-03 08:30:51 - INFO - No improvement for 3 epochs
2025-06-03 08:30:53 - INFO - [Train] Epoch 00087 | train_loss 13.0063 | train_rmse 4.8244 | lr 0.010000
2025-06-03 08:30:53 - INFO - [Validate] Epoch 00087 | valid_rmse 4.5528 | valid_pr 0.9903 | valid_criterion 5.9441 | score 0.4056
2025-06-03 08:30:53 - INFO - No improvement for 4 epochs
2025-06-03 08:30:56 - INFO - [Train] Epoch 00088 | train_loss 15.0979 | train_rmse 5.1410 | lr 0.010000
2025-06-03 08:30:56 - INFO - [Validate] Epoch 00088 | valid_rmse 2.2214 | valid_pr 0.9933 | valid_criterion 1.4337 | score 0.8566
2025-06-03 08:30:56 - INFO - [Validate] Best score achieved: 0.856629
2025-06-03 08:30:58 - INFO - [Train] Epoch 00089 | train_loss 11.3811 | train_rmse 4.4195 | lr 0.010000
2025-06-03 08:30:58 - INFO - [Validate] Epoch 00089 | valid_rmse 3.3418 | valid_pr 0.9915 | valid_criterion 4.2173 | score 0.5783
2025-06-03 08:30:58 - INFO - No improvement for 1 epochs
2025-06-03 08:31:01 - INFO - [Train] Epoch 00090 | train_loss 13.4414 | train_rmse 4.8561 | lr 0.010000
2025-06-03 08:31:01 - INFO - [Validate] Epoch 00090 | valid_rmse 4.3684 | valid_pr 0.9751 | valid_criterion 7.2366 | score 0.2763
2025-06-03 08:31:01 - INFO - No improvement for 2 epochs
2025-06-03 08:31:03 - INFO - [Train] Epoch 00091 | train_loss 11.7293 | train_rmse 4.4484 | lr 0.010000
2025-06-03 08:31:03 - INFO - [Validate] Epoch 00091 | valid_rmse 2.4333 | valid_pr 0.9922 | valid_criterion 3.6426 | score 0.6357
2025-06-03 08:31:03 - INFO - No improvement for 3 epochs
2025-06-03 08:31:06 - INFO - [Train] Epoch 00092 | train_loss 21.5757 | train_rmse 6.2894 | lr 0.010000
2025-06-03 08:31:06 - INFO - [Validate] Epoch 00092 | valid_rmse 4.9079 | valid_pr 0.9925 | valid_criterion 2.7898 | score 0.7210
2025-06-03 08:31:06 - INFO - No improvement for 4 epochs
2025-06-03 08:31:08 - INFO - [Train] Epoch 00093 | train_loss 13.2151 | train_rmse 4.9412 | lr 0.010000
2025-06-03 08:31:08 - INFO - [Validate] Epoch 00093 | valid_rmse 5.7074 | valid_pr 0.9623 | valid_criterion 6.3103 | score 0.3690
2025-06-03 08:31:08 - INFO - No improvement for 5 epochs
2025-06-03 08:31:10 - INFO - [Train] Epoch 00094 | train_loss 15.1512 | train_rmse 5.2369 | lr 0.010000
2025-06-03 08:31:10 - INFO - [Validate] Epoch 00094 | valid_rmse 3.2142 | valid_pr 0.9905 | valid_criterion 4.0732 | score 0.5927
2025-06-03 08:31:10 - INFO - No improvement for 6 epochs
2025-06-03 08:31:13 - INFO - [Train] Epoch 00095 | train_loss 20.3358 | train_rmse 5.9958 | lr 0.010000
2025-06-03 08:31:13 - INFO - [Validate] Epoch 00095 | valid_rmse 3.9950 | valid_pr 0.9853 | valid_criterion 3.8572 | score 0.6143
2025-06-03 08:31:13 - INFO - No improvement for 7 epochs
2025-06-03 08:31:15 - INFO - [Train] Epoch 00096 | train_loss 15.4643 | train_rmse 5.3409 | lr 0.010000
2025-06-03 08:31:15 - INFO - [Validate] Epoch 00096 | valid_rmse 3.7465 | valid_pr 0.9887 | valid_criterion 6.3076 | score 0.3692
2025-06-03 08:31:15 - INFO - No improvement for 8 epochs
2025-06-03 08:31:18 - INFO - [Train] Epoch 00097 | train_loss 16.1005 | train_rmse 5.4396 | lr 0.010000
2025-06-03 08:31:18 - INFO - [Validate] Epoch 00097 | valid_rmse 2.3128 | valid_pr 0.9929 | valid_criterion 2.8631 | score 0.7137
2025-06-03 08:31:18 - INFO - No improvement for 9 epochs
2025-06-03 08:31:20 - INFO - [Train] Epoch 00098 | train_loss 14.8892 | train_rmse 5.2002 | lr 0.010000
2025-06-03 08:31:20 - INFO - [Validate] Epoch 00098 | valid_rmse 5.1540 | valid_pr 0.9829 | valid_criterion 6.4664 | score 0.3534
2025-06-03 08:31:20 - INFO - No improvement for 10 epochs
2025-06-03 08:31:22 - INFO - [Train] Epoch 00099 | train_loss 13.6724 | train_rmse 4.8514 | lr 0.010000
2025-06-03 08:31:22 - INFO - [Validate] Epoch 00099 | valid_rmse 5.2873 | valid_pr 0.9916 | valid_criterion 4.5107 | score 0.5489
2025-06-03 08:31:22 - INFO - No improvement for 11 epochs
2025-06-03 08:31:25 - INFO - [Train] Epoch 00100 | train_loss 16.8056 | train_rmse 5.4863 | lr 0.010000
2025-06-03 08:31:25 - INFO - [Validate] Epoch 00100 | valid_rmse 4.2723 | valid_pr 0.9891 | valid_criterion 6.8347 | score 0.3165
2025-06-03 08:31:25 - INFO - No improvement for 12 epochs
2025-06-03 08:31:27 - INFO - [Train] Epoch 00101 | train_loss 14.4229 | train_rmse 5.0741 | lr 0.010000
2025-06-03 08:31:27 - INFO - [Validate] Epoch 00101 | valid_rmse 5.1667 | valid_pr 0.9897 | valid_criterion 3.7483 | score 0.6252
2025-06-03 08:31:27 - INFO - No improvement for 13 epochs
2025-06-03 08:31:30 - INFO - [Train] Epoch 00102 | train_loss 19.0778 | train_rmse 5.8161 | lr 0.010000
2025-06-03 08:31:30 - INFO - [Validate] Epoch 00102 | valid_rmse 3.6192 | valid_pr 0.9941 | valid_criterion 2.7523 | score 0.7248
2025-06-03 08:31:30 - INFO - No improvement for 14 epochs
2025-06-03 08:31:32 - INFO - [Train] Epoch 00103 | train_loss 17.2221 | train_rmse 5.6737 | lr 0.010000
2025-06-03 08:31:32 - INFO - [Validate] Epoch 00103 | valid_rmse 4.6255 | valid_pr 0.9899 | valid_criterion 6.9091 | score 0.3091
2025-06-03 08:31:32 - INFO - No improvement for 15 epochs
2025-06-03 08:31:35 - INFO - [Train] Epoch 00104 | train_loss 12.7381 | train_rmse 4.5651 | lr 0.010000
2025-06-03 08:31:35 - INFO - [Validate] Epoch 00104 | valid_rmse 5.3545 | valid_pr 0.9584 | valid_criterion 6.9237 | score 0.3076
2025-06-03 08:31:35 - INFO - No improvement for 16 epochs
2025-06-03 08:31:38 - INFO - [Train] Epoch 00105 | train_loss 17.9288 | train_rmse 5.6551 | lr 0.010000
2025-06-03 08:31:38 - INFO - [Validate] Epoch 00105 | valid_rmse 4.1141 | valid_pr 0.9822 | valid_criterion 6.0914 | score 0.3909
2025-06-03 08:31:38 - INFO - No improvement for 17 epochs
2025-06-03 08:31:40 - INFO - [Train] Epoch 00106 | train_loss 15.1380 | train_rmse 5.2092 | lr 0.010000
2025-06-03 08:31:40 - INFO - [Validate] Epoch 00106 | valid_rmse 3.7165 | valid_pr 0.9934 | valid_criterion 1.9333 | score 0.8067
2025-06-03 08:31:40 - INFO - No improvement for 18 epochs
2025-06-03 08:31:43 - INFO - [Train] Epoch 00107 | train_loss 16.3350 | train_rmse 5.4430 | lr 0.010000
2025-06-03 08:31:43 - INFO - [Validate] Epoch 00107 | valid_rmse 3.3423 | valid_pr 0.9879 | valid_criterion 4.6680 | score 0.5332
2025-06-03 08:31:43 - INFO - No improvement for 19 epochs
2025-06-03 08:31:45 - INFO - [Train] Epoch 00108 | train_loss 12.6675 | train_rmse 4.6517 | lr 0.010000
2025-06-03 08:31:45 - INFO - [Validate] Epoch 00108 | valid_rmse 6.2798 | valid_pr 0.9681 | valid_criterion 9.1359 | score 0.0864
2025-06-03 08:31:45 - INFO - No improvement for 20 epochs
2025-06-03 08:31:48 - INFO - [Train] Epoch 00109 | train_loss 15.9063 | train_rmse 5.4522 | lr 0.002000
2025-06-03 08:31:48 - INFO - [Validate] Epoch 00109 | valid_rmse 5.6529 | valid_pr 0.9781 | valid_criterion 3.8393 | score 0.6161
2025-06-03 08:31:48 - INFO - No improvement for 21 epochs
2025-06-03 08:31:50 - INFO - [Train] Epoch 00110 | train_loss 12.7935 | train_rmse 4.7429 | lr 0.002000
2025-06-03 08:31:50 - INFO - [Validate] Epoch 00110 | valid_rmse 2.9558 | valid_pr 0.9888 | valid_criterion 4.5630 | score 0.5437
2025-06-03 08:31:50 - INFO - No improvement for 22 epochs
2025-06-03 08:31:53 - INFO - [Train] Epoch 00111 | train_loss 11.1552 | train_rmse 4.2809 | lr 0.002000
2025-06-03 08:31:53 - INFO - [Validate] Epoch 00111 | valid_rmse 2.5663 | valid_pr 0.9931 | valid_criterion 4.3361 | score 0.5664
2025-06-03 08:31:53 - INFO - No improvement for 23 epochs
2025-06-03 08:31:55 - INFO - [Train] Epoch 00112 | train_loss 12.9075 | train_rmse 4.6357 | lr 0.002000
2025-06-03 08:31:55 - INFO - [Validate] Epoch 00112 | valid_rmse 2.6285 | valid_pr 0.9920 | valid_criterion 4.3022 | score 0.5698
2025-06-03 08:31:55 - INFO - No improvement for 24 epochs
2025-06-03 08:31:57 - INFO - [Train] Epoch 00113 | train_loss 10.4456 | train_rmse 4.1488 | lr 0.002000
2025-06-03 08:31:57 - INFO - [Validate] Epoch 00113 | valid_rmse 2.5590 | valid_pr 0.9936 | valid_criterion 3.8389 | score 0.6161
2025-06-03 08:31:57 - INFO - No improvement for 25 epochs
2025-06-03 08:32:00 - INFO - [Train] Epoch 00114 | train_loss 12.5672 | train_rmse 4.6125 | lr 0.002000
2025-06-03 08:32:00 - INFO - [Validate] Epoch 00114 | valid_rmse 2.2452 | valid_pr 0.9959 | valid_criterion 3.0700 | score 0.6930
2025-06-03 08:32:00 - INFO - No improvement for 26 epochs
2025-06-03 08:32:02 - INFO - [Train] Epoch 00115 | train_loss 10.7166 | train_rmse 4.1918 | lr 0.002000
2025-06-03 08:32:02 - INFO - [Validate] Epoch 00115 | valid_rmse 2.6407 | valid_pr 0.9948 | valid_criterion 3.1707 | score 0.6829
2025-06-03 08:32:02 - INFO - No improvement for 27 epochs
2025-06-03 08:32:05 - INFO - [Train] Epoch 00116 | train_loss 11.6940 | train_rmse 4.3765 | lr 0.002000
2025-06-03 08:32:05 - INFO - [Validate] Epoch 00116 | valid_rmse 2.6032 | valid_pr 0.9960 | valid_criterion 3.8002 | score 0.6200
2025-06-03 08:32:05 - INFO - No improvement for 28 epochs
2025-06-03 08:32:07 - INFO - [Train] Epoch 00117 | train_loss 13.0157 | train_rmse 4.7429 | lr 0.002000
2025-06-03 08:32:07 - INFO - [Validate] Epoch 00117 | valid_rmse 2.2432 | valid_pr 0.9961 | valid_criterion 2.3095 | score 0.7690
2025-06-03 08:32:07 - INFO - No improvement for 29 epochs
2025-06-03 08:32:10 - INFO - [Train] Epoch 00118 | train_loss 13.4583 | train_rmse 4.8708 | lr 0.002000
2025-06-03 08:32:10 - INFO - [Validate] Epoch 00118 | valid_rmse 2.6657 | valid_pr 0.9939 | valid_criterion 4.1029 | score 0.5897
2025-06-03 08:32:10 - INFO - No improvement for 30 epochs
2025-06-03 08:32:12 - INFO - [Train] Epoch 00119 | train_loss 11.5609 | train_rmse 4.4264 | lr 0.002000
2025-06-03 08:32:12 - INFO - [Validate] Epoch 00119 | valid_rmse 2.2593 | valid_pr 0.9948 | valid_criterion 2.6221 | score 0.7378
2025-06-03 08:32:12 - INFO - No improvement for 31 epochs
2025-06-03 08:32:14 - INFO - [Train] Epoch 00120 | train_loss 10.2721 | train_rmse 4.0584 | lr 0.002000
2025-06-03 08:32:14 - INFO - [Validate] Epoch 00120 | valid_rmse 2.7272 | valid_pr 0.9934 | valid_criterion 3.9317 | score 0.6068
2025-06-03 08:32:14 - INFO - No improvement for 32 epochs
2025-06-03 08:32:17 - INFO - [Train] Epoch 00121 | train_loss 11.3298 | train_rmse 4.3982 | lr 0.002000
2025-06-03 08:32:17 - INFO - [Validate] Epoch 00121 | valid_rmse 2.9540 | valid_pr 0.9932 | valid_criterion 4.6968 | score 0.5303
2025-06-03 08:32:17 - INFO - No improvement for 33 epochs
2025-06-03 08:32:19 - INFO - [Train] Epoch 00122 | train_loss 11.7278 | train_rmse 4.5280 | lr 0.002000
2025-06-03 08:32:19 - INFO - [Validate] Epoch 00122 | valid_rmse 2.8928 | valid_pr 0.9954 | valid_criterion 3.5545 | score 0.6445
2025-06-03 08:32:19 - INFO - No improvement for 34 epochs
2025-06-03 08:32:22 - INFO - [Train] Epoch 00123 | train_loss 10.3888 | train_rmse 4.1062 | lr 0.002000
2025-06-03 08:32:22 - INFO - [Validate] Epoch 00123 | valid_rmse 2.3083 | valid_pr 0.9924 | valid_criterion 2.9651 | score 0.7035
2025-06-03 08:32:22 - INFO - No improvement for 35 epochs
2025-06-03 08:32:24 - INFO - [Train] Epoch 00124 | train_loss 12.3081 | train_rmse 4.6363 | lr 0.002000
2025-06-03 08:32:24 - INFO - [Validate] Epoch 00124 | valid_rmse 2.6615 | valid_pr 0.9941 | valid_criterion 4.5038 | score 0.5496
2025-06-03 08:32:24 - INFO - No improvement for 36 epochs
2025-06-03 08:32:27 - INFO - [Train] Epoch 00125 | train_loss 10.5888 | train_rmse 4.2732 | lr 0.002000
2025-06-03 08:32:27 - INFO - [Validate] Epoch 00125 | valid_rmse 2.3464 | valid_pr 0.9939 | valid_criterion 3.2918 | score 0.6708
2025-06-03 08:32:27 - INFO - No improvement for 37 epochs
2025-06-03 08:32:29 - INFO - [Train] Epoch 00126 | train_loss 10.9217 | train_rmse 4.2478 | lr 0.002000
2025-06-03 08:32:29 - INFO - [Validate] Epoch 00126 | valid_rmse 2.6345 | valid_pr 0.9932 | valid_criterion 3.7855 | score 0.6214
2025-06-03 08:32:29 - INFO - No improvement for 38 epochs
2025-06-03 08:32:32 - INFO - [Train] Epoch 00127 | train_loss 12.5694 | train_rmse 4.6019 | lr 0.002000
2025-06-03 08:32:32 - INFO - [Validate] Epoch 00127 | valid_rmse 2.3090 | valid_pr 0.9945 | valid_criterion 2.9997 | score 0.7000
2025-06-03 08:32:32 - INFO - No improvement for 39 epochs
2025-06-03 08:32:34 - INFO - [Train] Epoch 00128 | train_loss 11.3063 | train_rmse 4.4157 | lr 0.002000
2025-06-03 08:32:34 - INFO - [Validate] Epoch 00128 | valid_rmse 2.7292 | valid_pr 0.9959 | valid_criterion 3.6481 | score 0.6352
2025-06-03 08:32:34 - INFO - No improvement for 40 epochs
2025-06-03 08:32:37 - INFO - [Train] Epoch 00129 | train_loss 12.8586 | train_rmse 4.6632 | lr 0.002000
2025-06-03 08:32:37 - INFO - [Validate] Epoch 00129 | valid_rmse 2.2458 | valid_pr 0.9949 | valid_criterion 3.0589 | score 0.6941
2025-06-03 08:32:37 - INFO - No improvement for 41 epochs
2025-06-03 08:32:39 - INFO - [Train] Epoch 00130 | train_loss 12.4755 | train_rmse 4.7166 | lr 0.000400
2025-06-03 08:32:39 - INFO - [Validate] Epoch 00130 | valid_rmse 2.7253 | valid_pr 0.9913 | valid_criterion 3.5092 | score 0.6491
2025-06-03 08:32:39 - INFO - No improvement for 42 epochs
2025-06-03 08:32:42 - INFO - [Train] Epoch 00131 | train_loss 10.2550 | train_rmse 4.1030 | lr 0.000400
2025-06-03 08:32:42 - INFO - [Validate] Epoch 00131 | valid_rmse 2.1775 | valid_pr 0.9940 | valid_criterion 2.5971 | score 0.7403
2025-06-03 08:32:42 - INFO - No improvement for 43 epochs
2025-06-03 08:32:44 - INFO - [Train] Epoch 00132 | train_loss 8.6768 | train_rmse 3.7479 | lr 0.000400
2025-06-03 08:32:44 - INFO - [Validate] Epoch 00132 | valid_rmse 2.8699 | valid_pr 0.9935 | valid_criterion 4.3279 | score 0.5672
2025-06-03 08:32:44 - INFO - No improvement for 44 epochs
2025-06-03 08:32:46 - INFO - [Train] Epoch 00133 | train_loss 8.1664 | train_rmse 3.4902 | lr 0.000400
2025-06-03 08:32:46 - INFO - [Validate] Epoch 00133 | valid_rmse 2.2731 | valid_pr 0.9942 | valid_criterion 3.0740 | score 0.6926
2025-06-03 08:32:46 - INFO - No improvement for 45 epochs
2025-06-03 08:32:49 - INFO - [Train] Epoch 00134 | train_loss 9.3008 | train_rmse 3.9154 | lr 0.000400
2025-06-03 08:32:49 - INFO - [Validate] Epoch 00134 | valid_rmse 2.9721 | valid_pr 0.9939 | valid_criterion 3.8736 | score 0.6126
2025-06-03 08:32:49 - INFO - No improvement for 46 epochs
2025-06-03 08:32:51 - INFO - [Train] Epoch 00135 | train_loss 11.6098 | train_rmse 4.4680 | lr 0.000400
2025-06-03 08:32:51 - INFO - [Validate] Epoch 00135 | valid_rmse 2.5040 | valid_pr 0.9943 | valid_criterion 3.5407 | score 0.6459
2025-06-03 08:32:51 - INFO - No improvement for 47 epochs
2025-06-03 08:32:54 - INFO - [Train] Epoch 00136 | train_loss 7.6908 | train_rmse 3.4523 | lr 0.000400
2025-06-03 08:32:54 - INFO - [Validate] Epoch 00136 | valid_rmse 2.6342 | valid_pr 0.9934 | valid_criterion 3.6862 | score 0.6314
2025-06-03 08:32:54 - INFO - No improvement for 48 epochs
2025-06-03 08:32:56 - INFO - [Train] Epoch 00137 | train_loss 12.3123 | train_rmse 4.7004 | lr 0.000400
2025-06-03 08:32:56 - INFO - [Validate] Epoch 00137 | valid_rmse 2.3657 | valid_pr 0.9941 | valid_criterion 3.3519 | score 0.6648
2025-06-03 08:32:56 - INFO - No improvement for 49 epochs
2025-06-03 08:32:59 - INFO - [Train] Epoch 00138 | train_loss 12.9845 | train_rmse 4.6854 | lr 0.000400
2025-06-03 08:32:59 - INFO - [Validate] Epoch 00138 | valid_rmse 2.2281 | valid_pr 0.9938 | valid_criterion 3.1190 | score 0.6881
2025-06-03 08:32:59 - INFO - No improvement for 50 epochs
2025-06-03 08:33:01 - INFO - [Train] Epoch 00139 | train_loss 10.1253 | train_rmse 3.9424 | lr 0.000400
2025-06-03 08:33:01 - INFO - [Validate] Epoch 00139 | valid_rmse 2.4928 | valid_pr 0.9928 | valid_criterion 3.3885 | score 0.6612
2025-06-03 08:33:01 - INFO - No improvement for 51 epochs
2025-06-03 08:33:03 - INFO - [Train] Epoch 00140 | train_loss 11.9093 | train_rmse 4.4268 | lr 0.000400
2025-06-03 08:33:03 - INFO - [Validate] Epoch 00140 | valid_rmse 2.5497 | valid_pr 0.9952 | valid_criterion 3.5852 | score 0.6415
2025-06-03 08:33:03 - INFO - No improvement for 52 epochs
2025-06-03 08:33:06 - INFO - [Train] Epoch 00141 | train_loss 8.1149 | train_rmse 3.4442 | lr 0.000400
2025-06-03 08:33:06 - INFO - [Validate] Epoch 00141 | valid_rmse 2.5025 | valid_pr 0.9926 | valid_criterion 3.4236 | score 0.6576
2025-06-03 08:33:06 - INFO - No improvement for 53 epochs
2025-06-03 08:33:08 - INFO - [Train] Epoch 00142 | train_loss 9.6210 | train_rmse 3.9770 | lr 0.000400
2025-06-03 08:33:08 - INFO - [Validate] Epoch 00142 | valid_rmse 2.3648 | valid_pr 0.9945 | valid_criterion 3.4722 | score 0.6528
2025-06-03 08:33:08 - INFO - No improvement for 54 epochs
2025-06-03 08:33:11 - INFO - [Train] Epoch 00143 | train_loss 9.1968 | train_rmse 3.8366 | lr 0.000400
2025-06-03 08:33:11 - INFO - [Validate] Epoch 00143 | valid_rmse 2.5642 | valid_pr 0.9950 | valid_criterion 3.3566 | score 0.6643
2025-06-03 08:33:11 - INFO - No improvement for 55 epochs
2025-06-03 08:33:13 - INFO - [Train] Epoch 00144 | train_loss 9.8299 | train_rmse 3.9514 | lr 0.000400
2025-06-03 08:33:13 - INFO - [Validate] Epoch 00144 | valid_rmse 2.2387 | valid_pr 0.9941 | valid_criterion 2.9591 | score 0.7041
2025-06-03 08:33:13 - INFO - No improvement for 56 epochs
2025-06-03 08:33:16 - INFO - [Train] Epoch 00145 | train_loss 9.1009 | train_rmse 3.8238 | lr 0.000400
2025-06-03 08:33:16 - INFO - [Validate] Epoch 00145 | valid_rmse 2.1167 | valid_pr 0.9945 | valid_criterion 2.7152 | score 0.7285
2025-06-03 08:33:16 - INFO - No improvement for 57 epochs
2025-06-03 08:33:18 - INFO - [Train] Epoch 00146 | train_loss 9.1964 | train_rmse 3.7838 | lr 0.000400
2025-06-03 08:33:18 - INFO - [Validate] Epoch 00146 | valid_rmse 2.5363 | valid_pr 0.9945 | valid_criterion 3.4968 | score 0.6503
2025-06-03 08:33:18 - INFO - No improvement for 58 epochs
2025-06-03 08:33:20 - INFO - [Train] Epoch 00147 | train_loss 9.7631 | train_rmse 3.8766 | lr 0.000400
2025-06-03 08:33:20 - INFO - [Validate] Epoch 00147 | valid_rmse 2.3411 | valid_pr 0.9958 | valid_criterion 3.1122 | score 0.6888
2025-06-03 08:33:20 - INFO - No improvement for 59 epochs
2025-06-03 08:33:23 - INFO - [Train] Epoch 00148 | train_loss 9.2678 | train_rmse 3.8848 | lr 0.000400
2025-06-03 08:33:23 - INFO - [Validate] Epoch 00148 | valid_rmse 2.2739 | valid_pr 0.9937 | valid_criterion 3.0376 | score 0.6962
2025-06-03 08:33:23 - INFO - No improvement for 60 epochs
2025-06-03 08:33:25 - INFO - [Train] Epoch 00149 | train_loss 12.5297 | train_rmse 4.7279 | lr 0.000400
2025-06-03 08:33:25 - INFO - [Validate] Epoch 00149 | valid_rmse 2.2803 | valid_pr 0.9947 | valid_criterion 3.2418 | score 0.6758
2025-06-03 08:33:25 - INFO - No improvement for 61 epochs
2025-06-03 08:33:28 - INFO - [Train] Epoch 00150 | train_loss 8.9338 | train_rmse 3.6968 | lr 0.000400
2025-06-03 08:33:28 - INFO - [Validate] Epoch 00150 | valid_rmse 2.5926 | valid_pr 0.9954 | valid_criterion 3.3029 | score 0.6697
2025-06-03 08:33:28 - INFO - No improvement for 62 epochs
2025-06-03 08:33:30 - INFO - [Train] Epoch 00151 | train_loss 11.2377 | train_rmse 4.3208 | lr 0.000400
2025-06-03 08:33:30 - INFO - [Validate] Epoch 00151 | valid_rmse 2.3654 | valid_pr 0.9935 | valid_criterion 3.1014 | score 0.6899
2025-06-03 08:33:30 - INFO - No improvement for 63 epochs
2025-06-03 08:33:33 - INFO - [Train] Epoch 00152 | train_loss 10.5281 | train_rmse 4.1817 | lr 0.000400
2025-06-03 08:33:33 - INFO - [Validate] Epoch 00152 | valid_rmse 2.4146 | valid_pr 0.9950 | valid_criterion 2.3384 | score 0.7662
2025-06-03 08:33:33 - INFO - No improvement for 64 epochs
2025-06-03 08:33:35 - INFO - [Train] Epoch 00153 | train_loss 11.2693 | train_rmse 4.3662 | lr 0.000400
2025-06-03 08:33:35 - INFO - [Validate] Epoch 00153 | valid_rmse 2.1862 | valid_pr 0.9947 | valid_criterion 3.1522 | score 0.6848
2025-06-03 08:33:35 - INFO - No improvement for 65 epochs
2025-06-03 08:33:38 - INFO - [Train] Epoch 00154 | train_loss 10.8047 | train_rmse 4.3444 | lr 0.000400
2025-06-03 08:33:38 - INFO - [Validate] Epoch 00154 | valid_rmse 2.1335 | valid_pr 0.9943 | valid_criterion 3.1131 | score 0.6887
2025-06-03 08:33:38 - INFO - No improvement for 66 epochs
2025-06-03 08:33:40 - INFO - [Train] Epoch 00155 | train_loss 15.3375 | train_rmse 5.2300 | lr 0.000400
2025-06-03 08:33:40 - INFO - [Validate] Epoch 00155 | valid_rmse 2.5984 | valid_pr 0.9940 | valid_criterion 3.7479 | score 0.6252
2025-06-03 08:33:40 - INFO - No improvement for 67 epochs
2025-06-03 08:33:43 - INFO - [Train] Epoch 00156 | train_loss 9.1475 | train_rmse 3.8822 | lr 0.000400
2025-06-03 08:33:43 - INFO - [Validate] Epoch 00156 | valid_rmse 2.4185 | valid_pr 0.9943 | valid_criterion 3.2642 | score 0.6736
2025-06-03 08:33:43 - INFO - No improvement for 68 epochs
2025-06-03 08:33:45 - INFO - [Train] Epoch 00157 | train_loss 8.9326 | train_rmse 3.7217 | lr 0.000400
2025-06-03 08:33:45 - INFO - [Validate] Epoch 00157 | valid_rmse 2.5876 | valid_pr 0.9932 | valid_criterion 3.6652 | score 0.6335
2025-06-03 08:33:45 - INFO - No improvement for 69 epochs
2025-06-03 08:33:47 - INFO - [Train] Epoch 00158 | train_loss 9.7580 | train_rmse 4.0296 | lr 0.000400
2025-06-03 08:33:47 - INFO - [Validate] Epoch 00158 | valid_rmse 2.5696 | valid_pr 0.9945 | valid_criterion 3.4277 | score 0.6572
2025-06-03 08:33:47 - INFO - No improvement for 70 epochs
2025-06-03 08:33:50 - INFO - [Train] Epoch 00159 | train_loss 9.1059 | train_rmse 3.8445 | lr 0.000400
2025-06-03 08:33:50 - INFO - [Validate] Epoch 00159 | valid_rmse 2.1918 | valid_pr 0.9954 | valid_criterion 2.9631 | score 0.7037
2025-06-03 08:33:50 - INFO - No improvement for 71 epochs
2025-06-03 08:33:52 - INFO - [Train] Epoch 00160 | train_loss 11.5990 | train_rmse 4.4674 | lr 0.000400
2025-06-03 08:33:52 - INFO - [Validate] Epoch 00160 | valid_rmse 2.3096 | valid_pr 0.9945 | valid_criterion 2.6724 | score 0.7328
2025-06-03 08:33:52 - INFO - No improvement for 72 epochs
2025-06-03 08:33:55 - INFO - [Train] Epoch 00161 | train_loss 10.3267 | train_rmse 4.1858 | lr 0.000400
2025-06-03 08:33:55 - INFO - [Validate] Epoch 00161 | valid_rmse 2.2746 | valid_pr 0.9940 | valid_criterion 3.1545 | score 0.6845
2025-06-03 08:33:55 - INFO - No improvement for 73 epochs
2025-06-03 08:33:57 - INFO - [Train] Epoch 00162 | train_loss 9.6108 | train_rmse 3.9960 | lr 0.000400
2025-06-03 08:33:57 - INFO - [Validate] Epoch 00162 | valid_rmse 2.6314 | valid_pr 0.9959 | valid_criterion 3.5869 | score 0.6413
2025-06-03 08:33:57 - INFO - No improvement for 74 epochs
2025-06-03 08:34:00 - INFO - [Train] Epoch 00163 | train_loss 7.9715 | train_rmse 3.4214 | lr 0.000400
2025-06-03 08:34:00 - INFO - [Validate] Epoch 00163 | valid_rmse 2.5773 | valid_pr 0.9931 | valid_criterion 3.7082 | score 0.6292
2025-06-03 08:34:00 - INFO - No improvement for 75 epochs
2025-06-03 08:34:02 - INFO - [Train] Epoch 00164 | train_loss 10.8220 | train_rmse 4.2872 | lr 0.000400
2025-06-03 08:34:02 - INFO - [Validate] Epoch 00164 | valid_rmse 2.1464 | valid_pr 0.9954 | valid_criterion 2.2748 | score 0.7725
2025-06-03 08:34:02 - INFO - No improvement for 76 epochs
2025-06-03 08:34:04 - INFO - [Train] Epoch 00165 | train_loss 9.1066 | train_rmse 3.7034 | lr 0.000400
2025-06-03 08:34:04 - INFO - [Validate] Epoch 00165 | valid_rmse 2.4104 | valid_pr 0.9936 | valid_criterion 3.6411 | score 0.6359
2025-06-03 08:34:04 - INFO - No improvement for 77 epochs
2025-06-03 08:34:07 - INFO - [Train] Epoch 00166 | train_loss 8.8747 | train_rmse 3.7110 | lr 0.000080
2025-06-03 08:34:07 - INFO - [Validate] Epoch 00166 | valid_rmse 2.4713 | valid_pr 0.9946 | valid_criterion 3.5176 | score 0.6482
2025-06-03 08:34:07 - INFO - No improvement for 78 epochs
2025-06-03 08:34:09 - INFO - [Train] Epoch 00167 | train_loss 10.8570 | train_rmse 4.3054 | lr 0.000080
2025-06-03 08:34:09 - INFO - [Validate] Epoch 00167 | valid_rmse 2.3177 | valid_pr 0.9954 | valid_criterion 3.4470 | score 0.6553
2025-06-03 08:34:09 - INFO - No improvement for 79 epochs
2025-06-03 08:34:12 - INFO - [Train] Epoch 00168 | train_loss 8.2302 | train_rmse 3.4821 | lr 0.000080
2025-06-03 08:34:12 - INFO - [Validate] Epoch 00168 | valid_rmse 2.6932 | valid_pr 0.9951 | valid_criterion 3.9936 | score 0.6006
2025-06-03 08:34:12 - INFO - No improvement for 80 epochs
2025-06-03 08:34:14 - INFO - [Train] Epoch 00169 | train_loss 8.6785 | train_rmse 3.7365 | lr 0.000080
2025-06-03 08:34:14 - INFO - [Validate] Epoch 00169 | valid_rmse 2.8788 | valid_pr 0.9953 | valid_criterion 4.1247 | score 0.5875
2025-06-03 08:34:14 - INFO - No improvement for 81 epochs
2025-06-03 08:34:17 - INFO - [Train] Epoch 00170 | train_loss 8.9175 | train_rmse 3.7602 | lr 0.000080
2025-06-03 08:34:17 - INFO - [Validate] Epoch 00170 | valid_rmse 2.1035 | valid_pr 0.9953 | valid_criterion 2.6351 | score 0.7365
2025-06-03 08:34:17 - INFO - No improvement for 82 epochs
2025-06-03 08:34:19 - INFO - [Train] Epoch 00171 | train_loss 10.1337 | train_rmse 4.1438 | lr 0.000080
2025-06-03 08:34:19 - INFO - [Validate] Epoch 00171 | valid_rmse 3.0854 | valid_pr 0.9943 | valid_criterion 4.6601 | score 0.5340
2025-06-03 08:34:19 - INFO - No improvement for 83 epochs
2025-06-03 08:34:21 - INFO - [Train] Epoch 00172 | train_loss 9.9552 | train_rmse 4.0145 | lr 0.000080
2025-06-03 08:34:21 - INFO - [Validate] Epoch 00172 | valid_rmse 2.1971 | valid_pr 0.9955 | valid_criterion 3.1266 | score 0.6873
2025-06-03 08:34:21 - INFO - No improvement for 84 epochs
2025-06-03 08:34:24 - INFO - [Train] Epoch 00173 | train_loss 10.0064 | train_rmse 3.9849 | lr 0.000080
2025-06-03 08:34:24 - INFO - [Validate] Epoch 00173 | valid_rmse 2.3535 | valid_pr 0.9949 | valid_criterion 3.4328 | score 0.6567
2025-06-03 08:34:24 - INFO - No improvement for 85 epochs
2025-06-03 08:34:26 - INFO - [Train] Epoch 00174 | train_loss 10.2470 | train_rmse 4.2031 | lr 0.000080
2025-06-03 08:34:26 - INFO - [Validate] Epoch 00174 | valid_rmse 2.1565 | valid_pr 0.9948 | valid_criterion 2.7972 | score 0.7203
2025-06-03 08:34:26 - INFO - No improvement for 86 epochs
2025-06-03 08:34:29 - INFO - [Train] Epoch 00175 | train_loss 7.8018 | train_rmse 3.3833 | lr 0.000080
2025-06-03 08:34:29 - INFO - [Validate] Epoch 00175 | valid_rmse 2.1231 | valid_pr 0.9954 | valid_criterion 2.6898 | score 0.7310
2025-06-03 08:34:29 - INFO - No improvement for 87 epochs
2025-06-03 08:34:31 - INFO - [Train] Epoch 00176 | train_loss 9.2652 | train_rmse 3.7827 | lr 0.000080
2025-06-03 08:34:31 - INFO - [Validate] Epoch 00176 | valid_rmse 2.6114 | valid_pr 0.9953 | valid_criterion 3.6828 | score 0.6317
2025-06-03 08:34:31 - INFO - No improvement for 88 epochs
2025-06-03 08:34:34 - INFO - [Train] Epoch 00177 | train_loss 9.1434 | train_rmse 3.8270 | lr 0.000080
2025-06-03 08:34:34 - INFO - [Validate] Epoch 00177 | valid_rmse 2.5757 | valid_pr 0.9947 | valid_criterion 3.6238 | score 0.6376
2025-06-03 08:34:34 - INFO - No improvement for 89 epochs
2025-06-03 08:34:36 - INFO - [Train] Epoch 00178 | train_loss 7.8443 | train_rmse 3.4334 | lr 0.000080
2025-06-03 08:34:36 - INFO - [Validate] Epoch 00178 | valid_rmse 2.0593 | valid_pr 0.9954 | valid_criterion 2.8213 | score 0.7179
2025-06-03 08:34:36 - INFO - No improvement for 90 epochs
2025-06-03 08:34:39 - INFO - [Train] Epoch 00179 | train_loss 7.9638 | train_rmse 3.4281 | lr 0.000080
2025-06-03 08:34:39 - INFO - [Validate] Epoch 00179 | valid_rmse 2.3409 | valid_pr 0.9950 | valid_criterion 3.3257 | score 0.6674
2025-06-03 08:34:39 - INFO - No improvement for 91 epochs
2025-06-03 08:34:41 - INFO - [Train] Epoch 00180 | train_loss 7.8015 | train_rmse 3.4129 | lr 0.000080
2025-06-03 08:34:41 - INFO - [Validate] Epoch 00180 | valid_rmse 2.2099 | valid_pr 0.9952 | valid_criterion 2.7334 | score 0.7267
2025-06-03 08:34:41 - INFO - No improvement for 92 epochs
2025-06-03 08:34:43 - INFO - [Train] Epoch 00181 | train_loss 8.6884 | train_rmse 3.5691 | lr 0.000080
2025-06-03 08:34:43 - INFO - [Validate] Epoch 00181 | valid_rmse 2.2983 | valid_pr 0.9958 | valid_criterion 3.2100 | score 0.6790
2025-06-03 08:34:43 - INFO - No improvement for 93 epochs
2025-06-03 08:34:46 - INFO - [Train] Epoch 00182 | train_loss 9.4128 | train_rmse 3.9125 | lr 0.000080
2025-06-03 08:34:46 - INFO - [Validate] Epoch 00182 | valid_rmse 2.6407 | valid_pr 0.9947 | valid_criterion 3.7427 | score 0.6257
2025-06-03 08:34:46 - INFO - No improvement for 94 epochs
2025-06-03 08:34:48 - INFO - [Train] Epoch 00183 | train_loss 8.4992 | train_rmse 3.6423 | lr 0.000080
2025-06-03 08:34:48 - INFO - [Validate] Epoch 00183 | valid_rmse 2.1820 | valid_pr 0.9945 | valid_criterion 3.0289 | score 0.6971
2025-06-03 08:34:48 - INFO - No improvement for 95 epochs
2025-06-03 08:34:51 - INFO - [Train] Epoch 00184 | train_loss 9.4516 | train_rmse 3.9500 | lr 0.000080
2025-06-03 08:34:51 - INFO - [Validate] Epoch 00184 | valid_rmse 2.2297 | valid_pr 0.9952 | valid_criterion 3.1740 | score 0.6826
2025-06-03 08:34:51 - INFO - No improvement for 96 epochs
2025-06-03 08:34:53 - INFO - [Train] Epoch 00185 | train_loss 9.4086 | train_rmse 3.9314 | lr 0.000080
2025-06-03 08:34:53 - INFO - [Validate] Epoch 00185 | valid_rmse 2.4643 | valid_pr 0.9952 | valid_criterion 3.3034 | score 0.6697
2025-06-03 08:34:53 - INFO - No improvement for 97 epochs
2025-06-03 08:34:55 - INFO - [Train] Epoch 00186 | train_loss 11.7469 | train_rmse 4.5308 | lr 0.000080
2025-06-03 08:34:55 - INFO - [Validate] Epoch 00186 | valid_rmse 2.1888 | valid_pr 0.9954 | valid_criterion 2.8277 | score 0.7172
2025-06-03 08:34:55 - INFO - No improvement for 98 epochs
2025-06-03 08:34:58 - INFO - [Train] Epoch 00187 | train_loss 9.1755 | train_rmse 3.7891 | lr 0.000080
2025-06-03 08:34:58 - INFO - [Validate] Epoch 00187 | valid_rmse 2.2240 | valid_pr 0.9953 | valid_criterion 2.9787 | score 0.7021
2025-06-03 08:34:58 - INFO - No improvement for 99 epochs
2025-06-03 08:35:00 - INFO - [Train] Epoch 00188 | train_loss 8.4733 | train_rmse 3.5624 | lr 0.000080
2025-06-03 08:35:00 - INFO - [Validate] Epoch 00188 | valid_rmse 2.0783 | valid_pr 0.9948 | valid_criterion 2.6025 | score 0.7398
2025-06-03 08:35:00 - INFO - No improvement for 100 epochs
2025-06-03 08:35:00 - INFO - Early stopping triggered. No improvement for 100 epochs
2025-06-03 08:35:00 - INFO - Best model was saved at epoch 88
2025-06-03 08:35:01 - INFO - [Validate] Epoch 00188 | valid_rmse1 2.221362 | valid_pr1 0.993292 | valid_criterion 1.433710
