2025-06-10 05:55:58 - INFO - /inspire/ssd/ws-f4d69b29-e0a5-44e6-bd92-acf4de9990f0/public-project/hurenling-241310070200/LamNet/LamNet/01.1_train.py
2025-06-10 05:55:58 - INFO - train data: 968
2025-06-10 05:55:58 - INFO - valid data: 198
2025-06-10 05:55:58 - INFO - Total parameters: 1212803
2025-06-10 05:55:58 - INFO - Trainable parameters: 1212803
2025-06-10 05:56:01 - INFO - [Train] Epoch 00000 | train_loss 746.8911 | train_rmse 41.7472 | lr 0.000201
2025-06-10 05:56:01 - INFO - [Validate] Epoch 00000 | valid_rmse 41.5942 | valid_pr 0.2174 | valid_criterion 21.1504 | score -1.1150
2025-06-10 05:56:01 - INFO - [Validate] Best score achieved: -1.115042
2025-06-10 05:56:04 - INFO - [Train] Epoch 00001 | train_loss 738.2280 | train_rmse 41.6371 | lr 0.000401
2025-06-10 05:56:04 - INFO - [Validate] Epoch 00001 | valid_rmse 40.0392 | valid_pr 0.0847 | valid_criterion 19.2402 | score -0.9240
2025-06-10 05:56:04 - INFO - [Validate] Best score achieved: -0.924021
2025-06-10 05:56:07 - INFO - [Train] Epoch 00002 | train_loss 689.4857 | train_rmse 40.7871 | lr 0.000601
2025-06-10 05:56:07 - INFO - [Validate] Epoch 00002 | valid_rmse 46.6007 | valid_pr 0.2435 | valid_criterion 41.2038 | score -3.1204
2025-06-10 05:56:07 - INFO - No improvement for 1 epochs
2025-06-10 05:56:09 - INFO - [Train] Epoch 00003 | train_loss 607.8119 | train_rmse 39.4119 | lr 0.000801
2025-06-10 05:56:09 - INFO - [Validate] Epoch 00003 | valid_rmse 34.1825 | valid_pr 0.7338 | valid_criterion 22.2491 | score -1.2249
2025-06-10 05:56:09 - INFO - No improvement for 2 epochs
2025-06-10 05:56:12 - INFO - [Train] Epoch 00004 | train_loss 548.0518 | train_rmse 39.1025 | lr 0.001001
2025-06-10 05:56:12 - INFO - [Validate] Epoch 00004 | valid_rmse 29.8291 | valid_pr 0.8095 | valid_criterion 15.2016 | score -0.5202
2025-06-10 05:56:12 - INFO - [Validate] Best score achieved: -0.520157
2025-06-10 05:56:15 - INFO - [Train] Epoch 00005 | train_loss 478.7088 | train_rmse 40.1626 | lr 0.001201
2025-06-10 05:56:15 - INFO - [Validate] Epoch 00005 | valid_rmse 55.6784 | valid_pr 0.6191 | valid_criterion 36.3838 | score -2.6384
2025-06-10 05:56:15 - INFO - No improvement for 1 epochs
2025-06-10 05:56:18 - INFO - [Train] Epoch 00006 | train_loss 451.4522 | train_rmse 37.8127 | lr 0.001401
2025-06-10 05:56:18 - INFO - [Validate] Epoch 00006 | valid_rmse 38.0136 | valid_pr 0.1774 | valid_criterion 41.3454 | score -3.1345
2025-06-10 05:56:18 - INFO - No improvement for 2 epochs
2025-06-10 05:56:20 - INFO - [Train] Epoch 00007 | train_loss 282.0918 | train_rmse 40.5973 | lr 0.001601
2025-06-10 05:56:20 - INFO - [Validate] Epoch 00007 | valid_rmse 65.6097 | valid_pr 0.3060 | valid_criterion 63.9001 | score -5.3900
2025-06-10 05:56:20 - INFO - No improvement for 3 epochs
2025-06-10 05:56:23 - INFO - [Train] Epoch 00008 | train_loss 231.2658 | train_rmse 42.9720 | lr 0.001801
2025-06-10 05:56:23 - INFO - [Validate] Epoch 00008 | valid_rmse 81.1608 | valid_pr 0.2576 | valid_criterion 93.5850 | score -8.3585
2025-06-10 05:56:23 - INFO - No improvement for 4 epochs
2025-06-10 05:56:26 - INFO - [Train] Epoch 00009 | train_loss 134.6843 | train_rmse 46.0613 | lr 0.002001
2025-06-10 05:56:26 - INFO - [Validate] Epoch 00009 | valid_rmse 131.0599 | valid_pr 0.1573 | valid_criterion 262.8364 | score -25.2836
2025-06-10 05:56:26 - INFO - No improvement for 5 epochs
2025-06-10 05:56:28 - INFO - [Train] Epoch 00010 | train_loss 291.0395 | train_rmse 39.2070 | lr 0.002201
2025-06-10 05:56:28 - INFO - [Validate] Epoch 00010 | valid_rmse 31.0721 | valid_pr 0.6761 | valid_criterion 17.1570 | score -0.7157
2025-06-10 05:56:28 - INFO - No improvement for 6 epochs
2025-06-10 05:56:31 - INFO - [Train] Epoch 00011 | train_loss 114.0752 | train_rmse 26.1958 | lr 0.002401
2025-06-10 05:56:31 - INFO - [Validate] Epoch 00011 | valid_rmse 62.1433 | valid_pr 0.6114 | valid_criterion 27.7642 | score -1.7764
2025-06-10 05:56:31 - INFO - No improvement for 7 epochs
2025-06-10 05:56:34 - INFO - [Train] Epoch 00012 | train_loss 63.1369 | train_rmse 12.6398 | lr 0.002601
2025-06-10 05:56:34 - INFO - [Validate] Epoch 00012 | valid_rmse 20.0878 | valid_pr 0.8219 | valid_criterion 34.5762 | score -2.4576
2025-06-10 05:56:34 - INFO - No improvement for 8 epochs
2025-06-10 05:56:37 - INFO - [Train] Epoch 00013 | train_loss 29.6733 | train_rmse 17.2110 | lr 0.002801
2025-06-10 05:56:37 - INFO - [Validate] Epoch 00013 | valid_rmse 25.1086 | valid_pr 0.3603 | valid_criterion 28.2918 | score -1.8292
2025-06-10 05:56:37 - INFO - No improvement for 9 epochs
2025-06-10 05:56:40 - INFO - [Train] Epoch 00014 | train_loss -46.9192 | train_rmse 36.4883 | lr 0.003001
2025-06-10 05:56:40 - INFO - [Validate] Epoch 00014 | valid_rmse 31.5383 | valid_pr 0.1824 | valid_criterion 49.7005 | score -3.9700
2025-06-10 05:56:40 - INFO - No improvement for 10 epochs
2025-06-10 05:56:42 - INFO - [Train] Epoch 00015 | train_loss -161.6886 | train_rmse 40.1474 | lr 0.003201
2025-06-10 05:56:42 - INFO - [Validate] Epoch 00015 | valid_rmse 43.3198 | valid_pr -0.2511 | valid_criterion 43.5307 | score -3.3531
2025-06-10 05:56:42 - INFO - No improvement for 11 epochs
2025-06-10 05:56:45 - INFO - [Train] Epoch 00016 | train_loss -313.2201 | train_rmse 50.1049 | lr 0.003401
2025-06-10 05:56:45 - INFO - [Validate] Epoch 00016 | valid_rmse 20.1497 | valid_pr 0.5996 | valid_criterion 19.0914 | score -0.9091
2025-06-10 05:56:45 - INFO - No improvement for 12 epochs
2025-06-10 05:56:48 - INFO - [Train] Epoch 00017 | train_loss -595.0314 | train_rmse 68.3219 | lr 0.003601
2025-06-10 05:56:48 - INFO - [Validate] Epoch 00017 | valid_rmse 113.6346 | valid_pr 0.0372 | valid_criterion 192.1650 | score -18.2165
2025-06-10 05:56:48 - INFO - No improvement for 13 epochs
2025-06-10 05:56:51 - INFO - [Train] Epoch 00018 | train_loss -2943.3950 | train_rmse 93.5382 | lr 0.003801
2025-06-10 05:56:51 - INFO - [Validate] Epoch 00018 | valid_rmse 101.8051 | valid_pr -0.0369 | valid_criterion 192.8142 | score -18.2814
2025-06-10 05:56:51 - INFO - No improvement for 14 epochs
2025-06-10 05:56:54 - INFO - [Train] Epoch 00019 | train_loss -2164.5213 | train_rmse 106.4383 | lr 0.004001
2025-06-10 05:56:54 - INFO - [Validate] Epoch 00019 | valid_rmse 111.0805 | valid_pr 0.1152 | valid_criterion 265.6153 | score -25.5615
2025-06-10 05:56:54 - INFO - No improvement for 15 epochs
2025-06-10 05:56:56 - INFO - [Train] Epoch 00020 | train_loss -7395.0613 | train_rmse 158.0892 | lr 0.004201
2025-06-10 05:56:56 - INFO - [Validate] Epoch 00020 | valid_rmse 156.6931 | valid_pr 0.0743 | valid_criterion 491.2231 | score -48.1223
2025-06-10 05:56:56 - INFO - No improvement for 16 epochs
2025-06-10 05:56:59 - INFO - [Train] Epoch 00021 | train_loss -3496.3602 | train_rmse 170.4660 | lr 0.004401
2025-06-10 05:56:59 - INFO - [Validate] Epoch 00021 | valid_rmse 712.2561 | valid_pr -0.0331 | valid_criterion 1147.1491 | score -113.7149
2025-06-10 05:56:59 - INFO - No improvement for 17 epochs
2025-06-10 05:57:01 - INFO - [Train] Epoch 00022 | train_loss 1843.7723 | train_rmse 78.4008 | lr 0.004601
2025-06-10 05:57:01 - INFO - [Validate] Epoch 00022 | valid_rmse 369.1522 | valid_pr -0.0110 | valid_criterion 487.8112 | score -47.7811
2025-06-10 05:57:01 - INFO - No improvement for 18 epochs
2025-06-10 05:57:04 - INFO - [Train] Epoch 00023 | train_loss 322.2843 | train_rmse 28.9775 | lr 0.004801
2025-06-10 05:57:04 - INFO - [Validate] Epoch 00023 | valid_rmse 112.1526 | valid_pr 0.1187 | valid_criterion 246.1582 | score -23.6158
2025-06-10 05:57:04 - INFO - No improvement for 19 epochs
2025-06-10 05:57:07 - INFO - [Train] Epoch 00024 | train_loss 170.8344 | train_rmse 20.6340 | lr 0.005001
2025-06-10 05:57:07 - INFO - [Validate] Epoch 00024 | valid_rmse 96.2491 | valid_pr 0.1557 | valid_criterion 234.7214 | score -22.4721
2025-06-10 05:57:07 - INFO - No improvement for 20 epochs
2025-06-10 05:57:09 - INFO - [Train] Epoch 00025 | train_loss 107.0770 | train_rmse 15.7840 | lr 0.005200
2025-06-10 05:57:09 - INFO - [Validate] Epoch 00025 | valid_rmse 17.4824 | valid_pr 0.7601 | valid_criterion 34.5246 | score -2.4525
2025-06-10 05:57:09 - INFO - No improvement for 21 epochs
2025-06-10 05:57:12 - INFO - [Train] Epoch 00026 | train_loss 70.4121 | train_rmse 12.9627 | lr 0.005400
2025-06-10 05:57:12 - INFO - [Validate] Epoch 00026 | valid_rmse 16.9520 | valid_pr 0.7441 | valid_criterion 25.9098 | score -1.5910
2025-06-10 05:57:12 - INFO - No improvement for 22 epochs
2025-06-10 05:57:15 - INFO - [Train] Epoch 00027 | train_loss 62.8505 | train_rmse 11.8606 | lr 0.005600
2025-06-10 05:57:15 - INFO - [Validate] Epoch 00027 | valid_rmse 6.0134 | valid_pr 0.9677 | valid_criterion 11.7174 | score -0.1717
2025-06-10 05:57:15 - INFO - [Validate] Best score achieved: -0.171744
2025-06-10 05:57:18 - INFO - [Train] Epoch 00028 | train_loss 57.8959 | train_rmse 12.4978 | lr 0.005800
2025-06-10 05:57:18 - INFO - [Validate] Epoch 00028 | valid_rmse 7.8817 | valid_pr 0.9437 | valid_criterion 8.4475 | score 0.1553
2025-06-10 05:57:18 - INFO - [Validate] Best score achieved: 0.155254
2025-06-10 05:57:20 - INFO - [Train] Epoch 00029 | train_loss 57.2775 | train_rmse 12.5639 | lr 0.006000
2025-06-10 05:57:20 - INFO - [Validate] Epoch 00029 | valid_rmse 10.6427 | valid_pr 0.8270 | valid_criterion 9.7843 | score 0.0216
2025-06-10 05:57:20 - INFO - No improvement for 1 epochs
2025-06-10 05:57:23 - INFO - [Train] Epoch 00030 | train_loss 48.5162 | train_rmse 11.2991 | lr 0.006200
2025-06-10 05:57:23 - INFO - [Validate] Epoch 00030 | valid_rmse 5.9607 | valid_pr 0.9495 | valid_criterion 6.5471 | score 0.3453
2025-06-10 05:57:23 - INFO - [Validate] Best score achieved: 0.345294
2025-06-10 05:57:30 - INFO - [Train] Epoch 00031 | train_loss 51.4106 | train_rmse 10.8977 | lr 0.006400
2025-06-10 05:57:30 - INFO - [Validate] Epoch 00031 | valid_rmse 6.5878 | valid_pr 0.9391 | valid_criterion 7.3260 | score 0.2674
2025-06-10 05:57:30 - INFO - No improvement for 1 epochs
2025-06-10 05:57:36 - INFO - [Train] Epoch 00032 | train_loss 53.9222 | train_rmse 10.9794 | lr 0.006600
2025-06-10 05:57:36 - INFO - [Validate] Epoch 00032 | valid_rmse 8.8819 | valid_pr 0.8969 | valid_criterion 11.1157 | score -0.1116
2025-06-10 05:57:36 - INFO - No improvement for 2 epochs
2025-06-10 05:57:43 - INFO - [Train] Epoch 00033 | train_loss 41.0214 | train_rmse 9.6930 | lr 0.006800
2025-06-10 05:57:43 - INFO - [Validate] Epoch 00033 | valid_rmse 5.5217 | valid_pr 0.9658 | valid_criterion 4.4583 | score 0.5542
2025-06-10 05:57:43 - INFO - [Validate] Best score achieved: 0.554171
2025-06-10 05:57:49 - INFO - [Train] Epoch 00034 | train_loss 46.9465 | train_rmse 10.6565 | lr 0.007000
2025-06-10 05:57:49 - INFO - [Validate] Epoch 00034 | valid_rmse 6.2457 | valid_pr 0.9437 | valid_criterion 10.9605 | score -0.0960
2025-06-10 05:57:49 - INFO - No improvement for 1 epochs
2025-06-10 05:57:54 - INFO - [Train] Epoch 00035 | train_loss 57.6023 | train_rmse 11.7551 | lr 0.007200
2025-06-10 05:57:54 - INFO - [Validate] Epoch 00035 | valid_rmse 8.1796 | valid_pr 0.9639 | valid_criterion 6.3203 | score 0.3680
2025-06-10 05:57:54 - INFO - No improvement for 2 epochs
2025-06-10 05:57:57 - INFO - [Train] Epoch 00036 | train_loss 53.0359 | train_rmse 11.1430 | lr 0.007400
2025-06-10 05:57:57 - INFO - [Validate] Epoch 00036 | valid_rmse 10.5425 | valid_pr 0.8383 | valid_criterion 12.1164 | score -0.2116
2025-06-10 05:57:57 - INFO - No improvement for 3 epochs
2025-06-10 05:57:59 - INFO - [Train] Epoch 00037 | train_loss 42.7985 | train_rmse 10.3696 | lr 0.007600
2025-06-10 05:57:59 - INFO - [Validate] Epoch 00037 | valid_rmse 9.3827 | valid_pr 0.8867 | valid_criterion 11.3687 | score -0.1369
2025-06-10 05:57:59 - INFO - No improvement for 4 epochs
2025-06-10 05:58:02 - INFO - [Train] Epoch 00038 | train_loss 38.5031 | train_rmse 9.0883 | lr 0.007800
2025-06-10 05:58:02 - INFO - [Validate] Epoch 00038 | valid_rmse 7.0527 | valid_pr 0.9278 | valid_criterion 11.0270 | score -0.1027
2025-06-10 05:58:02 - INFO - No improvement for 5 epochs
2025-06-10 05:58:05 - INFO - [Train] Epoch 00039 | train_loss 33.2006 | train_rmse 8.9815 | lr 0.008000
2025-06-10 05:58:05 - INFO - [Validate] Epoch 00039 | valid_rmse 8.8095 | valid_pr 0.9346 | valid_criterion 8.6682 | score 0.1332
2025-06-10 05:58:05 - INFO - No improvement for 6 epochs
2025-06-10 05:58:07 - INFO - [Train] Epoch 00040 | train_loss 43.2546 | train_rmse 10.2131 | lr 0.008200
2025-06-10 05:58:07 - INFO - [Validate] Epoch 00040 | valid_rmse 6.0866 | valid_pr 0.9478 | valid_criterion 3.8390 | score 0.6161
2025-06-10 05:58:07 - INFO - [Validate] Best score achieved: 0.616097
2025-06-10 05:58:10 - INFO - [Train] Epoch 00041 | train_loss 46.5682 | train_rmse 10.6383 | lr 0.008400
2025-06-10 05:58:10 - INFO - [Validate] Epoch 00041 | valid_rmse 9.7625 | valid_pr 0.8656 | valid_criterion 10.2784 | score -0.0278
2025-06-10 05:58:10 - INFO - No improvement for 1 epochs
2025-06-10 05:58:12 - INFO - [Train] Epoch 00042 | train_loss 49.6849 | train_rmse 10.8251 | lr 0.008600
2025-06-10 05:58:12 - INFO - [Validate] Epoch 00042 | valid_rmse 7.6200 | valid_pr 0.9712 | valid_criterion 5.4989 | score 0.4501
2025-06-10 05:58:12 - INFO - No improvement for 2 epochs
2025-06-10 05:58:15 - INFO - [Train] Epoch 00043 | train_loss 33.0251 | train_rmse 8.7209 | lr 0.008800
2025-06-10 05:58:15 - INFO - [Validate] Epoch 00043 | valid_rmse 16.9135 | valid_pr 0.6416 | valid_criterion 23.1422 | score -1.3142
2025-06-10 05:58:15 - INFO - No improvement for 3 epochs
2025-06-10 05:58:18 - INFO - [Train] Epoch 00044 | train_loss 46.5757 | train_rmse 10.0240 | lr 0.009000
2025-06-10 05:58:18 - INFO - [Validate] Epoch 00044 | valid_rmse 7.4387 | valid_pr 0.9252 | valid_criterion 8.7733 | score 0.1227
2025-06-10 05:58:18 - INFO - No improvement for 4 epochs
2025-06-10 05:58:20 - INFO - [Train] Epoch 00045 | train_loss 40.5305 | train_rmse 9.8266 | lr 0.009200
2025-06-10 05:58:20 - INFO - [Validate] Epoch 00045 | valid_rmse 8.3337 | valid_pr 0.8982 | valid_criterion 10.7488 | score -0.0749
2025-06-10 05:58:20 - INFO - No improvement for 5 epochs
2025-06-10 05:58:23 - INFO - [Train] Epoch 00046 | train_loss 38.8651 | train_rmse 9.1964 | lr 0.009400
2025-06-10 05:58:23 - INFO - [Validate] Epoch 00046 | valid_rmse 4.0499 | valid_pr 0.9839 | valid_criterion 5.4147 | score 0.4585
2025-06-10 05:58:23 - INFO - No improvement for 6 epochs
2025-06-10 05:58:26 - INFO - [Train] Epoch 00047 | train_loss 47.9702 | train_rmse 10.5142 | lr 0.009600
2025-06-10 05:58:26 - INFO - [Validate] Epoch 00047 | valid_rmse 6.2586 | valid_pr 0.9550 | valid_criterion 7.6013 | score 0.2399
2025-06-10 05:58:26 - INFO - No improvement for 7 epochs
2025-06-10 05:58:29 - INFO - [Train] Epoch 00048 | train_loss 34.6599 | train_rmse 8.6372 | lr 0.009800
2025-06-10 05:58:29 - INFO - [Validate] Epoch 00048 | valid_rmse 6.2055 | valid_pr 0.9506 | valid_criterion 8.1629 | score 0.1837
2025-06-10 05:58:29 - INFO - No improvement for 8 epochs
2025-06-10 05:58:32 - INFO - [Train] Epoch 00049 | train_loss 42.1687 | train_rmse 9.6464 | lr 0.010000
2025-06-10 05:58:32 - INFO - [Validate] Epoch 00049 | valid_rmse 6.8666 | valid_pr 0.9596 | valid_criterion 8.9198 | score 0.1080
2025-06-10 05:58:32 - INFO - No improvement for 9 epochs
2025-06-10 05:58:34 - INFO - [Train] Epoch 00050 | train_loss 44.2279 | train_rmse 9.6330 | lr 0.010000
2025-06-10 05:58:34 - INFO - [Validate] Epoch 00050 | valid_rmse 10.0477 | valid_pr 0.8552 | valid_criterion 14.7942 | score -0.4794
2025-06-10 05:58:34 - INFO - No improvement for 10 epochs
2025-06-10 05:58:37 - INFO - [Train] Epoch 00051 | train_loss 40.0336 | train_rmse 9.5052 | lr 0.010000
2025-06-10 05:58:37 - INFO - [Validate] Epoch 00051 | valid_rmse 6.8592 | valid_pr 0.9359 | valid_criterion 6.0084 | score 0.3992
2025-06-10 05:58:37 - INFO - No improvement for 11 epochs
2025-06-10 05:58:39 - INFO - [Train] Epoch 00052 | train_loss 35.8523 | train_rmse 8.9316 | lr 0.010000
2025-06-10 05:58:39 - INFO - [Validate] Epoch 00052 | valid_rmse 7.9208 | valid_pr 0.9088 | valid_criterion 11.9837 | score -0.1984
2025-06-10 05:58:39 - INFO - No improvement for 12 epochs
2025-06-10 05:58:42 - INFO - [Train] Epoch 00053 | train_loss 32.5636 | train_rmse 8.5503 | lr 0.010000
2025-06-10 05:58:42 - INFO - [Validate] Epoch 00053 | valid_rmse 5.2729 | valid_pr 0.9682 | valid_criterion 3.0512 | score 0.6949
2025-06-10 05:58:42 - INFO - [Validate] Best score achieved: 0.694878
2025-06-10 05:58:45 - INFO - [Train] Epoch 00054 | train_loss 37.1761 | train_rmse 9.2203 | lr 0.010000
2025-06-10 05:58:45 - INFO - [Validate] Epoch 00054 | valid_rmse 7.0352 | valid_pr 0.9488 | valid_criterion 9.3967 | score 0.0603
2025-06-10 05:58:45 - INFO - No improvement for 1 epochs
2025-06-10 05:58:47 - INFO - [Train] Epoch 00055 | train_loss 42.2962 | train_rmse 9.6612 | lr 0.010000
2025-06-10 05:58:47 - INFO - [Validate] Epoch 00055 | valid_rmse 12.9723 | valid_pr 0.7730 | valid_criterion 18.2078 | score -0.8208
2025-06-10 05:58:47 - INFO - No improvement for 2 epochs
2025-06-10 05:58:50 - INFO - [Train] Epoch 00056 | train_loss 39.6696 | train_rmse 9.1319 | lr 0.010000
2025-06-10 05:58:50 - INFO - [Validate] Epoch 00056 | valid_rmse 4.9487 | valid_pr 0.9734 | valid_criterion 2.4598 | score 0.7540
2025-06-10 05:58:50 - INFO - [Validate] Best score achieved: 0.754021
2025-06-10 05:58:53 - INFO - [Train] Epoch 00057 | train_loss 36.3549 | train_rmse 8.6330 | lr 0.010000
2025-06-10 05:58:53 - INFO - [Validate] Epoch 00057 | valid_rmse 4.2732 | valid_pr 0.9745 | valid_criterion 6.8113 | score 0.3189
2025-06-10 05:58:53 - INFO - No improvement for 1 epochs
2025-06-10 05:58:55 - INFO - [Train] Epoch 00058 | train_loss 31.8288 | train_rmse 8.2748 | lr 0.010000
2025-06-10 05:58:55 - INFO - [Validate] Epoch 00058 | valid_rmse 10.1688 | valid_pr 0.8520 | valid_criterion 13.8454 | score -0.3845
2025-06-10 05:58:55 - INFO - No improvement for 2 epochs
2025-06-10 05:58:58 - INFO - [Train] Epoch 00059 | train_loss 34.3291 | train_rmse 8.5973 | lr 0.010000
2025-06-10 05:58:58 - INFO - [Validate] Epoch 00059 | valid_rmse 8.0360 | valid_pr 0.9123 | valid_criterion 13.8470 | score -0.3847
2025-06-10 05:58:58 - INFO - No improvement for 3 epochs
2025-06-10 05:59:01 - INFO - [Train] Epoch 00060 | train_loss 39.6669 | train_rmse 9.2618 | lr 0.010000
2025-06-10 05:59:01 - INFO - [Validate] Epoch 00060 | valid_rmse 9.2877 | valid_pr 0.8892 | valid_criterion 13.7505 | score -0.3750
2025-06-10 05:59:01 - INFO - No improvement for 4 epochs
2025-06-10 05:59:03 - INFO - [Train] Epoch 00061 | train_loss 31.4007 | train_rmse 8.0479 | lr 0.010000
2025-06-10 05:59:03 - INFO - [Validate] Epoch 00061 | valid_rmse 4.0852 | valid_pr 0.9801 | valid_criterion 4.4598 | score 0.5540
2025-06-10 05:59:03 - INFO - No improvement for 5 epochs
2025-06-10 05:59:06 - INFO - [Train] Epoch 00062 | train_loss 33.1889 | train_rmse 8.5436 | lr 0.010000
2025-06-10 05:59:06 - INFO - [Validate] Epoch 00062 | valid_rmse 7.3362 | valid_pr 0.9246 | valid_criterion 6.7736 | score 0.3226
2025-06-10 05:59:06 - INFO - No improvement for 6 epochs
2025-06-10 05:59:08 - INFO - [Train] Epoch 00063 | train_loss 30.9279 | train_rmse 8.2327 | lr 0.010000
2025-06-10 05:59:08 - INFO - [Validate] Epoch 00063 | valid_rmse 5.9771 | valid_pr 0.9572 | valid_criterion 5.5188 | score 0.4481
2025-06-10 05:59:08 - INFO - No improvement for 7 epochs
2025-06-10 05:59:11 - INFO - [Train] Epoch 00064 | train_loss 32.2460 | train_rmse 8.4337 | lr 0.010000
2025-06-10 05:59:11 - INFO - [Validate] Epoch 00064 | valid_rmse 7.7054 | valid_pr 0.9150 | valid_criterion 13.7290 | score -0.3729
2025-06-10 05:59:11 - INFO - No improvement for 8 epochs
2025-06-10 05:59:14 - INFO - [Train] Epoch 00065 | train_loss 30.2216 | train_rmse 7.8744 | lr 0.010000
2025-06-10 05:59:14 - INFO - [Validate] Epoch 00065 | valid_rmse 7.7823 | valid_pr 0.9288 | valid_criterion 2.8484 | score 0.7152
2025-06-10 05:59:14 - INFO - No improvement for 9 epochs
2025-06-10 05:59:16 - INFO - [Train] Epoch 00066 | train_loss 33.3151 | train_rmse 8.5161 | lr 0.010000
2025-06-10 05:59:16 - INFO - [Validate] Epoch 00066 | valid_rmse 9.1052 | valid_pr 0.8794 | valid_criterion 15.6743 | score -0.5674
2025-06-10 05:59:16 - INFO - No improvement for 10 epochs
2025-06-10 05:59:19 - INFO - [Train] Epoch 00067 | train_loss 39.5229 | train_rmse 9.1110 | lr 0.010000
2025-06-10 05:59:19 - INFO - [Validate] Epoch 00067 | valid_rmse 7.0074 | valid_pr 0.9318 | valid_criterion 9.4112 | score 0.0589
2025-06-10 05:59:19 - INFO - No improvement for 11 epochs
2025-06-10 05:59:22 - INFO - [Train] Epoch 00068 | train_loss 33.5824 | train_rmse 8.7310 | lr 0.010000
2025-06-10 05:59:22 - INFO - [Validate] Epoch 00068 | valid_rmse 4.2978 | valid_pr 0.9759 | valid_criterion 2.7508 | score 0.7249
2025-06-10 05:59:22 - INFO - No improvement for 12 epochs
2025-06-10 05:59:25 - INFO - [Train] Epoch 00069 | train_loss 27.5968 | train_rmse 7.7993 | lr 0.010000
2025-06-10 05:59:25 - INFO - [Validate] Epoch 00069 | valid_rmse 5.0820 | valid_pr 0.9684 | valid_criterion 7.9747 | score 0.2025
2025-06-10 05:59:25 - INFO - No improvement for 13 epochs
2025-06-10 05:59:27 - INFO - [Train] Epoch 00070 | train_loss 32.3093 | train_rmse 8.3199 | lr 0.010000
2025-06-10 05:59:27 - INFO - [Validate] Epoch 00070 | valid_rmse 10.3569 | valid_pr 0.8540 | valid_criterion 20.9154 | score -1.0915
2025-06-10 05:59:27 - INFO - No improvement for 14 epochs
2025-06-10 05:59:30 - INFO - [Train] Epoch 00071 | train_loss 35.0785 | train_rmse 8.8438 | lr 0.010000
2025-06-10 05:59:30 - INFO - [Validate] Epoch 00071 | valid_rmse 6.0433 | valid_pr 0.9608 | valid_criterion 10.3286 | score -0.0329
2025-06-10 05:59:30 - INFO - No improvement for 15 epochs
2025-06-10 05:59:33 - INFO - [Train] Epoch 00072 | train_loss 35.7508 | train_rmse 8.7207 | lr 0.010000
2025-06-10 05:59:33 - INFO - [Validate] Epoch 00072 | valid_rmse 9.7172 | valid_pr 0.8581 | valid_criterion 11.7604 | score -0.1760
2025-06-10 05:59:33 - INFO - No improvement for 16 epochs
2025-06-10 05:59:35 - INFO - [Train] Epoch 00073 | train_loss 24.8326 | train_rmse 7.2219 | lr 0.010000
2025-06-10 05:59:35 - INFO - [Validate] Epoch 00073 | valid_rmse 8.6785 | valid_pr 0.9046 | valid_criterion 16.6049 | score -0.6605
2025-06-10 05:59:35 - INFO - No improvement for 17 epochs
2025-06-10 05:59:38 - INFO - [Train] Epoch 00074 | train_loss 23.7984 | train_rmse 7.0716 | lr 0.010000
2025-06-10 05:59:38 - INFO - [Validate] Epoch 00074 | valid_rmse 3.4513 | valid_pr 0.9853 | valid_criterion 3.8100 | score 0.6190
2025-06-10 05:59:38 - INFO - No improvement for 18 epochs
2025-06-10 05:59:41 - INFO - [Train] Epoch 00075 | train_loss 29.1591 | train_rmse 7.6911 | lr 0.010000
2025-06-10 05:59:41 - INFO - [Validate] Epoch 00075 | valid_rmse 8.0389 | valid_pr 0.9111 | valid_criterion 9.7298 | score 0.0270
2025-06-10 05:59:41 - INFO - No improvement for 19 epochs
2025-06-10 05:59:43 - INFO - [Train] Epoch 00076 | train_loss 27.2832 | train_rmse 7.7994 | lr 0.010000
2025-06-10 05:59:43 - INFO - [Validate] Epoch 00076 | valid_rmse 6.4499 | valid_pr 0.9459 | valid_criterion 10.7505 | score -0.0751
2025-06-10 05:59:43 - INFO - No improvement for 20 epochs
2025-06-10 05:59:46 - INFO - [Train] Epoch 00077 | train_loss 29.2734 | train_rmse 8.1140 | lr 0.010000
2025-06-10 05:59:46 - INFO - [Validate] Epoch 00077 | valid_rmse 8.1976 | valid_pr 0.9034 | valid_criterion 13.9833 | score -0.3983
2025-06-10 05:59:46 - INFO - No improvement for 21 epochs
2025-06-10 05:59:49 - INFO - [Train] Epoch 00078 | train_loss 33.9552 | train_rmse 8.6847 | lr 0.010000
2025-06-10 05:59:49 - INFO - [Validate] Epoch 00078 | valid_rmse 5.6200 | valid_pr 0.9549 | valid_criterion 8.6779 | score 0.1322
2025-06-10 05:59:49 - INFO - No improvement for 22 epochs
2025-06-10 05:59:51 - INFO - [Train] Epoch 00079 | train_loss 27.4472 | train_rmse 7.6132 | lr 0.010000
2025-06-10 05:59:51 - INFO - [Validate] Epoch 00079 | valid_rmse 5.5035 | valid_pr 0.9695 | valid_criterion 6.8959 | score 0.3104
2025-06-10 05:59:51 - INFO - No improvement for 23 epochs
2025-06-10 05:59:54 - INFO - [Train] Epoch 00080 | train_loss 26.8548 | train_rmse 7.6258 | lr 0.010000
2025-06-10 05:59:54 - INFO - [Validate] Epoch 00080 | valid_rmse 7.9405 | valid_pr 0.9087 | valid_criterion 12.2855 | score -0.2285
2025-06-10 05:59:54 - INFO - No improvement for 24 epochs
2025-06-10 05:59:56 - INFO - [Train] Epoch 00081 | train_loss 30.5744 | train_rmse 8.0878 | lr 0.010000
2025-06-10 05:59:56 - INFO - [Validate] Epoch 00081 | valid_rmse 5.0702 | valid_pr 0.9712 | valid_criterion 5.2033 | score 0.4797
2025-06-10 05:59:56 - INFO - No improvement for 25 epochs
2025-06-10 05:59:59 - INFO - [Train] Epoch 00082 | train_loss 29.7429 | train_rmse 7.6909 | lr 0.010000
2025-06-10 05:59:59 - INFO - [Validate] Epoch 00082 | valid_rmse 8.9373 | valid_pr 0.8842 | valid_criterion 12.3385 | score -0.2338
2025-06-10 05:59:59 - INFO - No improvement for 26 epochs
2025-06-10 06:00:02 - INFO - [Train] Epoch 00083 | train_loss 28.9354 | train_rmse 7.7741 | lr 0.010000
2025-06-10 06:00:02 - INFO - [Validate] Epoch 00083 | valid_rmse 5.7860 | valid_pr 0.9571 | valid_criterion 9.9932 | score 0.0007
2025-06-10 06:00:02 - INFO - No improvement for 27 epochs
2025-06-10 06:00:04 - INFO - [Train] Epoch 00084 | train_loss 36.6930 | train_rmse 9.1794 | lr 0.010000
2025-06-10 06:00:04 - INFO - [Validate] Epoch 00084 | valid_rmse 5.6595 | valid_pr 0.9617 | valid_criterion 7.7089 | score 0.2291
2025-06-10 06:00:04 - INFO - No improvement for 28 epochs
2025-06-10 06:00:07 - INFO - [Train] Epoch 00085 | train_loss 28.8185 | train_rmse 7.6329 | lr 0.010000
2025-06-10 06:00:07 - INFO - [Validate] Epoch 00085 | valid_rmse 9.4892 | valid_pr 0.8772 | valid_criterion 15.7516 | score -0.5752
2025-06-10 06:00:07 - INFO - No improvement for 29 epochs
2025-06-10 06:00:09 - INFO - [Train] Epoch 00086 | train_loss 31.4865 | train_rmse 8.0165 | lr 0.010000
2025-06-10 06:00:09 - INFO - [Validate] Epoch 00086 | valid_rmse 11.2218 | valid_pr 0.9073 | valid_criterion 18.7833 | score -0.8783
2025-06-10 06:00:09 - INFO - No improvement for 30 epochs
2025-06-10 06:00:12 - INFO - [Train] Epoch 00087 | train_loss 24.0130 | train_rmse 7.1395 | lr 0.010000
2025-06-10 06:00:12 - INFO - [Validate] Epoch 00087 | valid_rmse 6.0164 | valid_pr 0.9509 | valid_criterion 10.0503 | score -0.0050
2025-06-10 06:00:12 - INFO - No improvement for 31 epochs
2025-06-10 06:00:15 - INFO - [Train] Epoch 00088 | train_loss 32.2318 | train_rmse 8.1148 | lr 0.010000
2025-06-10 06:00:15 - INFO - [Validate] Epoch 00088 | valid_rmse 5.2902 | valid_pr 0.9613 | valid_criterion 8.9869 | score 0.1013
2025-06-10 06:00:15 - INFO - No improvement for 32 epochs
2025-06-10 06:00:17 - INFO - [Train] Epoch 00089 | train_loss 28.7100 | train_rmse 7.7756 | lr 0.010000
2025-06-10 06:00:17 - INFO - [Validate] Epoch 00089 | valid_rmse 16.0826 | valid_pr 0.6988 | valid_criterion 27.2908 | score -1.7291
2025-06-10 06:00:17 - INFO - No improvement for 33 epochs
2025-06-10 06:00:20 - INFO - [Train] Epoch 00090 | train_loss 32.0767 | train_rmse 8.2262 | lr 0.010000
2025-06-10 06:00:20 - INFO - [Validate] Epoch 00090 | valid_rmse 5.2378 | valid_pr 0.9631 | valid_criterion 2.4073 | score 0.7593
2025-06-10 06:00:20 - INFO - [Validate] Best score achieved: 0.759270
2025-06-10 06:00:23 - INFO - [Train] Epoch 00091 | train_loss 25.1169 | train_rmse 7.3504 | lr 0.010000
2025-06-10 06:00:23 - INFO - [Validate] Epoch 00091 | valid_rmse 7.6611 | valid_pr 0.9166 | valid_criterion 14.0649 | score -0.4065
2025-06-10 06:00:23 - INFO - No improvement for 1 epochs
2025-06-10 06:00:25 - INFO - [Train] Epoch 00092 | train_loss 27.0589 | train_rmse 7.5570 | lr 0.010000
2025-06-10 06:00:25 - INFO - [Validate] Epoch 00092 | valid_rmse 7.3630 | valid_pr 0.9232 | valid_criterion 12.5110 | score -0.2511
2025-06-10 06:00:25 - INFO - No improvement for 2 epochs
2025-06-10 06:00:28 - INFO - [Train] Epoch 00093 | train_loss 34.3179 | train_rmse 8.6495 | lr 0.010000
2025-06-10 06:00:28 - INFO - [Validate] Epoch 00093 | valid_rmse 4.3264 | valid_pr 0.9789 | valid_criterion 7.0672 | score 0.2933
2025-06-10 06:00:28 - INFO - No improvement for 3 epochs
2025-06-10 06:00:30 - INFO - [Train] Epoch 00094 | train_loss 28.6766 | train_rmse 7.7321 | lr 0.010000
2025-06-10 06:00:30 - INFO - [Validate] Epoch 00094 | valid_rmse 6.0252 | valid_pr 0.9596 | valid_criterion 8.9085 | score 0.1092
2025-06-10 06:00:30 - INFO - No improvement for 4 epochs
2025-06-10 06:00:33 - INFO - [Train] Epoch 00095 | train_loss 27.4635 | train_rmse 7.5266 | lr 0.002000
2025-06-10 06:00:33 - INFO - [Validate] Epoch 00095 | valid_rmse 4.5658 | valid_pr 0.9805 | valid_criterion 3.8886 | score 0.6111
2025-06-10 06:00:33 - INFO - No improvement for 5 epochs
2025-06-10 06:00:36 - INFO - [Train] Epoch 00096 | train_loss 27.5323 | train_rmse 7.4799 | lr 0.002000
2025-06-10 06:00:36 - INFO - [Validate] Epoch 00096 | valid_rmse 4.9180 | valid_pr 0.9658 | valid_criterion 8.6263 | score 0.1374
2025-06-10 06:00:36 - INFO - No improvement for 6 epochs
2025-06-10 06:00:38 - INFO - [Train] Epoch 00097 | train_loss 21.5156 | train_rmse 6.4952 | lr 0.002000
2025-06-10 06:00:38 - INFO - [Validate] Epoch 00097 | valid_rmse 3.3323 | valid_pr 0.9897 | valid_criterion 4.4000 | score 0.5600
2025-06-10 06:00:38 - INFO - No improvement for 7 epochs
2025-06-10 06:00:41 - INFO - [Train] Epoch 00098 | train_loss 25.0752 | train_rmse 7.2066 | lr 0.002000
2025-06-10 06:00:41 - INFO - [Validate] Epoch 00098 | valid_rmse 4.3221 | valid_pr 0.9747 | valid_criterion 6.9756 | score 0.3024
2025-06-10 06:00:41 - INFO - No improvement for 8 epochs
2025-06-10 06:00:44 - INFO - [Train] Epoch 00099 | train_loss 20.3693 | train_rmse 6.5733 | lr 0.002000
2025-06-10 06:00:44 - INFO - [Validate] Epoch 00099 | valid_rmse 3.7372 | valid_pr 0.9804 | valid_criterion 5.2721 | score 0.4728
2025-06-10 06:00:44 - INFO - No improvement for 9 epochs
2025-06-10 06:00:46 - INFO - [Train] Epoch 00100 | train_loss 25.9766 | train_rmse 7.3366 | lr 0.002000
2025-06-10 06:00:46 - INFO - [Validate] Epoch 00100 | valid_rmse 6.1991 | valid_pr 0.9456 | valid_criterion 10.8838 | score -0.0884
2025-06-10 06:00:46 - INFO - No improvement for 10 epochs
2025-06-10 06:00:49 - INFO - [Train] Epoch 00101 | train_loss 22.3573 | train_rmse 7.0501 | lr 0.002000
2025-06-10 06:00:49 - INFO - [Validate] Epoch 00101 | valid_rmse 2.9688 | valid_pr 0.9891 | valid_criterion 2.0803 | score 0.7920
2025-06-10 06:00:49 - INFO - [Validate] Best score achieved: 0.791967
2025-06-10 06:00:52 - INFO - [Train] Epoch 00102 | train_loss 24.1008 | train_rmse 7.2358 | lr 0.002000
2025-06-10 06:00:52 - INFO - [Validate] Epoch 00102 | valid_rmse 2.4583 | valid_pr 0.9933 | valid_criterion 2.9007 | score 0.7099
2025-06-10 06:00:52 - INFO - No improvement for 1 epochs
2025-06-10 06:00:54 - INFO - [Train] Epoch 00103 | train_loss 20.2926 | train_rmse 6.4491 | lr 0.002000
2025-06-10 06:00:54 - INFO - [Validate] Epoch 00103 | valid_rmse 2.7343 | valid_pr 0.9918 | valid_criterion 2.6028 | score 0.7397
2025-06-10 06:00:54 - INFO - No improvement for 2 epochs
2025-06-10 06:00:57 - INFO - [Train] Epoch 00104 | train_loss 27.3301 | train_rmse 7.5696 | lr 0.002000
2025-06-10 06:00:57 - INFO - [Validate] Epoch 00104 | valid_rmse 3.8554 | valid_pr 0.9885 | valid_criterion 3.9918 | score 0.6008
2025-06-10 06:00:57 - INFO - No improvement for 3 epochs
2025-06-10 06:00:59 - INFO - [Train] Epoch 00105 | train_loss 22.0395 | train_rmse 6.6806 | lr 0.002000
2025-06-10 06:00:59 - INFO - [Validate] Epoch 00105 | valid_rmse 3.8778 | valid_pr 0.9800 | valid_criterion 5.5165 | score 0.4484
2025-06-10 06:00:59 - INFO - No improvement for 4 epochs
2025-06-10 06:01:02 - INFO - [Train] Epoch 00106 | train_loss 24.0666 | train_rmse 7.1106 | lr 0.002000
2025-06-10 06:01:02 - INFO - [Validate] Epoch 00106 | valid_rmse 3.7236 | valid_pr 0.9817 | valid_criterion 5.4574 | score 0.4543
2025-06-10 06:01:02 - INFO - No improvement for 5 epochs
2025-06-10 06:01:05 - INFO - [Train] Epoch 00107 | train_loss 21.7010 | train_rmse 6.6531 | lr 0.002000
2025-06-10 06:01:05 - INFO - [Validate] Epoch 00107 | valid_rmse 5.1521 | valid_pr 0.9626 | valid_criterion 9.1924 | score 0.0808
2025-06-10 06:01:05 - INFO - No improvement for 6 epochs
2025-06-10 06:01:07 - INFO - [Train] Epoch 00108 | train_loss 23.4574 | train_rmse 6.8120 | lr 0.002000
2025-06-10 06:01:07 - INFO - [Validate] Epoch 00108 | valid_rmse 5.5165 | valid_pr 0.9695 | valid_criterion 6.8548 | score 0.3145
2025-06-10 06:01:07 - INFO - No improvement for 7 epochs
2025-06-10 06:01:10 - INFO - [Train] Epoch 00109 | train_loss 22.7929 | train_rmse 6.9240 | lr 0.002000
2025-06-10 06:01:10 - INFO - [Validate] Epoch 00109 | valid_rmse 3.5834 | valid_pr 0.9909 | valid_criterion 4.5763 | score 0.5424
2025-06-10 06:01:10 - INFO - No improvement for 8 epochs
2025-06-10 06:01:13 - INFO - [Train] Epoch 00110 | train_loss 23.5846 | train_rmse 7.3095 | lr 0.002000
2025-06-10 06:01:13 - INFO - [Validate] Epoch 00110 | valid_rmse 3.3627 | valid_pr 0.9851 | valid_criterion 4.0658 | score 0.5934
2025-06-10 06:01:13 - INFO - No improvement for 9 epochs
2025-06-10 06:01:15 - INFO - [Train] Epoch 00111 | train_loss 21.6845 | train_rmse 6.6136 | lr 0.002000
2025-06-10 06:01:15 - INFO - [Validate] Epoch 00111 | valid_rmse 5.6890 | valid_pr 0.9723 | valid_criterion 7.5745 | score 0.2426
2025-06-10 06:01:15 - INFO - No improvement for 10 epochs
2025-06-10 06:01:18 - INFO - [Train] Epoch 00112 | train_loss 24.8555 | train_rmse 7.1433 | lr 0.002000
2025-06-10 06:01:18 - INFO - [Validate] Epoch 00112 | valid_rmse 4.0532 | valid_pr 0.9768 | valid_criterion 5.3817 | score 0.4618
2025-06-10 06:01:18 - INFO - No improvement for 11 epochs
2025-06-10 06:01:21 - INFO - [Train] Epoch 00113 | train_loss 18.5086 | train_rmse 6.1486 | lr 0.002000
2025-06-10 06:01:21 - INFO - [Validate] Epoch 00113 | valid_rmse 2.8632 | valid_pr 0.9903 | valid_criterion 3.4303 | score 0.6570
2025-06-10 06:01:21 - INFO - No improvement for 12 epochs
2025-06-10 06:01:23 - INFO - [Train] Epoch 00114 | train_loss 24.5406 | train_rmse 7.2228 | lr 0.002000
2025-06-10 06:01:23 - INFO - [Validate] Epoch 00114 | valid_rmse 4.4805 | valid_pr 0.9746 | valid_criterion 6.1137 | score 0.3886
2025-06-10 06:01:23 - INFO - No improvement for 13 epochs
2025-06-10 06:01:26 - INFO - [Train] Epoch 00115 | train_loss 19.7751 | train_rmse 6.6265 | lr 0.002000
2025-06-10 06:01:26 - INFO - [Validate] Epoch 00115 | valid_rmse 5.2761 | valid_pr 0.9623 | valid_criterion 8.8188 | score 0.1181
2025-06-10 06:01:26 - INFO - No improvement for 14 epochs
2025-06-10 06:01:28 - INFO - [Train] Epoch 00116 | train_loss 18.5334 | train_rmse 6.3240 | lr 0.002000
2025-06-10 06:01:28 - INFO - [Validate] Epoch 00116 | valid_rmse 5.1464 | valid_pr 0.9714 | valid_criterion 7.9111 | score 0.2089
2025-06-10 06:01:28 - INFO - No improvement for 15 epochs
2025-06-10 06:01:31 - INFO - [Train] Epoch 00117 | train_loss 20.6493 | train_rmse 6.5471 | lr 0.002000
2025-06-10 06:01:31 - INFO - [Validate] Epoch 00117 | valid_rmse 4.6857 | valid_pr 0.9712 | valid_criterion 8.0603 | score 0.1940
2025-06-10 06:01:31 - INFO - No improvement for 16 epochs
2025-06-10 06:01:34 - INFO - [Train] Epoch 00118 | train_loss 18.1411 | train_rmse 6.1485 | lr 0.002000
2025-06-10 06:01:34 - INFO - [Validate] Epoch 00118 | valid_rmse 3.1991 | valid_pr 0.9888 | valid_criterion 1.9465 | score 0.8054
2025-06-10 06:01:34 - INFO - [Validate] Best score achieved: 0.805351
2025-06-10 06:01:36 - INFO - [Train] Epoch 00119 | train_loss 19.8908 | train_rmse 6.7221 | lr 0.002000
2025-06-10 06:01:36 - INFO - [Validate] Epoch 00119 | valid_rmse 4.4159 | valid_pr 0.9790 | valid_criterion 6.6256 | score 0.3374
2025-06-10 06:01:36 - INFO - No improvement for 1 epochs
2025-06-10 06:01:39 - INFO - [Train] Epoch 00120 | train_loss 19.7205 | train_rmse 6.5359 | lr 0.002000
2025-06-10 06:01:39 - INFO - [Validate] Epoch 00120 | valid_rmse 4.2327 | valid_pr 0.9835 | valid_criterion 6.4797 | score 0.3520
2025-06-10 06:01:39 - INFO - No improvement for 2 epochs
2025-06-10 06:01:41 - INFO - [Train] Epoch 00121 | train_loss 19.8861 | train_rmse 6.5554 | lr 0.002000
2025-06-10 06:01:41 - INFO - [Validate] Epoch 00121 | valid_rmse 4.5320 | valid_pr 0.9710 | valid_criterion 5.4135 | score 0.4586
2025-06-10 06:01:41 - INFO - No improvement for 3 epochs
2025-06-10 06:01:44 - INFO - [Train] Epoch 00122 | train_loss 18.0724 | train_rmse 6.0548 | lr 0.002000
2025-06-10 06:01:44 - INFO - [Validate] Epoch 00122 | valid_rmse 4.2805 | valid_pr 0.9774 | valid_criterion 6.6811 | score 0.3319
2025-06-10 06:01:44 - INFO - No improvement for 4 epochs
2025-06-10 06:01:46 - INFO - [Train] Epoch 00123 | train_loss 19.3687 | train_rmse 6.6151 | lr 0.000400
2025-06-10 06:01:46 - INFO - [Validate] Epoch 00123 | valid_rmse 4.5721 | valid_pr 0.9807 | valid_criterion 6.2899 | score 0.3710
2025-06-10 06:01:46 - INFO - No improvement for 5 epochs
2025-06-10 06:01:49 - INFO - [Train] Epoch 00124 | train_loss 20.2545 | train_rmse 6.6186 | lr 0.000400
2025-06-10 06:01:49 - INFO - [Validate] Epoch 00124 | valid_rmse 3.6414 | valid_pr 0.9867 | valid_criterion 4.8116 | score 0.5188
2025-06-10 06:01:49 - INFO - No improvement for 6 epochs
2025-06-10 06:01:51 - INFO - [Train] Epoch 00125 | train_loss 16.4500 | train_rmse 6.0640 | lr 0.000400
2025-06-10 06:01:51 - INFO - [Validate] Epoch 00125 | valid_rmse 4.4282 | valid_pr 0.9731 | valid_criterion 7.3589 | score 0.2641
2025-06-10 06:01:51 - INFO - No improvement for 7 epochs
2025-06-10 06:01:54 - INFO - [Train] Epoch 00126 | train_loss 17.5903 | train_rmse 6.1352 | lr 0.000400
2025-06-10 06:01:54 - INFO - [Validate] Epoch 00126 | valid_rmse 3.4189 | valid_pr 0.9860 | valid_criterion 2.4143 | score 0.7586
2025-06-10 06:01:54 - INFO - No improvement for 8 epochs
2025-06-10 06:01:57 - INFO - [Train] Epoch 00127 | train_loss 15.8833 | train_rmse 6.0177 | lr 0.000400
2025-06-10 06:01:57 - INFO - [Validate] Epoch 00127 | valid_rmse 3.0576 | valid_pr 0.9913 | valid_criterion 3.3341 | score 0.6666
2025-06-10 06:01:57 - INFO - No improvement for 9 epochs
2025-06-10 06:01:59 - INFO - [Train] Epoch 00128 | train_loss 19.4305 | train_rmse 6.3450 | lr 0.000400
2025-06-10 06:01:59 - INFO - [Validate] Epoch 00128 | valid_rmse 3.6163 | valid_pr 0.9888 | valid_criterion 4.7616 | score 0.5238
2025-06-10 06:01:59 - INFO - No improvement for 10 epochs
2025-06-10 06:02:02 - INFO - [Train] Epoch 00129 | train_loss 23.0044 | train_rmse 7.0073 | lr 0.000400
2025-06-10 06:02:02 - INFO - [Validate] Epoch 00129 | valid_rmse 2.9088 | valid_pr 0.9895 | valid_criterion 2.6741 | score 0.7326
2025-06-10 06:02:02 - INFO - No improvement for 11 epochs
2025-06-10 06:02:05 - INFO - [Train] Epoch 00130 | train_loss 23.6493 | train_rmse 7.3576 | lr 0.000400
2025-06-10 06:02:05 - INFO - [Validate] Epoch 00130 | valid_rmse 4.1999 | valid_pr 0.9783 | valid_criterion 4.8764 | score 0.5124
2025-06-10 06:02:05 - INFO - No improvement for 12 epochs
2025-06-10 06:02:08 - INFO - [Train] Epoch 00131 | train_loss 22.6369 | train_rmse 7.0246 | lr 0.000400
2025-06-10 06:02:08 - INFO - [Validate] Epoch 00131 | valid_rmse 3.3625 | valid_pr 0.9842 | valid_criterion 5.7776 | score 0.4222
2025-06-10 06:02:08 - INFO - No improvement for 13 epochs
2025-06-10 06:02:11 - INFO - [Train] Epoch 00132 | train_loss 18.4994 | train_rmse 6.1983 | lr 0.000400
2025-06-10 06:02:11 - INFO - [Validate] Epoch 00132 | valid_rmse 3.8705 | valid_pr 0.9815 | valid_criterion 4.1386 | score 0.5861
2025-06-10 06:02:11 - INFO - No improvement for 14 epochs
2025-06-10 06:02:13 - INFO - [Train] Epoch 00133 | train_loss 19.2023 | train_rmse 6.5373 | lr 0.000400
2025-06-10 06:02:13 - INFO - [Validate] Epoch 00133 | valid_rmse 4.0028 | valid_pr 0.9790 | valid_criterion 3.2189 | score 0.6781
2025-06-10 06:02:13 - INFO - No improvement for 15 epochs
2025-06-10 06:02:16 - INFO - [Train] Epoch 00134 | train_loss 18.5549 | train_rmse 6.3652 | lr 0.000400
2025-06-10 06:02:16 - INFO - [Validate] Epoch 00134 | valid_rmse 4.7669 | valid_pr 0.9708 | valid_criterion 7.3717 | score 0.2628
2025-06-10 06:02:16 - INFO - No improvement for 16 epochs
2025-06-10 06:02:18 - INFO - [Train] Epoch 00135 | train_loss 15.5019 | train_rmse 5.9507 | lr 0.000400
2025-06-10 06:02:18 - INFO - [Validate] Epoch 00135 | valid_rmse 3.9264 | valid_pr 0.9810 | valid_criterion 2.2313 | score 0.7769
2025-06-10 06:02:18 - INFO - No improvement for 17 epochs
2025-06-10 06:02:21 - INFO - [Train] Epoch 00136 | train_loss 17.9474 | train_rmse 6.3770 | lr 0.000400
2025-06-10 06:02:21 - INFO - [Validate] Epoch 00136 | valid_rmse 3.5414 | valid_pr 0.9857 | valid_criterion 4.6255 | score 0.5374
2025-06-10 06:02:21 - INFO - No improvement for 18 epochs
2025-06-10 06:02:24 - INFO - [Train] Epoch 00137 | train_loss 17.9913 | train_rmse 6.3792 | lr 0.000400
2025-06-10 06:02:24 - INFO - [Validate] Epoch 00137 | valid_rmse 4.6186 | valid_pr 0.9703 | valid_criterion 7.6914 | score 0.2309
2025-06-10 06:02:24 - INFO - No improvement for 19 epochs
2025-06-10 06:02:26 - INFO - [Train] Epoch 00138 | train_loss 19.2693 | train_rmse 6.5382 | lr 0.000400
2025-06-10 06:02:26 - INFO - [Validate] Epoch 00138 | valid_rmse 4.4511 | valid_pr 0.9729 | valid_criterion 7.2564 | score 0.2744
2025-06-10 06:02:26 - INFO - No improvement for 20 epochs
2025-06-10 06:02:29 - INFO - [Train] Epoch 00139 | train_loss 16.1317 | train_rmse 5.9050 | lr 0.000400
2025-06-10 06:02:29 - INFO - [Validate] Epoch 00139 | valid_rmse 2.9378 | valid_pr 0.9899 | valid_criterion 4.2766 | score 0.5723
2025-06-10 06:02:29 - INFO - No improvement for 21 epochs
2025-06-10 06:02:31 - INFO - [Train] Epoch 00140 | train_loss 16.4585 | train_rmse 5.9530 | lr 0.000400
2025-06-10 06:02:31 - INFO - [Validate] Epoch 00140 | valid_rmse 4.1499 | valid_pr 0.9762 | valid_criterion 6.1918 | score 0.3808
2025-06-10 06:02:31 - INFO - No improvement for 22 epochs
2025-06-10 06:02:34 - INFO - [Train] Epoch 00141 | train_loss 17.8994 | train_rmse 6.1559 | lr 0.000400
2025-06-10 06:02:34 - INFO - [Validate] Epoch 00141 | valid_rmse 3.4163 | valid_pr 0.9855 | valid_criterion 2.6910 | score 0.7309
2025-06-10 06:02:34 - INFO - No improvement for 23 epochs
2025-06-10 06:02:36 - INFO - [Train] Epoch 00142 | train_loss 17.1712 | train_rmse 6.2850 | lr 0.000400
2025-06-10 06:02:36 - INFO - [Validate] Epoch 00142 | valid_rmse 3.8073 | valid_pr 0.9804 | valid_criterion 4.6393 | score 0.5361
2025-06-10 06:02:36 - INFO - No improvement for 24 epochs
2025-06-10 06:02:39 - INFO - [Train] Epoch 00143 | train_loss 16.0161 | train_rmse 5.9680 | lr 0.000400
2025-06-10 06:02:39 - INFO - [Validate] Epoch 00143 | valid_rmse 4.0308 | valid_pr 0.9793 | valid_criterion 6.4783 | score 0.3522
2025-06-10 06:02:39 - INFO - No improvement for 25 epochs
2025-06-10 06:02:42 - INFO - [Train] Epoch 00144 | train_loss 14.3335 | train_rmse 5.8535 | lr 0.000080
2025-06-10 06:02:42 - INFO - [Validate] Epoch 00144 | valid_rmse 4.3845 | valid_pr 0.9881 | valid_criterion 5.7556 | score 0.4244
2025-06-10 06:02:42 - INFO - No improvement for 26 epochs
2025-06-10 06:02:45 - INFO - [Train] Epoch 00145 | train_loss 13.6067 | train_rmse 5.8104 | lr 0.000080
2025-06-10 06:02:45 - INFO - [Validate] Epoch 00145 | valid_rmse 2.7666 | valid_pr 0.9915 | valid_criterion 2.0145 | score 0.7986
2025-06-10 06:02:45 - INFO - No improvement for 27 epochs
2025-06-10 06:02:47 - INFO - [Train] Epoch 00146 | train_loss 20.1736 | train_rmse 6.8245 | lr 0.000080
2025-06-10 06:02:47 - INFO - [Validate] Epoch 00146 | valid_rmse 4.1377 | valid_pr 0.9840 | valid_criterion 5.6508 | score 0.4349
2025-06-10 06:02:47 - INFO - No improvement for 28 epochs
2025-06-10 06:02:50 - INFO - [Train] Epoch 00147 | train_loss 16.2756 | train_rmse 6.2197 | lr 0.000080
2025-06-10 06:02:50 - INFO - [Validate] Epoch 00147 | valid_rmse 3.7608 | valid_pr 0.9832 | valid_criterion 3.5845 | score 0.6415
2025-06-10 06:02:50 - INFO - No improvement for 29 epochs
2025-06-10 06:02:52 - INFO - [Train] Epoch 00148 | train_loss 18.0647 | train_rmse 6.4478 | lr 0.000080
2025-06-10 06:02:52 - INFO - [Validate] Epoch 00148 | valid_rmse 3.3272 | valid_pr 0.9885 | valid_criterion 4.7994 | score 0.5201
2025-06-10 06:02:52 - INFO - No improvement for 30 epochs
2025-06-10 06:02:55 - INFO - [Train] Epoch 00149 | train_loss 17.7947 | train_rmse 6.1920 | lr 0.000080
2025-06-10 06:02:55 - INFO - [Validate] Epoch 00149 | valid_rmse 4.3068 | valid_pr 0.9790 | valid_criterion 5.7528 | score 0.4247
2025-06-10 06:02:55 - INFO - No improvement for 31 epochs
2025-06-10 06:02:58 - INFO - [Train] Epoch 00150 | train_loss 16.1677 | train_rmse 6.1505 | lr 0.000080
2025-06-10 06:02:58 - INFO - [Validate] Epoch 00150 | valid_rmse 4.4800 | valid_pr 0.9720 | valid_criterion 7.6886 | score 0.2311
2025-06-10 06:02:58 - INFO - No improvement for 32 epochs
2025-06-10 06:03:00 - INFO - [Train] Epoch 00151 | train_loss 16.9559 | train_rmse 6.3118 | lr 0.000080
2025-06-10 06:03:00 - INFO - [Validate] Epoch 00151 | valid_rmse 3.6934 | valid_pr 0.9846 | valid_criterion 5.3092 | score 0.4691
2025-06-10 06:03:00 - INFO - No improvement for 33 epochs
2025-06-10 06:03:03 - INFO - [Train] Epoch 00152 | train_loss 16.5337 | train_rmse 6.3185 | lr 0.000080
2025-06-10 06:03:03 - INFO - [Validate] Epoch 00152 | valid_rmse 4.0041 | valid_pr 0.9817 | valid_criterion 5.4092 | score 0.4591
2025-06-10 06:03:03 - INFO - No improvement for 34 epochs
2025-06-10 06:03:05 - INFO - [Train] Epoch 00153 | train_loss 13.8733 | train_rmse 5.6783 | lr 0.000080
2025-06-10 06:03:05 - INFO - [Validate] Epoch 00153 | valid_rmse 3.3708 | valid_pr 0.9848 | valid_criterion 3.1979 | score 0.6802
2025-06-10 06:03:05 - INFO - No improvement for 35 epochs
2025-06-10 06:03:08 - INFO - [Train] Epoch 00154 | train_loss 16.4711 | train_rmse 6.1311 | lr 0.000080
2025-06-10 06:03:08 - INFO - [Validate] Epoch 00154 | valid_rmse 3.3271 | valid_pr 0.9867 | valid_criterion 4.2528 | score 0.5747
2025-06-10 06:03:08 - INFO - No improvement for 36 epochs
2025-06-10 06:03:11 - INFO - [Train] Epoch 00155 | train_loss 16.4574 | train_rmse 6.1822 | lr 0.000080
2025-06-10 06:03:11 - INFO - [Validate] Epoch 00155 | valid_rmse 3.3923 | valid_pr 0.9881 | valid_criterion 4.4962 | score 0.5504
2025-06-10 06:03:11 - INFO - No improvement for 37 epochs
2025-06-10 06:03:13 - INFO - [Train] Epoch 00156 | train_loss 16.2482 | train_rmse 6.0899 | lr 0.000080
2025-06-10 06:03:13 - INFO - [Validate] Epoch 00156 | valid_rmse 2.9755 | valid_pr 0.9894 | valid_criterion 2.9397 | score 0.7060
2025-06-10 06:03:13 - INFO - No improvement for 38 epochs
2025-06-10 06:03:16 - INFO - [Train] Epoch 00157 | train_loss 17.0067 | train_rmse 6.3087 | lr 0.000080
2025-06-10 06:03:16 - INFO - [Validate] Epoch 00157 | valid_rmse 3.2435 | valid_pr 0.9861 | valid_criterion 4.7864 | score 0.5214
2025-06-10 06:03:16 - INFO - No improvement for 39 epochs
2025-06-10 06:03:19 - INFO - [Train] Epoch 00158 | train_loss 16.2241 | train_rmse 6.2598 | lr 0.000080
2025-06-10 06:03:19 - INFO - [Validate] Epoch 00158 | valid_rmse 3.5490 | valid_pr 0.9866 | valid_criterion 2.6280 | score 0.7372
2025-06-10 06:03:19 - INFO - No improvement for 40 epochs
2025-06-10 06:03:21 - INFO - [Train] Epoch 00159 | train_loss 19.4195 | train_rmse 6.4620 | lr 0.000080
2025-06-10 06:03:21 - INFO - [Validate] Epoch 00159 | valid_rmse 4.4510 | valid_pr 0.9718 | valid_criterion 4.6690 | score 0.5331
2025-06-10 06:03:21 - INFO - No improvement for 41 epochs
2025-06-10 06:03:24 - INFO - [Train] Epoch 00160 | train_loss 16.4817 | train_rmse 6.3838 | lr 0.000080
2025-06-10 06:03:24 - INFO - [Validate] Epoch 00160 | valid_rmse 2.6871 | valid_pr 0.9902 | valid_criterion 2.8892 | score 0.7111
2025-06-10 06:03:24 - INFO - No improvement for 42 epochs
2025-06-10 06:03:26 - INFO - [Train] Epoch 00161 | train_loss 16.6328 | train_rmse 6.2592 | lr 0.000080
2025-06-10 06:03:26 - INFO - [Validate] Epoch 00161 | valid_rmse 3.6121 | valid_pr 0.9832 | valid_criterion 5.9806 | score 0.4019
2025-06-10 06:03:26 - INFO - No improvement for 43 epochs
2025-06-10 06:03:29 - INFO - [Train] Epoch 00162 | train_loss 17.8828 | train_rmse 6.7869 | lr 0.000080
2025-06-10 06:03:29 - INFO - [Validate] Epoch 00162 | valid_rmse 3.0862 | valid_pr 0.9891 | valid_criterion 4.1815 | score 0.5818
2025-06-10 06:03:29 - INFO - No improvement for 44 epochs
2025-06-10 06:03:32 - INFO - [Train] Epoch 00163 | train_loss 16.1354 | train_rmse 5.8828 | lr 0.000080
2025-06-10 06:03:32 - INFO - [Validate] Epoch 00163 | valid_rmse 3.6834 | valid_pr 0.9823 | valid_criterion 4.0651 | score 0.5935
2025-06-10 06:03:32 - INFO - No improvement for 45 epochs
2025-06-10 06:03:34 - INFO - [Train] Epoch 00164 | train_loss 16.3623 | train_rmse 5.9814 | lr 0.000080
2025-06-10 06:03:34 - INFO - [Validate] Epoch 00164 | valid_rmse 3.8035 | valid_pr 0.9850 | valid_criterion 4.6454 | score 0.5355
2025-06-10 06:03:34 - INFO - No improvement for 46 epochs
2025-06-10 06:03:37 - INFO - [Train] Epoch 00165 | train_loss 19.0126 | train_rmse 6.5029 | lr 0.000016
2025-06-10 06:03:37 - INFO - [Validate] Epoch 00165 | valid_rmse 3.5155 | valid_pr 0.9848 | valid_criterion 5.1284 | score 0.4872
2025-06-10 06:03:37 - INFO - No improvement for 47 epochs
2025-06-10 06:03:40 - INFO - [Train] Epoch 00166 | train_loss 14.6514 | train_rmse 6.0079 | lr 0.000016
2025-06-10 06:03:40 - INFO - [Validate] Epoch 00166 | valid_rmse 3.3989 | valid_pr 0.9843 | valid_criterion 3.2537 | score 0.6746
2025-06-10 06:03:40 - INFO - No improvement for 48 epochs
2025-06-10 06:03:42 - INFO - [Train] Epoch 00167 | train_loss 14.9943 | train_rmse 5.9307 | lr 0.000016
2025-06-10 06:03:42 - INFO - [Validate] Epoch 00167 | valid_rmse 3.3274 | valid_pr 0.9892 | valid_criterion 4.4634 | score 0.5537
2025-06-10 06:03:42 - INFO - No improvement for 49 epochs
2025-06-10 06:03:45 - INFO - [Train] Epoch 00168 | train_loss 14.3169 | train_rmse 5.8792 | lr 0.000016
2025-06-10 06:03:45 - INFO - [Validate] Epoch 00168 | valid_rmse 3.1428 | valid_pr 0.9872 | valid_criterion 4.0561 | score 0.5944
2025-06-10 06:03:45 - INFO - No improvement for 50 epochs
2025-06-10 06:03:48 - INFO - [Train] Epoch 00169 | train_loss 15.3026 | train_rmse 5.8641 | lr 0.000016
2025-06-10 06:03:48 - INFO - [Validate] Epoch 00169 | valid_rmse 3.1102 | valid_pr 0.9883 | valid_criterion 3.3594 | score 0.6641
2025-06-10 06:03:48 - INFO - No improvement for 51 epochs
2025-06-10 06:03:51 - INFO - [Train] Epoch 00170 | train_loss 15.7626 | train_rmse 6.1769 | lr 0.000016
2025-06-10 06:03:51 - INFO - [Validate] Epoch 00170 | valid_rmse 3.2849 | valid_pr 0.9891 | valid_criterion 3.7700 | score 0.6230
2025-06-10 06:03:51 - INFO - No improvement for 52 epochs
2025-06-10 06:03:53 - INFO - [Train] Epoch 00171 | train_loss 17.5218 | train_rmse 6.3511 | lr 0.000016
2025-06-10 06:03:53 - INFO - [Validate] Epoch 00171 | valid_rmse 3.1885 | valid_pr 0.9883 | valid_criterion 4.6609 | score 0.5339
2025-06-10 06:03:53 - INFO - No improvement for 53 epochs
2025-06-10 06:03:56 - INFO - [Train] Epoch 00172 | train_loss 18.8669 | train_rmse 6.7153 | lr 0.000016
2025-06-10 06:03:56 - INFO - [Validate] Epoch 00172 | valid_rmse 3.1702 | valid_pr 0.9861 | valid_criterion 4.9347 | score 0.5065
2025-06-10 06:03:56 - INFO - No improvement for 54 epochs
2025-06-10 06:03:58 - INFO - [Train] Epoch 00173 | train_loss 15.1817 | train_rmse 6.2856 | lr 0.000016
2025-06-10 06:03:58 - INFO - [Validate] Epoch 00173 | valid_rmse 4.7434 | valid_pr 0.9682 | valid_criterion 6.3658 | score 0.3634
2025-06-10 06:03:58 - INFO - No improvement for 55 epochs
2025-06-10 06:04:01 - INFO - [Train] Epoch 00174 | train_loss 16.4637 | train_rmse 6.2471 | lr 0.000016
2025-06-10 06:04:01 - INFO - [Validate] Epoch 00174 | valid_rmse 3.5131 | valid_pr 0.9852 | valid_criterion 4.1049 | score 0.5895
2025-06-10 06:04:01 - INFO - No improvement for 56 epochs
2025-06-10 06:04:04 - INFO - [Train] Epoch 00175 | train_loss 15.6396 | train_rmse 5.8982 | lr 0.000016
2025-06-10 06:04:04 - INFO - [Validate] Epoch 00175 | valid_rmse 3.0770 | valid_pr 0.9880 | valid_criterion 1.9783 | score 0.8022
2025-06-10 06:04:04 - INFO - No improvement for 57 epochs
2025-06-10 06:04:07 - INFO - [Train] Epoch 00176 | train_loss 16.0068 | train_rmse 6.3097 | lr 0.000016
2025-06-10 06:04:07 - INFO - [Validate] Epoch 00176 | valid_rmse 3.3988 | valid_pr 0.9900 | valid_criterion 3.4203 | score 0.6580
2025-06-10 06:04:07 - INFO - No improvement for 58 epochs
2025-06-10 06:04:09 - INFO - [Train] Epoch 00177 | train_loss 15.1116 | train_rmse 6.4253 | lr 0.000016
2025-06-10 06:04:09 - INFO - [Validate] Epoch 00177 | valid_rmse 2.9246 | valid_pr 0.9889 | valid_criterion 3.7338 | score 0.6266
2025-06-10 06:04:09 - INFO - No improvement for 59 epochs
2025-06-10 06:04:12 - INFO - [Train] Epoch 00178 | train_loss 19.6099 | train_rmse 6.7079 | lr 0.000016
2025-06-10 06:04:12 - INFO - [Validate] Epoch 00178 | valid_rmse 3.6963 | valid_pr 0.9818 | valid_criterion 5.9599 | score 0.4040
2025-06-10 06:04:12 - INFO - No improvement for 60 epochs
2025-06-10 06:04:14 - INFO - [Train] Epoch 00179 | train_loss 18.1088 | train_rmse 6.7030 | lr 0.000016
2025-06-10 06:04:14 - INFO - [Validate] Epoch 00179 | valid_rmse 3.1511 | valid_pr 0.9865 | valid_criterion 4.5799 | score 0.5420
2025-06-10 06:04:14 - INFO - No improvement for 61 epochs
2025-06-10 06:04:17 - INFO - [Train] Epoch 00180 | train_loss 13.8671 | train_rmse 5.9642 | lr 0.000016
2025-06-10 06:04:17 - INFO - [Validate] Epoch 00180 | valid_rmse 2.8482 | valid_pr 0.9897 | valid_criterion 3.3592 | score 0.6641
2025-06-10 06:04:17 - INFO - No improvement for 62 epochs
2025-06-10 06:04:20 - INFO - [Train] Epoch 00181 | train_loss 17.3922 | train_rmse 6.6078 | lr 0.000016
2025-06-10 06:04:20 - INFO - [Validate] Epoch 00181 | valid_rmse 3.5258 | valid_pr 0.9871 | valid_criterion 4.3968 | score 0.5603
2025-06-10 06:04:20 - INFO - No improvement for 63 epochs
2025-06-10 06:04:22 - INFO - [Train] Epoch 00182 | train_loss 14.7065 | train_rmse 5.9671 | lr 0.000016
2025-06-10 06:04:22 - INFO - [Validate] Epoch 00182 | valid_rmse 2.9609 | valid_pr 0.9904 | valid_criterion 2.7696 | score 0.7230
2025-06-10 06:04:22 - INFO - No improvement for 64 epochs
2025-06-10 06:04:25 - INFO - [Train] Epoch 00183 | train_loss 15.5074 | train_rmse 6.0471 | lr 0.000016
2025-06-10 06:04:25 - INFO - [Validate] Epoch 00183 | valid_rmse 3.5268 | valid_pr 0.9889 | valid_criterion 4.2792 | score 0.5721
2025-06-10 06:04:25 - INFO - No improvement for 65 epochs
2025-06-10 06:04:28 - INFO - [Train] Epoch 00184 | train_loss 13.9989 | train_rmse 5.9367 | lr 0.000016
2025-06-10 06:04:28 - INFO - [Validate] Epoch 00184 | valid_rmse 3.6450 | valid_pr 0.9846 | valid_criterion 3.9236 | score 0.6076
2025-06-10 06:04:28 - INFO - No improvement for 66 epochs
2025-06-10 06:04:30 - INFO - [Train] Epoch 00185 | train_loss 17.9417 | train_rmse 6.4843 | lr 0.000016
2025-06-10 06:04:30 - INFO - [Validate] Epoch 00185 | valid_rmse 4.0478 | valid_pr 0.9787 | valid_criterion 5.6209 | score 0.4379
2025-06-10 06:04:30 - INFO - No improvement for 67 epochs
2025-06-10 06:04:33 - INFO - [Train] Epoch 00186 | train_loss 18.3804 | train_rmse 6.6286 | lr 0.000003
2025-06-10 06:04:33 - INFO - [Validate] Epoch 00186 | valid_rmse 3.3882 | valid_pr 0.9838 | valid_criterion 3.0931 | score 0.6907
2025-06-10 06:04:33 - INFO - No improvement for 68 epochs
2025-06-10 06:04:35 - INFO - [Train] Epoch 00187 | train_loss 13.0627 | train_rmse 5.5781 | lr 0.000003
2025-06-10 06:04:35 - INFO - [Validate] Epoch 00187 | valid_rmse 2.8963 | valid_pr 0.9894 | valid_criterion 2.9944 | score 0.7006
2025-06-10 06:04:35 - INFO - No improvement for 69 epochs
2025-06-10 06:04:38 - INFO - [Train] Epoch 00188 | train_loss 18.2510 | train_rmse 6.6804 | lr 0.000003
2025-06-10 06:04:38 - INFO - [Validate] Epoch 00188 | valid_rmse 3.5996 | valid_pr 0.9826 | valid_criterion 3.3689 | score 0.6631
2025-06-10 06:04:38 - INFO - No improvement for 70 epochs
2025-06-10 06:04:40 - INFO - [Train] Epoch 00189 | train_loss 13.5020 | train_rmse 6.0641 | lr 0.000003
2025-06-10 06:04:40 - INFO - [Validate] Epoch 00189 | valid_rmse 4.8414 | valid_pr 0.9691 | valid_criterion 7.4001 | score 0.2600
2025-06-10 06:04:40 - INFO - No improvement for 71 epochs
2025-06-10 06:04:43 - INFO - [Train] Epoch 00190 | train_loss 14.7642 | train_rmse 6.0346 | lr 0.000003
2025-06-10 06:04:43 - INFO - [Validate] Epoch 00190 | valid_rmse 3.4099 | valid_pr 0.9834 | valid_criterion 5.0289 | score 0.4971
2025-06-10 06:04:43 - INFO - No improvement for 72 epochs
2025-06-10 06:04:46 - INFO - [Train] Epoch 00191 | train_loss 13.9907 | train_rmse 5.8944 | lr 0.000003
2025-06-10 06:04:46 - INFO - [Validate] Epoch 00191 | valid_rmse 3.4445 | valid_pr 0.9845 | valid_criterion 4.1962 | score 0.5804
2025-06-10 06:04:46 - INFO - No improvement for 73 epochs
2025-06-10 06:04:48 - INFO - [Train] Epoch 00192 | train_loss 17.2130 | train_rmse 6.6067 | lr 0.000003
2025-06-10 06:04:48 - INFO - [Validate] Epoch 00192 | valid_rmse 4.3318 | valid_pr 0.9745 | valid_criterion 6.1448 | score 0.3855
2025-06-10 06:04:48 - INFO - No improvement for 74 epochs
2025-06-10 06:04:51 - INFO - [Train] Epoch 00193 | train_loss 16.0135 | train_rmse 6.1633 | lr 0.000003
2025-06-10 06:04:51 - INFO - [Validate] Epoch 00193 | valid_rmse 3.0007 | valid_pr 0.9877 | valid_criterion 3.0365 | score 0.6963
2025-06-10 06:04:51 - INFO - No improvement for 75 epochs
2025-06-10 06:04:53 - INFO - [Train] Epoch 00194 | train_loss 14.7481 | train_rmse 6.0751 | lr 0.000003
2025-06-10 06:04:53 - INFO - [Validate] Epoch 00194 | valid_rmse 3.7483 | valid_pr 0.9815 | valid_criterion 5.4510 | score 0.4549
2025-06-10 06:04:53 - INFO - No improvement for 76 epochs
2025-06-10 06:04:56 - INFO - [Train] Epoch 00195 | train_loss 14.4859 | train_rmse 5.9942 | lr 0.000003
2025-06-10 06:04:56 - INFO - [Validate] Epoch 00195 | valid_rmse 4.2587 | valid_pr 0.9814 | valid_criterion 6.2778 | score 0.3722
2025-06-10 06:04:56 - INFO - No improvement for 77 epochs
2025-06-10 06:04:59 - INFO - [Train] Epoch 00196 | train_loss 18.5135 | train_rmse 6.5722 | lr 0.000003
2025-06-10 06:04:59 - INFO - [Validate] Epoch 00196 | valid_rmse 3.9623 | valid_pr 0.9783 | valid_criterion 5.5128 | score 0.4487
2025-06-10 06:04:59 - INFO - No improvement for 78 epochs
2025-06-10 06:05:01 - INFO - [Train] Epoch 00197 | train_loss 17.0007 | train_rmse 6.6584 | lr 0.000003
2025-06-10 06:05:01 - INFO - [Validate] Epoch 00197 | valid_rmse 3.9629 | valid_pr 0.9792 | valid_criterion 5.2825 | score 0.4718
2025-06-10 06:05:01 - INFO - No improvement for 79 epochs
2025-06-10 06:05:04 - INFO - [Train] Epoch 00198 | train_loss 19.2958 | train_rmse 6.7008 | lr 0.000003
2025-06-10 06:05:04 - INFO - [Validate] Epoch 00198 | valid_rmse 4.4153 | valid_pr 0.9739 | valid_criterion 6.5101 | score 0.3490
2025-06-10 06:05:04 - INFO - No improvement for 80 epochs
2025-06-10 06:05:06 - INFO - [Train] Epoch 00199 | train_loss 15.9721 | train_rmse 6.2180 | lr 0.000003
2025-06-10 06:05:06 - INFO - [Validate] Epoch 00199 | valid_rmse 3.7815 | valid_pr 0.9811 | valid_criterion 4.0232 | score 0.5977
2025-06-10 06:05:06 - INFO - No improvement for 81 epochs
2025-06-10 06:05:09 - INFO - [Train] Epoch 00200 | train_loss 15.0237 | train_rmse 5.9218 | lr 0.000003
2025-06-10 06:05:09 - INFO - [Validate] Epoch 00200 | valid_rmse 3.6136 | valid_pr 0.9834 | valid_criterion 5.6913 | score 0.4309
2025-06-10 06:05:09 - INFO - No improvement for 82 epochs
2025-06-10 06:05:12 - INFO - [Train] Epoch 00201 | train_loss 17.8791 | train_rmse 6.7932 | lr 0.000003
2025-06-10 06:05:12 - INFO - [Validate] Epoch 00201 | valid_rmse 4.2043 | valid_pr 0.9761 | valid_criterion 6.4221 | score 0.3578
2025-06-10 06:05:12 - INFO - No improvement for 83 epochs
2025-06-10 06:05:14 - INFO - [Train] Epoch 00202 | train_loss 12.4365 | train_rmse 5.7785 | lr 0.000003
2025-06-10 06:05:14 - INFO - [Validate] Epoch 00202 | valid_rmse 4.0114 | valid_pr 0.9797 | valid_criterion 5.9200 | score 0.4080
2025-06-10 06:05:14 - INFO - No improvement for 84 epochs
2025-06-10 06:05:17 - INFO - [Train] Epoch 00203 | train_loss 13.6707 | train_rmse 6.0034 | lr 0.000003
2025-06-10 06:05:17 - INFO - [Validate] Epoch 00203 | valid_rmse 3.5913 | valid_pr 0.9847 | valid_criterion 5.4361 | score 0.4564
2025-06-10 06:05:17 - INFO - No improvement for 85 epochs
2025-06-10 06:05:20 - INFO - [Train] Epoch 00204 | train_loss 16.5284 | train_rmse 6.5102 | lr 0.000003
2025-06-10 06:05:20 - INFO - [Validate] Epoch 00204 | valid_rmse 3.8589 | valid_pr 0.9811 | valid_criterion 5.0791 | score 0.4921
2025-06-10 06:05:20 - INFO - No improvement for 86 epochs
2025-06-10 06:05:22 - INFO - [Train] Epoch 00205 | train_loss 14.4216 | train_rmse 6.1904 | lr 0.000003
2025-06-10 06:05:22 - INFO - [Validate] Epoch 00205 | valid_rmse 4.2020 | valid_pr 0.9759 | valid_criterion 4.2986 | score 0.5701
2025-06-10 06:05:22 - INFO - No improvement for 87 epochs
2025-06-10 06:05:25 - INFO - [Train] Epoch 00206 | train_loss 15.9234 | train_rmse 6.1843 | lr 0.000003
2025-06-10 06:05:25 - INFO - [Validate] Epoch 00206 | valid_rmse 3.7066 | valid_pr 0.9815 | valid_criterion 3.5347 | score 0.6465
2025-06-10 06:05:25 - INFO - No improvement for 88 epochs
2025-06-10 06:05:27 - INFO - [Train] Epoch 00207 | train_loss 18.3945 | train_rmse 6.6898 | lr 0.000001
2025-06-10 06:05:27 - INFO - [Validate] Epoch 00207 | valid_rmse 2.7579 | valid_pr 0.9903 | valid_criterion 2.4376 | score 0.7562
2025-06-10 06:05:27 - INFO - No improvement for 89 epochs
2025-06-10 06:05:30 - INFO - [Train] Epoch 00208 | train_loss 18.6025 | train_rmse 6.9415 | lr 0.000001
2025-06-10 06:05:30 - INFO - [Validate] Epoch 00208 | valid_rmse 3.6570 | valid_pr 0.9816 | valid_criterion 5.5018 | score 0.4498
2025-06-10 06:05:30 - INFO - No improvement for 90 epochs
2025-06-10 06:05:32 - INFO - [Train] Epoch 00209 | train_loss 15.6607 | train_rmse 6.0266 | lr 0.000001
2025-06-10 06:05:32 - INFO - [Validate] Epoch 00209 | valid_rmse 3.7868 | valid_pr 0.9881 | valid_criterion 4.1994 | score 0.5801
2025-06-10 06:05:32 - INFO - No improvement for 91 epochs
2025-06-10 06:05:35 - INFO - [Train] Epoch 00210 | train_loss 15.9314 | train_rmse 6.3624 | lr 0.000001
2025-06-10 06:05:35 - INFO - [Validate] Epoch 00210 | valid_rmse 3.4875 | valid_pr 0.9830 | valid_criterion 4.8165 | score 0.5183
2025-06-10 06:05:35 - INFO - No improvement for 92 epochs
2025-06-10 06:05:38 - INFO - [Train] Epoch 00211 | train_loss 16.9377 | train_rmse 6.5136 | lr 0.000001
2025-06-10 06:05:38 - INFO - [Validate] Epoch 00211 | valid_rmse 3.4500 | valid_pr 0.9851 | valid_criterion 3.2724 | score 0.6728
2025-06-10 06:05:38 - INFO - No improvement for 93 epochs
2025-06-10 06:05:40 - INFO - [Train] Epoch 00212 | train_loss 16.7025 | train_rmse 6.1538 | lr 0.000001
2025-06-10 06:05:40 - INFO - [Validate] Epoch 00212 | valid_rmse 2.8268 | valid_pr 0.9894 | valid_criterion 3.7804 | score 0.6220
2025-06-10 06:05:40 - INFO - No improvement for 94 epochs
2025-06-10 06:05:43 - INFO - [Train] Epoch 00213 | train_loss 15.8020 | train_rmse 5.9765 | lr 0.000001
2025-06-10 06:05:43 - INFO - [Validate] Epoch 00213 | valid_rmse 2.8623 | valid_pr 0.9904 | valid_criterion 2.9025 | score 0.7097
2025-06-10 06:05:43 - INFO - No improvement for 95 epochs
2025-06-10 06:05:45 - INFO - [Train] Epoch 00214 | train_loss 17.5573 | train_rmse 6.5849 | lr 0.000001
2025-06-10 06:05:45 - INFO - [Validate] Epoch 00214 | valid_rmse 3.9571 | valid_pr 0.9803 | valid_criterion 4.5457 | score 0.5454
2025-06-10 06:05:45 - INFO - No improvement for 96 epochs
2025-06-10 06:05:48 - INFO - [Train] Epoch 00215 | train_loss 17.3924 | train_rmse 6.8059 | lr 0.000001
2025-06-10 06:05:48 - INFO - [Validate] Epoch 00215 | valid_rmse 3.4583 | valid_pr 0.9893 | valid_criterion 2.9420 | score 0.7058
2025-06-10 06:05:48 - INFO - No improvement for 97 epochs
2025-06-10 06:05:51 - INFO - [Train] Epoch 00216 | train_loss 18.9399 | train_rmse 6.6934 | lr 0.000001
2025-06-10 06:05:51 - INFO - [Validate] Epoch 00216 | valid_rmse 4.5647 | valid_pr 0.9745 | valid_criterion 7.1409 | score 0.2859
2025-06-10 06:05:51 - INFO - No improvement for 98 epochs
2025-06-10 06:05:54 - INFO - [Train] Epoch 00217 | train_loss 13.2152 | train_rmse 5.9808 | lr 0.000001
2025-06-10 06:05:54 - INFO - [Validate] Epoch 00217 | valid_rmse 3.3672 | valid_pr 0.9842 | valid_criterion 4.4611 | score 0.5539
2025-06-10 06:05:54 - INFO - No improvement for 99 epochs
2025-06-10 06:05:57 - INFO - [Train] Epoch 00218 | train_loss 16.1843 | train_rmse 6.3189 | lr 0.000001
2025-06-10 06:05:57 - INFO - [Validate] Epoch 00218 | valid_rmse 3.1295 | valid_pr 0.9867 | valid_criterion 3.0667 | score 0.6933
2025-06-10 06:05:57 - INFO - No improvement for 100 epochs
2025-06-10 06:05:57 - INFO - Early stopping triggered. No improvement for 100 epochs
2025-06-10 06:05:57 - INFO - Best model was saved at epoch 118
2025-06-10 06:05:57 - INFO - [Validate] Epoch 00218 | valid_rmse1 3.199112 | valid_pr1 0.988787 | valid_criterion 1.946492
