2025-06-03 08:35:26 - INFO - 01.1_train.py
2025-06-03 08:35:26 - INFO - train data: 924
2025-06-03 08:35:26 - INFO - valid data: 198
2025-06-03 08:35:26 - INFO - Total parameters: 1212803
2025-06-03 08:35:26 - INFO - Trainable parameters: 1212803
2025-06-03 08:35:29 - INFO - [Train] Epoch 00000 | train_loss 819.2943 | train_rmse 41.8157 | lr 0.000201
2025-06-03 08:35:29 - INFO - [Validate] Epoch 00000 | valid_rmse 41.5413 | valid_pr 0.1988 | valid_criterion 20.2462 | score -1.0246
2025-06-03 08:35:29 - INFO - [Validate] Best score achieved: -1.024624
2025-06-03 08:35:32 - INFO - [Train] Epoch 00001 | train_loss 802.8291 | train_rmse 41.7118 | lr 0.000401
2025-06-03 08:35:32 - INFO - [Validate] Epoch 00001 | valid_rmse 41.1525 | valid_pr 0.0952 | valid_criterion 21.1874 | score -1.1187
2025-06-03 08:35:32 - INFO - No improvement for 1 epochs
2025-06-03 08:35:34 - INFO - [Train] Epoch 00002 | train_loss 721.3582 | train_rmse 40.3473 | lr 0.000601
2025-06-03 08:35:34 - INFO - [Validate] Epoch 00002 | valid_rmse 42.4217 | valid_pr 0.7011 | valid_criterion 32.8438 | score -2.2844
2025-06-03 08:35:34 - INFO - No improvement for 2 epochs
2025-06-03 08:35:37 - INFO - [Train] Epoch 00003 | train_loss 635.8832 | train_rmse 39.3324 | lr 0.000801
2025-06-03 08:35:37 - INFO - [Validate] Epoch 00003 | valid_rmse 36.1639 | valid_pr 0.4492 | valid_criterion 30.5179 | score -2.0518
2025-06-03 08:35:37 - INFO - No improvement for 3 epochs
2025-06-03 08:35:39 - INFO - [Train] Epoch 00004 | train_loss 545.9267 | train_rmse 39.1918 | lr 0.001001
2025-06-03 08:35:39 - INFO - [Validate] Epoch 00004 | valid_rmse 38.2359 | valid_pr 0.5387 | valid_criterion 26.4042 | score -1.6404
2025-06-03 08:35:39 - INFO - No improvement for 4 epochs
2025-06-03 08:35:41 - INFO - [Train] Epoch 00005 | train_loss 491.0242 | train_rmse 39.9653 | lr 0.001201
2025-06-03 08:35:41 - INFO - [Validate] Epoch 00005 | valid_rmse 44.1094 | valid_pr 0.8088 | valid_criterion 40.9320 | score -3.0932
2025-06-03 08:35:41 - INFO - No improvement for 5 epochs
2025-06-03 08:35:44 - INFO - [Train] Epoch 00006 | train_loss 406.8312 | train_rmse 40.5269 | lr 0.001401
2025-06-03 08:35:44 - INFO - [Validate] Epoch 00006 | valid_rmse 37.0762 | valid_pr 0.7982 | valid_criterion 38.3606 | score -2.8361
2025-06-03 08:35:44 - INFO - No improvement for 6 epochs
2025-06-03 08:35:46 - INFO - [Train] Epoch 00007 | train_loss 313.1062 | train_rmse 42.3810 | lr 0.001601
2025-06-03 08:35:46 - INFO - [Validate] Epoch 00007 | valid_rmse 20.1690 | valid_pr 0.7605 | valid_criterion 18.2285 | score -0.8229
2025-06-03 08:35:46 - INFO - [Validate] Best score achieved: -0.822854
2025-06-03 08:35:49 - INFO - [Train] Epoch 00008 | train_loss 287.4160 | train_rmse 42.8376 | lr 0.001801
2025-06-03 08:35:49 - INFO - [Validate] Epoch 00008 | valid_rmse 39.9767 | valid_pr 0.5372 | valid_criterion 57.1827 | score -4.7183
2025-06-03 08:35:49 - INFO - No improvement for 1 epochs
2025-06-03 08:35:51 - INFO - [Train] Epoch 00009 | train_loss 211.0798 | train_rmse 43.1868 | lr 0.002001
2025-06-03 08:35:51 - INFO - [Validate] Epoch 00009 | valid_rmse 21.3528 | valid_pr 0.6526 | valid_criterion 22.5980 | score -1.2598
2025-06-03 08:35:51 - INFO - No improvement for 2 epochs
2025-06-03 08:35:53 - INFO - [Train] Epoch 00010 | train_loss 101.4664 | train_rmse 38.0081 | lr 0.002201
2025-06-03 08:35:53 - INFO - [Validate] Epoch 00010 | valid_rmse 7.9486 | valid_pr 0.9478 | valid_criterion 5.8009 | score 0.4199
2025-06-03 08:35:53 - INFO - [Validate] Best score achieved: 0.419909
2025-06-03 08:35:56 - INFO - [Train] Epoch 00011 | train_loss 65.0181 | train_rmse 19.8216 | lr 0.002401
2025-06-03 08:35:56 - INFO - [Validate] Epoch 00011 | valid_rmse 10.7475 | valid_pr 0.8614 | valid_criterion 8.4032 | score 0.1597
2025-06-03 08:35:56 - INFO - No improvement for 1 epochs
2025-06-03 08:35:58 - INFO - [Train] Epoch 00012 | train_loss 38.2735 | train_rmse 9.6318 | lr 0.002601
2025-06-03 08:35:58 - INFO - [Validate] Epoch 00012 | valid_rmse 8.5567 | valid_pr 0.9501 | valid_criterion 6.0838 | score 0.3916
2025-06-03 08:35:58 - INFO - No improvement for 2 epochs
2025-06-03 08:36:01 - INFO - [Train] Epoch 00013 | train_loss 28.7345 | train_rmse 7.7745 | lr 0.002801
2025-06-03 08:36:01 - INFO - [Validate] Epoch 00013 | valid_rmse 7.4086 | valid_pr 0.9449 | valid_criterion 13.4463 | score -0.3446
2025-06-03 08:36:01 - INFO - No improvement for 3 epochs
2025-06-03 08:36:03 - INFO - [Train] Epoch 00014 | train_loss 24.8139 | train_rmse 7.0487 | lr 0.003001
2025-06-03 08:36:03 - INFO - [Validate] Epoch 00014 | valid_rmse 5.3529 | valid_pr 0.9691 | valid_criterion 5.1515 | score 0.4848
2025-06-03 08:36:03 - INFO - [Validate] Best score achieved: 0.484846
2025-06-03 08:36:06 - INFO - [Train] Epoch 00015 | train_loss 29.3455 | train_rmse 7.8234 | lr 0.003201
2025-06-03 08:36:06 - INFO - [Validate] Epoch 00015 | valid_rmse 8.1228 | valid_pr 0.9470 | valid_criterion 6.2625 | score 0.3738
2025-06-03 08:36:06 - INFO - No improvement for 1 epochs
2025-06-03 08:36:08 - INFO - [Train] Epoch 00016 | train_loss 28.4800 | train_rmse 7.6260 | lr 0.003401
2025-06-03 08:36:08 - INFO - [Validate] Epoch 00016 | valid_rmse 7.8569 | valid_pr 0.9386 | valid_criterion 8.3246 | score 0.1675
2025-06-03 08:36:08 - INFO - No improvement for 2 epochs
2025-06-03 08:36:11 - INFO - [Train] Epoch 00017 | train_loss 26.4814 | train_rmse 7.2295 | lr 0.003601
2025-06-03 08:36:11 - INFO - [Validate] Epoch 00017 | valid_rmse 5.1739 | valid_pr 0.9765 | valid_criterion 7.0341 | score 0.2966
2025-06-03 08:36:11 - INFO - No improvement for 3 epochs
2025-06-03 08:36:13 - INFO - [Train] Epoch 00018 | train_loss 16.7776 | train_rmse 5.8985 | lr 0.003801
2025-06-03 08:36:13 - INFO - [Validate] Epoch 00018 | valid_rmse 5.6494 | valid_pr 0.9786 | valid_criterion 7.2331 | score 0.2767
2025-06-03 08:36:13 - INFO - No improvement for 4 epochs
2025-06-03 08:36:15 - INFO - [Train] Epoch 00019 | train_loss 16.5115 | train_rmse 5.5099 | lr 0.004001
2025-06-03 08:36:15 - INFO - [Validate] Epoch 00019 | valid_rmse 5.8703 | valid_pr 0.9883 | valid_criterion 4.0279 | score 0.5972
2025-06-03 08:36:15 - INFO - [Validate] Best score achieved: 0.597205
2025-06-03 08:36:18 - INFO - [Train] Epoch 00020 | train_loss 20.0894 | train_rmse 6.2363 | lr 0.004201
2025-06-03 08:36:18 - INFO - [Validate] Epoch 00020 | valid_rmse 3.7817 | valid_pr 0.9802 | valid_criterion 3.7455 | score 0.6254
2025-06-03 08:36:18 - INFO - [Validate] Best score achieved: 0.625448
2025-06-03 08:36:20 - INFO - [Train] Epoch 00021 | train_loss 19.7482 | train_rmse 6.3496 | lr 0.004401
2025-06-03 08:36:20 - INFO - [Validate] Epoch 00021 | valid_rmse 5.2179 | valid_pr 0.9763 | valid_criterion 7.0713 | score 0.2929
2025-06-03 08:36:20 - INFO - No improvement for 1 epochs
2025-06-03 08:36:23 - INFO - [Train] Epoch 00022 | train_loss 19.7925 | train_rmse 6.1642 | lr 0.004601
2025-06-03 08:36:23 - INFO - [Validate] Epoch 00022 | valid_rmse 3.2201 | valid_pr 0.9887 | valid_criterion 6.8431 | score 0.3157
2025-06-03 08:36:23 - INFO - No improvement for 2 epochs
2025-06-03 08:36:25 - INFO - [Train] Epoch 00023 | train_loss 15.1230 | train_rmse 5.2189 | lr 0.004801
2025-06-03 08:36:25 - INFO - [Validate] Epoch 00023 | valid_rmse 3.3319 | valid_pr 0.9859 | valid_criterion 4.2319 | score 0.5768
2025-06-03 08:36:25 - INFO - No improvement for 3 epochs
2025-06-03 08:36:28 - INFO - [Train] Epoch 00024 | train_loss 19.7751 | train_rmse 6.1962 | lr 0.005001
2025-06-03 08:36:28 - INFO - [Validate] Epoch 00024 | valid_rmse 6.7444 | valid_pr 0.9710 | valid_criterion 9.2025 | score 0.0798
2025-06-03 08:36:28 - INFO - No improvement for 4 epochs
2025-06-03 08:36:30 - INFO - [Train] Epoch 00025 | train_loss 19.0863 | train_rmse 6.1146 | lr 0.005200
2025-06-03 08:36:30 - INFO - [Validate] Epoch 00025 | valid_rmse 5.1182 | valid_pr 0.9727 | valid_criterion 8.8791 | score 0.1121
2025-06-03 08:36:30 - INFO - No improvement for 5 epochs
2025-06-03 08:36:32 - INFO - [Train] Epoch 00026 | train_loss 14.9516 | train_rmse 5.1785 | lr 0.005400
2025-06-03 08:36:32 - INFO - [Validate] Epoch 00026 | valid_rmse 4.1781 | valid_pr 0.9874 | valid_criterion 2.2247 | score 0.7775
2025-06-03 08:36:33 - INFO - [Validate] Best score achieved: 0.777526
2025-06-03 08:36:35 - INFO - [Train] Epoch 00027 | train_loss 20.1855 | train_rmse 6.2606 | lr 0.005600
2025-06-03 08:36:35 - INFO - [Validate] Epoch 00027 | valid_rmse 3.9474 | valid_pr 0.9848 | valid_criterion 4.0387 | score 0.5961
2025-06-03 08:36:35 - INFO - No improvement for 1 epochs
2025-06-03 08:36:37 - INFO - [Train] Epoch 00028 | train_loss 21.1457 | train_rmse 6.5050 | lr 0.005800
2025-06-03 08:36:37 - INFO - [Validate] Epoch 00028 | valid_rmse 4.1828 | valid_pr 0.9831 | valid_criterion 3.6136 | score 0.6386
2025-06-03 08:36:37 - INFO - No improvement for 2 epochs
2025-06-03 08:36:40 - INFO - [Train] Epoch 00029 | train_loss 17.5908 | train_rmse 5.9227 | lr 0.006000
2025-06-03 08:36:40 - INFO - [Validate] Epoch 00029 | valid_rmse 3.6902 | valid_pr 0.9848 | valid_criterion 1.8445 | score 0.8155
2025-06-03 08:36:40 - INFO - [Validate] Best score achieved: 0.815546
2025-06-03 08:36:42 - INFO - [Train] Epoch 00030 | train_loss 19.2448 | train_rmse 6.0670 | lr 0.006200
2025-06-03 08:36:42 - INFO - [Validate] Epoch 00030 | valid_rmse 4.3128 | valid_pr 0.9806 | valid_criterion 6.1679 | score 0.3832
2025-06-03 08:36:42 - INFO - No improvement for 1 epochs
2025-06-03 08:36:44 - INFO - [Train] Epoch 00031 | train_loss 18.2707 | train_rmse 5.8637 | lr 0.006400
2025-06-03 08:36:44 - INFO - [Validate] Epoch 00031 | valid_rmse 6.6575 | valid_pr 0.9879 | valid_criterion 9.7348 | score 0.0265
2025-06-03 08:36:44 - INFO - No improvement for 2 epochs
2025-06-03 08:36:47 - INFO - [Train] Epoch 00032 | train_loss 17.1342 | train_rmse 5.6337 | lr 0.006600
2025-06-03 08:36:47 - INFO - [Validate] Epoch 00032 | valid_rmse 5.1612 | valid_pr 0.9858 | valid_criterion 8.7630 | score 0.1237
2025-06-03 08:36:47 - INFO - No improvement for 3 epochs
2025-06-03 08:36:49 - INFO - [Train] Epoch 00033 | train_loss 20.8676 | train_rmse 6.5008 | lr 0.006800
2025-06-03 08:36:49 - INFO - [Validate] Epoch 00033 | valid_rmse 9.2937 | valid_pr 0.9748 | valid_criterion 9.6028 | score 0.0397
2025-06-03 08:36:49 - INFO - No improvement for 4 epochs
2025-06-03 08:36:52 - INFO - [Train] Epoch 00034 | train_loss 17.9496 | train_rmse 5.7273 | lr 0.007000
2025-06-03 08:36:52 - INFO - [Validate] Epoch 00034 | valid_rmse 5.1653 | valid_pr 0.9625 | valid_criterion 7.5501 | score 0.2450
2025-06-03 08:36:52 - INFO - No improvement for 5 epochs
2025-06-03 08:36:54 - INFO - [Train] Epoch 00035 | train_loss 16.8511 | train_rmse 5.8455 | lr 0.007200
2025-06-03 08:36:54 - INFO - [Validate] Epoch 00035 | valid_rmse 5.5657 | valid_pr 0.9799 | valid_criterion 5.6848 | score 0.4315
2025-06-03 08:36:54 - INFO - No improvement for 6 epochs
2025-06-03 08:36:57 - INFO - [Train] Epoch 00036 | train_loss 14.2685 | train_rmse 5.1197 | lr 0.007400
2025-06-03 08:36:57 - INFO - [Validate] Epoch 00036 | valid_rmse 7.2279 | valid_pr 0.9349 | valid_criterion 10.3232 | score -0.0323
2025-06-03 08:36:57 - INFO - No improvement for 7 epochs
2025-06-03 08:36:59 - INFO - [Train] Epoch 00037 | train_loss 14.6166 | train_rmse 5.2585 | lr 0.007600
2025-06-03 08:36:59 - INFO - [Validate] Epoch 00037 | valid_rmse 4.2837 | valid_pr 0.9746 | valid_criterion 7.4472 | score 0.2553
2025-06-03 08:36:59 - INFO - No improvement for 8 epochs
2025-06-03 08:37:02 - INFO - [Train] Epoch 00038 | train_loss 19.4301 | train_rmse 6.1763 | lr 0.007800
2025-06-03 08:37:02 - INFO - [Validate] Epoch 00038 | valid_rmse 4.4560 | valid_pr 0.9826 | valid_criterion 7.5010 | score 0.2499
2025-06-03 08:37:02 - INFO - No improvement for 9 epochs
2025-06-03 08:37:04 - INFO - [Train] Epoch 00039 | train_loss 15.1773 | train_rmse 5.3419 | lr 0.008000
2025-06-03 08:37:04 - INFO - [Validate] Epoch 00039 | valid_rmse 3.7376 | valid_pr 0.9833 | valid_criterion 6.7934 | score 0.3207
2025-06-03 08:37:04 - INFO - No improvement for 10 epochs
2025-06-03 08:37:06 - INFO - [Train] Epoch 00040 | train_loss 20.8356 | train_rmse 6.2206 | lr 0.008200
2025-06-03 08:37:06 - INFO - [Validate] Epoch 00040 | valid_rmse 4.9446 | valid_pr 0.9857 | valid_criterion 3.5194 | score 0.6481
2025-06-03 08:37:06 - INFO - No improvement for 11 epochs
2025-06-03 08:37:09 - INFO - [Train] Epoch 00041 | train_loss 15.0135 | train_rmse 5.3627 | lr 0.008400
2025-06-03 08:37:09 - INFO - [Validate] Epoch 00041 | valid_rmse 4.4244 | valid_pr 0.9740 | valid_criterion 8.5851 | score 0.1415
2025-06-03 08:37:09 - INFO - No improvement for 12 epochs
2025-06-03 08:37:11 - INFO - [Train] Epoch 00042 | train_loss 16.5438 | train_rmse 5.6140 | lr 0.008600
2025-06-03 08:37:11 - INFO - [Validate] Epoch 00042 | valid_rmse 3.1752 | valid_pr 0.9866 | valid_criterion 5.1529 | score 0.4847
2025-06-03 08:37:11 - INFO - No improvement for 13 epochs
2025-06-03 08:37:14 - INFO - [Train] Epoch 00043 | train_loss 19.1251 | train_rmse 6.0862 | lr 0.008800
2025-06-03 08:37:14 - INFO - [Validate] Epoch 00043 | valid_rmse 5.0969 | valid_pr 0.9626 | valid_criterion 9.2758 | score 0.0724
2025-06-03 08:37:14 - INFO - No improvement for 14 epochs
2025-06-03 08:37:16 - INFO - [Train] Epoch 00044 | train_loss 21.2793 | train_rmse 6.3756 | lr 0.009000
2025-06-03 08:37:16 - INFO - [Validate] Epoch 00044 | valid_rmse 3.0561 | valid_pr 0.9874 | valid_criterion 4.2746 | score 0.5725
2025-06-03 08:37:16 - INFO - No improvement for 15 epochs
2025-06-03 08:37:19 - INFO - [Train] Epoch 00045 | train_loss 16.7583 | train_rmse 5.6019 | lr 0.009200
2025-06-03 08:37:19 - INFO - [Validate] Epoch 00045 | valid_rmse 3.6401 | valid_pr 0.9826 | valid_criterion 4.7666 | score 0.5233
2025-06-03 08:37:19 - INFO - No improvement for 16 epochs
2025-06-03 08:37:21 - INFO - [Train] Epoch 00046 | train_loss 13.3107 | train_rmse 5.0132 | lr 0.009400
2025-06-03 08:37:21 - INFO - [Validate] Epoch 00046 | valid_rmse 4.6819 | valid_pr 0.9800 | valid_criterion 3.6922 | score 0.6308
2025-06-03 08:37:21 - INFO - No improvement for 17 epochs
2025-06-03 08:37:24 - INFO - [Train] Epoch 00047 | train_loss 17.0729 | train_rmse 5.6496 | lr 0.009600
2025-06-03 08:37:24 - INFO - [Validate] Epoch 00047 | valid_rmse 3.6246 | valid_pr 0.9873 | valid_criterion 6.3872 | score 0.3613
2025-06-03 08:37:24 - INFO - No improvement for 18 epochs
2025-06-03 08:37:26 - INFO - [Train] Epoch 00048 | train_loss 16.1641 | train_rmse 5.5030 | lr 0.009800
2025-06-03 08:37:26 - INFO - [Validate] Epoch 00048 | valid_rmse 2.9508 | valid_pr 0.9880 | valid_criterion 3.9899 | score 0.6010
2025-06-03 08:37:26 - INFO - No improvement for 19 epochs
2025-06-03 08:37:28 - INFO - [Train] Epoch 00049 | train_loss 21.5766 | train_rmse 6.3771 | lr 0.010000
2025-06-03 08:37:28 - INFO - [Validate] Epoch 00049 | valid_rmse 4.1422 | valid_pr 0.9862 | valid_criterion 3.2848 | score 0.6715
2025-06-03 08:37:28 - INFO - No improvement for 20 epochs
2025-06-03 08:37:31 - INFO - [Train] Epoch 00050 | train_loss 12.8242 | train_rmse 4.9819 | lr 0.010000
2025-06-03 08:37:31 - INFO - [Validate] Epoch 00050 | valid_rmse 3.0520 | valid_pr 0.9921 | valid_criterion 4.4467 | score 0.5553
2025-06-03 08:37:31 - INFO - No improvement for 21 epochs
2025-06-03 08:37:33 - INFO - [Train] Epoch 00051 | train_loss 17.2873 | train_rmse 5.7888 | lr 0.010000
2025-06-03 08:37:33 - INFO - [Validate] Epoch 00051 | valid_rmse 3.4425 | valid_pr 0.9838 | valid_criterion 4.7863 | score 0.5214
2025-06-03 08:37:33 - INFO - No improvement for 22 epochs
2025-06-03 08:37:35 - INFO - [Train] Epoch 00052 | train_loss 17.4309 | train_rmse 5.7947 | lr 0.010000
2025-06-03 08:37:35 - INFO - [Validate] Epoch 00052 | valid_rmse 4.9896 | valid_pr 0.9678 | valid_criterion 4.8393 | score 0.5161
2025-06-03 08:37:35 - INFO - No improvement for 23 epochs
2025-06-03 08:37:38 - INFO - [Train] Epoch 00053 | train_loss 14.3417 | train_rmse 5.3502 | lr 0.010000
2025-06-03 08:37:38 - INFO - [Validate] Epoch 00053 | valid_rmse 5.4084 | valid_pr 0.9908 | valid_criterion 6.6295 | score 0.3371
2025-06-03 08:37:38 - INFO - No improvement for 24 epochs
2025-06-03 08:37:40 - INFO - [Train] Epoch 00054 | train_loss 17.5927 | train_rmse 5.7207 | lr 0.010000
2025-06-03 08:37:40 - INFO - [Validate] Epoch 00054 | valid_rmse 3.9904 | valid_pr 0.9810 | valid_criterion 4.3418 | score 0.5658
2025-06-03 08:37:40 - INFO - No improvement for 25 epochs
2025-06-03 08:37:43 - INFO - [Train] Epoch 00055 | train_loss 19.3812 | train_rmse 6.1344 | lr 0.010000
2025-06-03 08:37:43 - INFO - [Validate] Epoch 00055 | valid_rmse 3.8860 | valid_pr 0.9889 | valid_criterion 6.0108 | score 0.3989
2025-06-03 08:37:43 - INFO - No improvement for 26 epochs
2025-06-03 08:37:45 - INFO - [Train] Epoch 00056 | train_loss 13.3160 | train_rmse 4.9456 | lr 0.010000
2025-06-03 08:37:45 - INFO - [Validate] Epoch 00056 | valid_rmse 3.4915 | valid_pr 0.9923 | valid_criterion 5.6907 | score 0.4309
2025-06-03 08:37:45 - INFO - No improvement for 27 epochs
2025-06-03 08:37:47 - INFO - [Train] Epoch 00057 | train_loss 14.3560 | train_rmse 5.1989 | lr 0.010000
2025-06-03 08:37:47 - INFO - [Validate] Epoch 00057 | valid_rmse 4.9313 | valid_pr 0.9870 | valid_criterion 2.6033 | score 0.7397
2025-06-03 08:37:47 - INFO - No improvement for 28 epochs
2025-06-03 08:37:50 - INFO - [Train] Epoch 00058 | train_loss 23.2030 | train_rmse 6.8223 | lr 0.010000
2025-06-03 08:37:50 - INFO - [Validate] Epoch 00058 | valid_rmse 4.8390 | valid_pr 0.9743 | valid_criterion 5.6279 | score 0.4372
2025-06-03 08:37:50 - INFO - No improvement for 29 epochs
2025-06-03 08:37:52 - INFO - [Train] Epoch 00059 | train_loss 15.0190 | train_rmse 5.4022 | lr 0.010000
2025-06-03 08:37:52 - INFO - [Validate] Epoch 00059 | valid_rmse 7.1915 | valid_pr 0.9579 | valid_criterion 5.7717 | score 0.4228
2025-06-03 08:37:52 - INFO - No improvement for 30 epochs
2025-06-03 08:37:55 - INFO - [Train] Epoch 00060 | train_loss 15.6762 | train_rmse 5.3801 | lr 0.010000
2025-06-03 08:37:55 - INFO - [Validate] Epoch 00060 | valid_rmse 4.8486 | valid_pr 0.9916 | valid_criterion 2.9317 | score 0.7068
2025-06-03 08:37:55 - INFO - No improvement for 31 epochs
2025-06-03 08:37:57 - INFO - [Train] Epoch 00061 | train_loss 15.6626 | train_rmse 5.2627 | lr 0.010000
2025-06-03 08:37:57 - INFO - [Validate] Epoch 00061 | valid_rmse 6.0457 | valid_pr 0.9810 | valid_criterion 7.2788 | score 0.2721
2025-06-03 08:37:57 - INFO - No improvement for 32 epochs
2025-06-03 08:38:00 - INFO - [Train] Epoch 00062 | train_loss 15.2129 | train_rmse 5.3277 | lr 0.010000
2025-06-03 08:38:00 - INFO - [Validate] Epoch 00062 | valid_rmse 4.6256 | valid_pr 0.9771 | valid_criterion 5.5272 | score 0.4473
2025-06-03 08:38:00 - INFO - No improvement for 33 epochs
2025-06-03 08:38:02 - INFO - [Train] Epoch 00063 | train_loss 17.0146 | train_rmse 5.5694 | lr 0.010000
2025-06-03 08:38:02 - INFO - [Validate] Epoch 00063 | valid_rmse 4.0889 | valid_pr 0.9771 | valid_criterion 6.4152 | score 0.3585
2025-06-03 08:38:02 - INFO - No improvement for 34 epochs
2025-06-03 08:38:05 - INFO - [Train] Epoch 00064 | train_loss 16.7190 | train_rmse 5.4817 | lr 0.010000
2025-06-03 08:38:05 - INFO - [Validate] Epoch 00064 | valid_rmse 3.6837 | valid_pr 0.9834 | valid_criterion 5.9797 | score 0.4020
2025-06-03 08:38:05 - INFO - No improvement for 35 epochs
2025-06-03 08:38:07 - INFO - [Train] Epoch 00065 | train_loss 14.5465 | train_rmse 5.1532 | lr 0.010000
2025-06-03 08:38:07 - INFO - [Validate] Epoch 00065 | valid_rmse 4.0318 | valid_pr 0.9822 | valid_criterion 6.3598 | score 0.3640
2025-06-03 08:38:07 - INFO - No improvement for 36 epochs
2025-06-03 08:38:10 - INFO - [Train] Epoch 00066 | train_loss 18.3473 | train_rmse 5.9984 | lr 0.010000
2025-06-03 08:38:10 - INFO - [Validate] Epoch 00066 | valid_rmse 2.7455 | valid_pr 0.9918 | valid_criterion 2.6247 | score 0.7375
2025-06-03 08:38:10 - INFO - No improvement for 37 epochs
2025-06-03 08:38:12 - INFO - [Train] Epoch 00067 | train_loss 17.4731 | train_rmse 5.7358 | lr 0.010000
2025-06-03 08:38:12 - INFO - [Validate] Epoch 00067 | valid_rmse 3.5967 | valid_pr 0.9817 | valid_criterion 5.5440 | score 0.4456
2025-06-03 08:38:12 - INFO - No improvement for 38 epochs
2025-06-03 08:38:14 - INFO - [Train] Epoch 00068 | train_loss 16.2381 | train_rmse 5.4888 | lr 0.010000
2025-06-03 08:38:14 - INFO - [Validate] Epoch 00068 | valid_rmse 4.8683 | valid_pr 0.9848 | valid_criterion 7.8838 | score 0.2116
2025-06-03 08:38:14 - INFO - No improvement for 39 epochs
2025-06-03 08:38:17 - INFO - [Train] Epoch 00069 | train_loss 16.8413 | train_rmse 5.7199 | lr 0.010000
2025-06-03 08:38:17 - INFO - [Validate] Epoch 00069 | valid_rmse 2.9817 | valid_pr 0.9890 | valid_criterion 2.2385 | score 0.7761
2025-06-03 08:38:17 - INFO - No improvement for 40 epochs
2025-06-03 08:38:19 - INFO - [Train] Epoch 00070 | train_loss 16.1741 | train_rmse 5.5223 | lr 0.010000
2025-06-03 08:38:19 - INFO - [Validate] Epoch 00070 | valid_rmse 3.0292 | valid_pr 0.9880 | valid_criterion 2.8473 | score 0.7153
2025-06-03 08:38:19 - INFO - No improvement for 41 epochs
2025-06-03 08:38:22 - INFO - [Train] Epoch 00071 | train_loss 14.6100 | train_rmse 5.1338 | lr 0.010000
2025-06-03 08:38:22 - INFO - [Validate] Epoch 00071 | valid_rmse 4.4728 | valid_pr 0.9776 | valid_criterion 7.3281 | score 0.2672
2025-06-03 08:38:22 - INFO - No improvement for 42 epochs
2025-06-03 08:38:24 - INFO - [Train] Epoch 00072 | train_loss 16.3699 | train_rmse 5.4998 | lr 0.010000
2025-06-03 08:38:24 - INFO - [Validate] Epoch 00072 | valid_rmse 4.6433 | valid_pr 0.9855 | valid_criterion 5.3346 | score 0.4665
2025-06-03 08:38:24 - INFO - No improvement for 43 epochs
2025-06-03 08:38:27 - INFO - [Train] Epoch 00073 | train_loss 13.5999 | train_rmse 4.8252 | lr 0.010000
2025-06-03 08:38:27 - INFO - [Validate] Epoch 00073 | valid_rmse 4.8305 | valid_pr 0.9696 | valid_criterion 7.0810 | score 0.2919
2025-06-03 08:38:27 - INFO - No improvement for 44 epochs
2025-06-03 08:38:29 - INFO - [Train] Epoch 00074 | train_loss 12.5528 | train_rmse 4.6676 | lr 0.010000
2025-06-03 08:38:29 - INFO - [Validate] Epoch 00074 | valid_rmse 3.4010 | valid_pr 0.9866 | valid_criterion 3.9103 | score 0.6090
2025-06-03 08:38:29 - INFO - No improvement for 45 epochs
2025-06-03 08:38:31 - INFO - [Train] Epoch 00075 | train_loss 13.2928 | train_rmse 4.7815 | lr 0.010000
2025-06-03 08:38:31 - INFO - [Validate] Epoch 00075 | valid_rmse 3.3896 | valid_pr 0.9853 | valid_criterion 5.7344 | score 0.4266
2025-06-03 08:38:31 - INFO - No improvement for 46 epochs
2025-06-03 08:38:34 - INFO - [Train] Epoch 00076 | train_loss 16.4935 | train_rmse 5.4491 | lr 0.010000
2025-06-03 08:38:34 - INFO - [Validate] Epoch 00076 | valid_rmse 5.2824 | valid_pr 0.9622 | valid_criterion 5.4917 | score 0.4508
2025-06-03 08:38:34 - INFO - No improvement for 47 epochs
2025-06-03 08:38:36 - INFO - [Train] Epoch 00077 | train_loss 14.5267 | train_rmse 5.0869 | lr 0.010000
2025-06-03 08:38:36 - INFO - [Validate] Epoch 00077 | valid_rmse 4.3146 | valid_pr 0.9919 | valid_criterion 3.0808 | score 0.6919
2025-06-03 08:38:36 - INFO - No improvement for 48 epochs
2025-06-03 08:38:39 - INFO - [Train] Epoch 00078 | train_loss 15.8193 | train_rmse 5.4452 | lr 0.010000
2025-06-03 08:38:39 - INFO - [Validate] Epoch 00078 | valid_rmse 3.1128 | valid_pr 0.9892 | valid_criterion 5.0069 | score 0.4993
2025-06-03 08:38:39 - INFO - No improvement for 49 epochs
2025-06-03 08:38:41 - INFO - [Train] Epoch 00079 | train_loss 14.4722 | train_rmse 5.0590 | lr 0.010000
2025-06-03 08:38:41 - INFO - [Validate] Epoch 00079 | valid_rmse 4.4732 | valid_pr 0.9731 | valid_criterion 5.9739 | score 0.4026
2025-06-03 08:38:41 - INFO - No improvement for 50 epochs
2025-06-03 08:38:44 - INFO - [Train] Epoch 00080 | train_loss 12.0995 | train_rmse 4.5748 | lr 0.010000
2025-06-03 08:38:44 - INFO - [Validate] Epoch 00080 | valid_rmse 3.3858 | valid_pr 0.9901 | valid_criterion 4.9284 | score 0.5072
2025-06-03 08:38:44 - INFO - No improvement for 51 epochs
2025-06-03 08:38:46 - INFO - [Train] Epoch 00081 | train_loss 11.7901 | train_rmse 4.5241 | lr 0.010000
2025-06-03 08:38:46 - INFO - [Validate] Epoch 00081 | valid_rmse 4.2943 | valid_pr 0.9921 | valid_criterion 6.3230 | score 0.3677
2025-06-03 08:38:46 - INFO - No improvement for 52 epochs
2025-06-03 08:38:49 - INFO - [Train] Epoch 00082 | train_loss 10.9788 | train_rmse 4.3334 | lr 0.010000
2025-06-03 08:38:49 - INFO - [Validate] Epoch 00082 | valid_rmse 2.7846 | valid_pr 0.9929 | valid_criterion 2.4782 | score 0.7522
2025-06-03 08:38:49 - INFO - No improvement for 53 epochs
2025-06-03 08:39:14 - INFO - [Train] Epoch 00083 | train_loss 23.4609 | train_rmse 6.5327 | lr 0.010000
2025-06-03 08:39:14 - INFO - [Validate] Epoch 00083 | valid_rmse 4.4883 | valid_pr 0.9831 | valid_criterion 2.7689 | score 0.7231
2025-06-03 08:39:14 - INFO - No improvement for 54 epochs
2025-06-03 08:39:16 - INFO - [Train] Epoch 00084 | train_loss 16.0359 | train_rmse 5.3784 | lr 0.010000
2025-06-03 08:39:16 - INFO - [Validate] Epoch 00084 | valid_rmse 4.0351 | valid_pr 0.9905 | valid_criterion 7.0489 | score 0.2951
2025-06-03 08:39:16 - INFO - No improvement for 55 epochs
2025-06-03 08:39:19 - INFO - [Train] Epoch 00085 | train_loss 17.7666 | train_rmse 5.7703 | lr 0.010000
2025-06-03 08:39:19 - INFO - [Validate] Epoch 00085 | valid_rmse 3.8315 | valid_pr 0.9943 | valid_criterion 1.6781 | score 0.8322
2025-06-03 08:39:19 - INFO - [Validate] Best score achieved: 0.832189
2025-06-03 08:39:21 - INFO - [Train] Epoch 00086 | train_loss 19.1669 | train_rmse 5.8848 | lr 0.010000
2025-06-03 08:39:21 - INFO - [Validate] Epoch 00086 | valid_rmse 6.0559 | valid_pr 0.9797 | valid_criterion 7.4526 | score 0.2547
2025-06-03 08:39:21 - INFO - No improvement for 1 epochs
2025-06-03 08:39:24 - INFO - [Train] Epoch 00087 | train_loss 18.2142 | train_rmse 5.7600 | lr 0.002000
2025-06-03 08:39:24 - INFO - [Validate] Epoch 00087 | valid_rmse 2.7511 | valid_pr 0.9897 | valid_criterion 2.5599 | score 0.7440
2025-06-03 08:39:24 - INFO - No improvement for 2 epochs
2025-06-03 08:39:26 - INFO - [Train] Epoch 00088 | train_loss 11.0673 | train_rmse 4.3615 | lr 0.002000
2025-06-03 08:39:26 - INFO - [Validate] Epoch 00088 | valid_rmse 2.6317 | valid_pr 0.9907 | valid_criterion 3.0895 | score 0.6911
2025-06-03 08:39:26 - INFO - No improvement for 3 epochs
2025-06-03 08:39:29 - INFO - [Train] Epoch 00089 | train_loss 11.9510 | train_rmse 4.6134 | lr 0.002000
2025-06-03 08:39:29 - INFO - [Validate] Epoch 00089 | valid_rmse 2.7811 | valid_pr 0.9908 | valid_criterion 3.1546 | score 0.6845
2025-06-03 08:39:29 - INFO - No improvement for 4 epochs
2025-06-03 08:39:32 - INFO - [Train] Epoch 00090 | train_loss 10.0169 | train_rmse 4.0176 | lr 0.002000
2025-06-03 08:39:32 - INFO - [Validate] Epoch 00090 | valid_rmse 2.6347 | valid_pr 0.9931 | valid_criterion 3.5053 | score 0.6495
2025-06-03 08:39:32 - INFO - No improvement for 5 epochs
2025-06-03 08:39:34 - INFO - [Train] Epoch 00091 | train_loss 13.0552 | train_rmse 4.7834 | lr 0.002000
2025-06-03 08:39:34 - INFO - [Validate] Epoch 00091 | valid_rmse 3.0964 | valid_pr 0.9938 | valid_criterion 4.1666 | score 0.5833
2025-06-03 08:39:34 - INFO - No improvement for 6 epochs
2025-06-03 08:39:37 - INFO - [Train] Epoch 00092 | train_loss 14.6335 | train_rmse 5.1863 | lr 0.002000
2025-06-03 08:39:37 - INFO - [Validate] Epoch 00092 | valid_rmse 2.8234 | valid_pr 0.9915 | valid_criterion 4.2155 | score 0.5784
2025-06-03 08:39:37 - INFO - No improvement for 7 epochs
2025-06-03 08:39:39 - INFO - [Train] Epoch 00093 | train_loss 8.7518 | train_rmse 3.7812 | lr 0.002000
2025-06-03 08:39:39 - INFO - [Validate] Epoch 00093 | valid_rmse 2.6884 | valid_pr 0.9906 | valid_criterion 3.2672 | score 0.6733
2025-06-03 08:39:39 - INFO - No improvement for 8 epochs
2025-06-03 08:39:42 - INFO - [Train] Epoch 00094 | train_loss 10.5389 | train_rmse 4.1258 | lr 0.002000
2025-06-03 08:39:42 - INFO - [Validate] Epoch 00094 | valid_rmse 3.7344 | valid_pr 0.9909 | valid_criterion 5.7836 | score 0.4216
2025-06-03 08:39:42 - INFO - No improvement for 9 epochs
2025-06-03 08:39:44 - INFO - [Train] Epoch 00095 | train_loss 12.1706 | train_rmse 4.5419 | lr 0.002000
2025-06-03 08:39:44 - INFO - [Validate] Epoch 00095 | valid_rmse 2.3878 | valid_pr 0.9942 | valid_criterion 3.4751 | score 0.6525
2025-06-03 08:39:44 - INFO - No improvement for 10 epochs
2025-06-03 08:40:15 - INFO - [Train] Epoch 00096 | train_loss 10.4495 | train_rmse 4.1056 | lr 0.002000
2025-06-03 08:40:15 - INFO - [Validate] Epoch 00096 | valid_rmse 2.1210 | valid_pr 0.9949 | valid_criterion 2.3944 | score 0.7606
2025-06-03 08:40:15 - INFO - No improvement for 11 epochs
2025-06-03 08:40:17 - INFO - [Train] Epoch 00097 | train_loss 8.5506 | train_rmse 3.6250 | lr 0.002000
2025-06-03 08:40:17 - INFO - [Validate] Epoch 00097 | valid_rmse 2.4297 | valid_pr 0.9947 | valid_criterion 3.3936 | score 0.6606
2025-06-03 08:40:17 - INFO - No improvement for 12 epochs
2025-06-03 08:40:20 - INFO - [Train] Epoch 00098 | train_loss 10.8447 | train_rmse 4.3949 | lr 0.002000
2025-06-03 08:40:20 - INFO - [Validate] Epoch 00098 | valid_rmse 2.9127 | valid_pr 0.9919 | valid_criterion 3.7414 | score 0.6259
2025-06-03 08:40:20 - INFO - No improvement for 13 epochs
2025-06-03 08:40:22 - INFO - [Train] Epoch 00099 | train_loss 11.5716 | train_rmse 4.4645 | lr 0.002000
2025-06-03 08:40:22 - INFO - [Validate] Epoch 00099 | valid_rmse 2.4153 | valid_pr 0.9926 | valid_criterion 3.0285 | score 0.6971
2025-06-03 08:40:22 - INFO - No improvement for 14 epochs
2025-06-03 08:40:25 - INFO - [Train] Epoch 00100 | train_loss 13.0403 | train_rmse 4.8237 | lr 0.002000
2025-06-03 08:40:25 - INFO - [Validate] Epoch 00100 | valid_rmse 2.7604 | valid_pr 0.9943 | valid_criterion 2.0019 | score 0.7998
2025-06-03 08:40:25 - INFO - No improvement for 15 epochs
2025-06-03 08:40:27 - INFO - [Train] Epoch 00101 | train_loss 14.2789 | train_rmse 5.0577 | lr 0.002000
2025-06-03 08:40:27 - INFO - [Validate] Epoch 00101 | valid_rmse 2.9941 | valid_pr 0.9938 | valid_criterion 4.8646 | score 0.5135
2025-06-03 08:40:27 - INFO - No improvement for 16 epochs
2025-06-03 08:40:29 - INFO - [Train] Epoch 00102 | train_loss 9.7528 | train_rmse 4.0669 | lr 0.002000
2025-06-03 08:40:29 - INFO - [Validate] Epoch 00102 | valid_rmse 2.5607 | valid_pr 0.9940 | valid_criterion 3.4337 | score 0.6566
2025-06-03 08:40:29 - INFO - No improvement for 17 epochs
2025-06-03 08:40:32 - INFO - [Train] Epoch 00103 | train_loss 10.0397 | train_rmse 4.0998 | lr 0.002000
2025-06-03 08:40:32 - INFO - [Validate] Epoch 00103 | valid_rmse 2.3009 | valid_pr 0.9959 | valid_criterion 2.9196 | score 0.7080
2025-06-03 08:40:32 - INFO - No improvement for 18 epochs
2025-06-03 08:40:34 - INFO - [Train] Epoch 00104 | train_loss 16.8184 | train_rmse 5.6627 | lr 0.002000
2025-06-03 08:40:34 - INFO - [Validate] Epoch 00104 | valid_rmse 3.6669 | valid_pr 0.9952 | valid_criterion 5.5847 | score 0.4415
2025-06-03 08:40:34 - INFO - No improvement for 19 epochs
2025-06-03 08:40:37 - INFO - [Train] Epoch 00105 | train_loss 12.4772 | train_rmse 4.6587 | lr 0.002000
2025-06-03 08:40:37 - INFO - [Validate] Epoch 00105 | valid_rmse 2.4697 | valid_pr 0.9927 | valid_criterion 2.5646 | score 0.7435
2025-06-03 08:40:37 - INFO - No improvement for 20 epochs
2025-06-03 08:40:39 - INFO - [Train] Epoch 00106 | train_loss 9.5857 | train_rmse 3.9398 | lr 0.002000
2025-06-03 08:40:39 - INFO - [Validate] Epoch 00106 | valid_rmse 2.7516 | valid_pr 0.9930 | valid_criterion 4.0637 | score 0.5936
2025-06-03 08:40:39 - INFO - No improvement for 21 epochs
2025-06-03 08:40:42 - INFO - [Train] Epoch 00107 | train_loss 11.3124 | train_rmse 4.4330 | lr 0.002000
2025-06-03 08:40:42 - INFO - [Validate] Epoch 00107 | valid_rmse 3.6339 | valid_pr 0.9880 | valid_criterion 6.9381 | score 0.3062
2025-06-03 08:40:42 - INFO - No improvement for 22 epochs
2025-06-03 08:41:14 - INFO - [Train] Epoch 00108 | train_loss 10.4585 | train_rmse 4.1586 | lr 0.002000
2025-06-03 08:41:14 - INFO - [Validate] Epoch 00108 | valid_rmse 2.0684 | valid_pr 0.9942 | valid_criterion 2.3238 | score 0.7676
2025-06-03 08:41:14 - INFO - No improvement for 23 epochs
2025-06-03 08:41:17 - INFO - [Train] Epoch 00109 | train_loss 10.9922 | train_rmse 4.2762 | lr 0.002000
2025-06-03 08:41:17 - INFO - [Validate] Epoch 00109 | valid_rmse 2.3324 | valid_pr 0.9956 | valid_criterion 2.4905 | score 0.7510
2025-06-03 08:41:17 - INFO - No improvement for 24 epochs
2025-06-03 08:41:19 - INFO - [Train] Epoch 00110 | train_loss 10.4059 | train_rmse 4.2877 | lr 0.002000
2025-06-03 08:41:19 - INFO - [Validate] Epoch 00110 | valid_rmse 3.2663 | valid_pr 0.9854 | valid_criterion 4.2119 | score 0.5788
2025-06-03 08:41:19 - INFO - No improvement for 25 epochs
2025-06-03 08:41:22 - INFO - [Train] Epoch 00111 | train_loss 12.3085 | train_rmse 4.6419 | lr 0.002000
2025-06-03 08:41:22 - INFO - [Validate] Epoch 00111 | valid_rmse 3.1010 | valid_pr 0.9913 | valid_criterion 4.2466 | score 0.5753
2025-06-03 08:41:22 - INFO - No improvement for 26 epochs
2025-06-03 08:41:24 - INFO - [Train] Epoch 00112 | train_loss 12.3948 | train_rmse 4.7619 | lr 0.002000
2025-06-03 08:41:24 - INFO - [Validate] Epoch 00112 | valid_rmse 3.3152 | valid_pr 0.9896 | valid_criterion 4.4722 | score 0.5528
2025-06-03 08:41:24 - INFO - No improvement for 27 epochs
2025-06-03 08:41:26 - INFO - [Train] Epoch 00113 | train_loss 11.2587 | train_rmse 4.3803 | lr 0.002000
2025-06-03 08:41:26 - INFO - [Validate] Epoch 00113 | valid_rmse 2.5253 | valid_pr 0.9938 | valid_criterion 2.9860 | score 0.7014
2025-06-03 08:41:26 - INFO - No improvement for 28 epochs
2025-06-03 08:41:29 - INFO - [Train] Epoch 00114 | train_loss 9.7353 | train_rmse 4.0641 | lr 0.002000
2025-06-03 08:41:29 - INFO - [Validate] Epoch 00114 | valid_rmse 2.8656 | valid_pr 0.9923 | valid_criterion 3.6749 | score 0.6325
2025-06-03 08:41:29 - INFO - No improvement for 29 epochs
2025-06-03 08:41:31 - INFO - [Train] Epoch 00115 | train_loss 9.7387 | train_rmse 4.1087 | lr 0.002000
2025-06-03 08:41:31 - INFO - [Validate] Epoch 00115 | valid_rmse 2.8384 | valid_pr 0.9935 | valid_criterion 3.0129 | score 0.6987
2025-06-03 08:41:31 - INFO - No improvement for 30 epochs
2025-06-03 08:41:33 - INFO - [Train] Epoch 00116 | train_loss 11.5000 | train_rmse 4.5638 | lr 0.002000
2025-06-03 08:41:33 - INFO - [Validate] Epoch 00116 | valid_rmse 2.2468 | valid_pr 0.9953 | valid_criterion 2.6640 | score 0.7336
2025-06-03 08:41:33 - INFO - No improvement for 31 epochs
2025-06-03 08:41:36 - INFO - [Train] Epoch 00117 | train_loss 10.1114 | train_rmse 4.0550 | lr 0.002000
2025-06-03 08:41:36 - INFO - [Validate] Epoch 00117 | valid_rmse 2.2637 | valid_pr 0.9959 | valid_criterion 2.7767 | score 0.7223
2025-06-03 08:41:36 - INFO - No improvement for 32 epochs
2025-06-03 08:41:38 - INFO - [Train] Epoch 00118 | train_loss 12.8977 | train_rmse 4.8465 | lr 0.002000
2025-06-03 08:41:38 - INFO - [Validate] Epoch 00118 | valid_rmse 3.0232 | valid_pr 0.9929 | valid_criterion 3.8041 | score 0.6196
2025-06-03 08:41:38 - INFO - No improvement for 33 epochs
2025-06-03 08:41:41 - INFO - [Train] Epoch 00119 | train_loss 10.8500 | train_rmse 4.2893 | lr 0.002000
2025-06-03 08:41:41 - INFO - [Validate] Epoch 00119 | valid_rmse 2.5165 | valid_pr 0.9910 | valid_criterion 3.2606 | score 0.6739
2025-06-03 08:41:41 - INFO - No improvement for 34 epochs
2025-06-03 08:41:49 - INFO - [Train] Epoch 00120 | train_loss 11.2007 | train_rmse 4.4668 | lr 0.002000
2025-06-03 08:41:49 - INFO - [Validate] Epoch 00120 | valid_rmse 2.6618 | valid_pr 0.9953 | valid_criterion 2.9608 | score 0.7039
2025-06-03 08:41:49 - INFO - No improvement for 35 epochs
2025-06-03 08:41:51 - INFO - [Train] Epoch 00121 | train_loss 10.4982 | train_rmse 4.3111 | lr 0.002000
2025-06-03 08:41:51 - INFO - [Validate] Epoch 00121 | valid_rmse 2.7369 | valid_pr 0.9901 | valid_criterion 3.3367 | score 0.6663
2025-06-03 08:41:51 - INFO - No improvement for 36 epochs
2025-06-03 08:41:54 - INFO - [Train] Epoch 00122 | train_loss 12.8670 | train_rmse 4.7660 | lr 0.002000
2025-06-03 08:41:54 - INFO - [Validate] Epoch 00122 | valid_rmse 3.5190 | valid_pr 0.9887 | valid_criterion 3.5548 | score 0.6445
2025-06-03 08:41:54 - INFO - No improvement for 37 epochs
2025-06-03 08:41:56 - INFO - [Train] Epoch 00123 | train_loss 10.1390 | train_rmse 4.1773 | lr 0.002000
2025-06-03 08:41:56 - INFO - [Validate] Epoch 00123 | valid_rmse 2.5040 | valid_pr 0.9938 | valid_criterion 3.4227 | score 0.6577
2025-06-03 08:41:56 - INFO - No improvement for 38 epochs
2025-06-03 08:41:58 - INFO - [Train] Epoch 00124 | train_loss 7.9484 | train_rmse 3.5168 | lr 0.002000
2025-06-03 08:41:58 - INFO - [Validate] Epoch 00124 | valid_rmse 3.2053 | valid_pr 0.9913 | valid_criterion 5.9808 | score 0.4019
2025-06-03 08:41:58 - INFO - No improvement for 39 epochs
2025-06-03 08:42:01 - INFO - [Train] Epoch 00125 | train_loss 8.9949 | train_rmse 3.8505 | lr 0.002000
2025-06-03 08:42:01 - INFO - [Validate] Epoch 00125 | valid_rmse 2.1212 | valid_pr 0.9952 | valid_criterion 2.0274 | score 0.7973
2025-06-03 08:42:01 - INFO - No improvement for 40 epochs
2025-06-03 08:42:03 - INFO - [Train] Epoch 00126 | train_loss 13.1293 | train_rmse 4.8295 | lr 0.002000
2025-06-03 08:42:03 - INFO - [Validate] Epoch 00126 | valid_rmse 3.0100 | valid_pr 0.9916 | valid_criterion 4.4142 | score 0.5586
2025-06-03 08:42:03 - INFO - No improvement for 41 epochs
2025-06-03 08:42:06 - INFO - [Train] Epoch 00127 | train_loss 13.0095 | train_rmse 4.7793 | lr 0.002000
2025-06-03 08:42:06 - INFO - [Validate] Epoch 00127 | valid_rmse 2.3392 | valid_pr 0.9934 | valid_criterion 3.3488 | score 0.6651
2025-06-03 08:42:06 - INFO - No improvement for 42 epochs
2025-06-03 08:42:08 - INFO - [Train] Epoch 00128 | train_loss 13.5306 | train_rmse 4.9200 | lr 0.002000
2025-06-03 08:42:08 - INFO - [Validate] Epoch 00128 | valid_rmse 2.1680 | valid_pr 0.9952 | valid_criterion 2.4625 | score 0.7538
2025-06-03 08:42:08 - INFO - No improvement for 43 epochs
2025-06-03 08:42:10 - INFO - [Train] Epoch 00129 | train_loss 12.8469 | train_rmse 4.7600 | lr 0.000400
2025-06-03 08:42:10 - INFO - [Validate] Epoch 00129 | valid_rmse 3.0215 | valid_pr 0.9897 | valid_criterion 2.8848 | score 0.7115
2025-06-03 08:42:10 - INFO - No improvement for 44 epochs
2025-06-03 08:42:13 - INFO - [Train] Epoch 00130 | train_loss 9.0866 | train_rmse 3.9723 | lr 0.000400
2025-06-03 08:42:13 - INFO - [Validate] Epoch 00130 | valid_rmse 2.6610 | valid_pr 0.9931 | valid_criterion 3.4069 | score 0.6593
2025-06-03 08:42:13 - INFO - No improvement for 45 epochs
2025-06-03 08:42:15 - INFO - [Train] Epoch 00131 | train_loss 9.7236 | train_rmse 3.9715 | lr 0.000400
2025-06-03 08:42:15 - INFO - [Validate] Epoch 00131 | valid_rmse 2.6291 | valid_pr 0.9929 | valid_criterion 3.1702 | score 0.6830
2025-06-03 08:42:15 - INFO - No improvement for 46 epochs
2025-06-03 08:42:18 - INFO - [Train] Epoch 00132 | train_loss 12.7714 | train_rmse 4.6989 | lr 0.000400
2025-06-03 08:42:18 - INFO - [Validate] Epoch 00132 | valid_rmse 2.2269 | valid_pr 0.9946 | valid_criterion 2.6793 | score 0.7321
2025-06-03 08:42:18 - INFO - No improvement for 47 epochs
2025-06-03 08:42:20 - INFO - [Train] Epoch 00133 | train_loss 11.5572 | train_rmse 4.5483 | lr 0.000400
2025-06-03 08:42:20 - INFO - [Validate] Epoch 00133 | valid_rmse 2.6638 | valid_pr 0.9927 | valid_criterion 3.6642 | score 0.6336
2025-06-03 08:42:20 - INFO - No improvement for 48 epochs
2025-06-03 08:42:22 - INFO - [Train] Epoch 00134 | train_loss 9.8234 | train_rmse 4.0482 | lr 0.000400
2025-06-03 08:42:22 - INFO - [Validate] Epoch 00134 | valid_rmse 2.5713 | valid_pr 0.9942 | valid_criterion 2.7557 | score 0.7244
2025-06-03 08:42:22 - INFO - No improvement for 49 epochs
2025-06-03 08:42:25 - INFO - [Train] Epoch 00135 | train_loss 9.4350 | train_rmse 3.9424 | lr 0.000400
2025-06-03 08:42:25 - INFO - [Validate] Epoch 00135 | valid_rmse 2.5915 | valid_pr 0.9929 | valid_criterion 3.2429 | score 0.6757
2025-06-03 08:42:25 - INFO - No improvement for 50 epochs
2025-06-03 08:42:27 - INFO - [Train] Epoch 00136 | train_loss 11.6189 | train_rmse 4.7350 | lr 0.000400
2025-06-03 08:42:27 - INFO - [Validate] Epoch 00136 | valid_rmse 2.7144 | valid_pr 0.9936 | valid_criterion 3.7846 | score 0.6215
2025-06-03 08:42:27 - INFO - No improvement for 51 epochs
2025-06-03 08:42:30 - INFO - [Train] Epoch 00137 | train_loss 10.6145 | train_rmse 4.3009 | lr 0.000400
2025-06-03 08:42:30 - INFO - [Validate] Epoch 00137 | valid_rmse 2.8051 | valid_pr 0.9925 | valid_criterion 3.7081 | score 0.6292
2025-06-03 08:42:30 - INFO - No improvement for 52 epochs
2025-06-03 08:42:32 - INFO - [Train] Epoch 00138 | train_loss 7.9359 | train_rmse 3.4575 | lr 0.000400
2025-06-03 08:42:32 - INFO - [Validate] Epoch 00138 | valid_rmse 2.8002 | valid_pr 0.9934 | valid_criterion 3.3479 | score 0.6652
2025-06-03 08:42:32 - INFO - No improvement for 53 epochs
2025-06-03 08:42:35 - INFO - [Train] Epoch 00139 | train_loss 10.3277 | train_rmse 4.1890 | lr 0.000400
2025-06-03 08:42:35 - INFO - [Validate] Epoch 00139 | valid_rmse 2.9688 | valid_pr 0.9933 | valid_criterion 3.0443 | score 0.6956
2025-06-03 08:42:35 - INFO - No improvement for 54 epochs
2025-06-03 08:42:37 - INFO - [Train] Epoch 00140 | train_loss 12.3776 | train_rmse 4.5922 | lr 0.000400
2025-06-03 08:42:37 - INFO - [Validate] Epoch 00140 | valid_rmse 2.5457 | valid_pr 0.9926 | valid_criterion 3.1188 | score 0.6881
2025-06-03 08:42:37 - INFO - No improvement for 55 epochs
2025-06-03 08:42:40 - INFO - [Train] Epoch 00141 | train_loss 11.4765 | train_rmse 4.4841 | lr 0.000400
2025-06-03 08:42:40 - INFO - [Validate] Epoch 00141 | valid_rmse 2.4701 | valid_pr 0.9938 | valid_criterion 2.2056 | score 0.7794
2025-06-03 08:42:40 - INFO - No improvement for 56 epochs
2025-06-03 08:42:42 - INFO - [Train] Epoch 00142 | train_loss 8.8150 | train_rmse 3.8322 | lr 0.000400
2025-06-03 08:42:42 - INFO - [Validate] Epoch 00142 | valid_rmse 2.8289 | valid_pr 0.9932 | valid_criterion 3.5586 | score 0.6441
2025-06-03 08:42:42 - INFO - No improvement for 57 epochs
2025-06-03 08:42:44 - INFO - [Train] Epoch 00143 | train_loss 10.3655 | train_rmse 4.1776 | lr 0.000400
2025-06-03 08:42:44 - INFO - [Validate] Epoch 00143 | valid_rmse 2.5403 | valid_pr 0.9939 | valid_criterion 2.9390 | score 0.7061
2025-06-03 08:42:44 - INFO - No improvement for 58 epochs
2025-06-03 08:42:47 - INFO - [Train] Epoch 00144 | train_loss 10.9433 | train_rmse 4.3457 | lr 0.000400
2025-06-03 08:42:47 - INFO - [Validate] Epoch 00144 | valid_rmse 2.6737 | valid_pr 0.9926 | valid_criterion 3.3980 | score 0.6602
2025-06-03 08:42:47 - INFO - No improvement for 59 epochs
2025-06-03 08:42:49 - INFO - [Train] Epoch 00145 | train_loss 10.4038 | train_rmse 4.2463 | lr 0.000400
2025-06-03 08:42:49 - INFO - [Validate] Epoch 00145 | valid_rmse 2.9980 | valid_pr 0.9920 | valid_criterion 3.0596 | score 0.6940
2025-06-03 08:42:49 - INFO - No improvement for 60 epochs
2025-06-03 08:42:52 - INFO - [Train] Epoch 00146 | train_loss 11.4088 | train_rmse 4.4597 | lr 0.000400
2025-06-03 08:42:52 - INFO - [Validate] Epoch 00146 | valid_rmse 2.6395 | valid_pr 0.9940 | valid_criterion 2.8596 | score 0.7140
2025-06-03 08:42:52 - INFO - No improvement for 61 epochs
2025-06-03 08:42:54 - INFO - [Train] Epoch 00147 | train_loss 11.4153 | train_rmse 4.4573 | lr 0.000400
2025-06-03 08:42:54 - INFO - [Validate] Epoch 00147 | valid_rmse 3.0865 | valid_pr 0.9913 | valid_criterion 3.0941 | score 0.6906
2025-06-03 08:42:54 - INFO - No improvement for 62 epochs
2025-06-03 08:42:56 - INFO - [Train] Epoch 00148 | train_loss 11.7639 | train_rmse 4.4359 | lr 0.000400
2025-06-03 08:42:56 - INFO - [Validate] Epoch 00148 | valid_rmse 2.9952 | valid_pr 0.9926 | valid_criterion 4.3251 | score 0.5675
2025-06-03 08:42:56 - INFO - No improvement for 63 epochs
2025-06-03 08:42:59 - INFO - [Train] Epoch 00149 | train_loss 10.9129 | train_rmse 4.3390 | lr 0.000400
2025-06-03 08:42:59 - INFO - [Validate] Epoch 00149 | valid_rmse 2.6706 | valid_pr 0.9947 | valid_criterion 3.2846 | score 0.6715
2025-06-03 08:42:59 - INFO - No improvement for 64 epochs
2025-06-03 08:43:01 - INFO - [Train] Epoch 00150 | train_loss 14.0064 | train_rmse 5.1346 | lr 0.000080
2025-06-03 08:43:01 - INFO - [Validate] Epoch 00150 | valid_rmse 3.1794 | valid_pr 0.9921 | valid_criterion 3.1505 | score 0.6849
2025-06-03 08:43:01 - INFO - No improvement for 65 epochs
2025-06-03 08:43:03 - INFO - [Train] Epoch 00151 | train_loss 11.2365 | train_rmse 4.3964 | lr 0.000080
2025-06-03 08:43:03 - INFO - [Validate] Epoch 00151 | valid_rmse 2.8311 | valid_pr 0.9932 | valid_criterion 2.8895 | score 0.7110
2025-06-03 08:43:03 - INFO - No improvement for 66 epochs
2025-06-03 08:43:06 - INFO - [Train] Epoch 00152 | train_loss 9.3595 | train_rmse 3.9140 | lr 0.000080
2025-06-03 08:43:06 - INFO - [Validate] Epoch 00152 | valid_rmse 2.7554 | valid_pr 0.9934 | valid_criterion 2.9198 | score 0.7080
2025-06-03 08:43:06 - INFO - No improvement for 67 epochs
2025-06-03 08:43:08 - INFO - [Train] Epoch 00153 | train_loss 10.9079 | train_rmse 4.3315 | lr 0.000080
2025-06-03 08:43:08 - INFO - [Validate] Epoch 00153 | valid_rmse 2.8940 | valid_pr 0.9936 | valid_criterion 2.7232 | score 0.7277
2025-06-03 08:43:08 - INFO - No improvement for 68 epochs
2025-06-03 08:43:11 - INFO - [Train] Epoch 00154 | train_loss 8.4393 | train_rmse 3.6585 | lr 0.000080
2025-06-03 08:43:11 - INFO - [Validate] Epoch 00154 | valid_rmse 2.6739 | valid_pr 0.9939 | valid_criterion 2.9075 | score 0.7092
2025-06-03 08:43:11 - INFO - No improvement for 69 epochs
2025-06-03 08:43:13 - INFO - [Train] Epoch 00155 | train_loss 12.5157 | train_rmse 4.7698 | lr 0.000080
2025-06-03 08:43:13 - INFO - [Validate] Epoch 00155 | valid_rmse 2.5855 | valid_pr 0.9936 | valid_criterion 3.0031 | score 0.6997
2025-06-03 08:43:13 - INFO - No improvement for 70 epochs
2025-06-03 08:43:16 - INFO - [Train] Epoch 00156 | train_loss 10.5906 | train_rmse 4.3606 | lr 0.000080
2025-06-03 08:43:16 - INFO - [Validate] Epoch 00156 | valid_rmse 2.3855 | valid_pr 0.9934 | valid_criterion 2.7180 | score 0.7282
2025-06-03 08:43:16 - INFO - No improvement for 71 epochs
2025-06-03 08:43:18 - INFO - [Train] Epoch 00157 | train_loss 8.5831 | train_rmse 3.7548 | lr 0.000080
2025-06-03 08:43:18 - INFO - [Validate] Epoch 00157 | valid_rmse 2.5849 | valid_pr 0.9936 | valid_criterion 3.1233 | score 0.6877
2025-06-03 08:43:18 - INFO - No improvement for 72 epochs
2025-06-03 08:43:21 - INFO - [Train] Epoch 00158 | train_loss 11.7719 | train_rmse 4.6274 | lr 0.000080
2025-06-03 08:43:21 - INFO - [Validate] Epoch 00158 | valid_rmse 2.5726 | valid_pr 0.9934 | valid_criterion 2.7542 | score 0.7246
2025-06-03 08:43:21 - INFO - No improvement for 73 epochs
2025-06-03 08:43:23 - INFO - [Train] Epoch 00159 | train_loss 9.1475 | train_rmse 3.9027 | lr 0.000080
2025-06-03 08:43:23 - INFO - [Validate] Epoch 00159 | valid_rmse 2.6215 | valid_pr 0.9937 | valid_criterion 2.8221 | score 0.7178
2025-06-03 08:43:23 - INFO - No improvement for 74 epochs
2025-06-03 08:43:25 - INFO - [Train] Epoch 00160 | train_loss 10.6383 | train_rmse 4.4094 | lr 0.000080
2025-06-03 08:43:25 - INFO - [Validate] Epoch 00160 | valid_rmse 2.8948 | valid_pr 0.9933 | valid_criterion 2.9393 | score 0.7061
2025-06-03 08:43:25 - INFO - No improvement for 75 epochs
2025-06-03 08:43:28 - INFO - [Train] Epoch 00161 | train_loss 9.1196 | train_rmse 3.8671 | lr 0.000080
2025-06-03 08:43:28 - INFO - [Validate] Epoch 00161 | valid_rmse 2.6424 | valid_pr 0.9931 | valid_criterion 2.7101 | score 0.7290
2025-06-03 08:43:28 - INFO - No improvement for 76 epochs
2025-06-03 08:43:30 - INFO - [Train] Epoch 00162 | train_loss 10.9767 | train_rmse 4.4539 | lr 0.000080
2025-06-03 08:43:30 - INFO - [Validate] Epoch 00162 | valid_rmse 2.9846 | valid_pr 0.9925 | valid_criterion 3.5989 | score 0.6401
2025-06-03 08:43:30 - INFO - No improvement for 77 epochs
2025-06-03 08:43:33 - INFO - [Train] Epoch 00163 | train_loss 11.9572 | train_rmse 4.5453 | lr 0.000080
2025-06-03 08:43:33 - INFO - [Validate] Epoch 00163 | valid_rmse 2.3872 | valid_pr 0.9935 | valid_criterion 3.0250 | score 0.6975
2025-06-03 08:43:33 - INFO - No improvement for 78 epochs
2025-06-03 08:43:35 - INFO - [Train] Epoch 00164 | train_loss 7.6122 | train_rmse 3.4681 | lr 0.000080
2025-06-03 08:43:35 - INFO - [Validate] Epoch 00164 | valid_rmse 2.7758 | valid_pr 0.9933 | valid_criterion 3.5553 | score 0.6445
2025-06-03 08:43:35 - INFO - No improvement for 79 epochs
2025-06-03 08:43:37 - INFO - [Train] Epoch 00165 | train_loss 10.9049 | train_rmse 4.2467 | lr 0.000080
2025-06-03 08:43:37 - INFO - [Validate] Epoch 00165 | valid_rmse 2.5039 | valid_pr 0.9937 | valid_criterion 2.8053 | score 0.7195
2025-06-03 08:43:37 - INFO - No improvement for 80 epochs
2025-06-03 08:43:40 - INFO - [Train] Epoch 00166 | train_loss 6.9733 | train_rmse 3.1892 | lr 0.000080
2025-06-03 08:43:40 - INFO - [Validate] Epoch 00166 | valid_rmse 2.3502 | valid_pr 0.9940 | valid_criterion 3.0766 | score 0.6923
2025-06-03 08:43:40 - INFO - No improvement for 81 epochs
2025-06-03 08:43:42 - INFO - [Train] Epoch 00167 | train_loss 8.9770 | train_rmse 3.9025 | lr 0.000080
2025-06-03 08:43:42 - INFO - [Validate] Epoch 00167 | valid_rmse 2.7603 | valid_pr 0.9936 | valid_criterion 3.3652 | score 0.6635
2025-06-03 08:43:42 - INFO - No improvement for 82 epochs
2025-06-03 08:43:45 - INFO - [Train] Epoch 00168 | train_loss 12.2460 | train_rmse 4.6542 | lr 0.000080
2025-06-03 08:43:45 - INFO - [Validate] Epoch 00168 | valid_rmse 2.6108 | valid_pr 0.9937 | valid_criterion 3.2677 | score 0.6732
2025-06-03 08:43:45 - INFO - No improvement for 83 epochs
2025-06-03 08:43:47 - INFO - [Train] Epoch 00169 | train_loss 9.7369 | train_rmse 4.1644 | lr 0.000080
2025-06-03 08:43:47 - INFO - [Validate] Epoch 00169 | valid_rmse 2.7024 | valid_pr 0.9934 | valid_criterion 2.9651 | score 0.7035
2025-06-03 08:43:47 - INFO - No improvement for 84 epochs
2025-06-03 08:43:49 - INFO - [Train] Epoch 00170 | train_loss 10.4163 | train_rmse 4.1517 | lr 0.000080
2025-06-03 08:43:49 - INFO - [Validate] Epoch 00170 | valid_rmse 2.6370 | valid_pr 0.9938 | valid_criterion 3.3821 | score 0.6618
2025-06-03 08:43:49 - INFO - No improvement for 85 epochs
2025-06-03 08:43:52 - INFO - [Train] Epoch 00171 | train_loss 9.5393 | train_rmse 4.0289 | lr 0.000016
2025-06-03 08:43:52 - INFO - [Validate] Epoch 00171 | valid_rmse 2.8586 | valid_pr 0.9931 | valid_criterion 3.5177 | score 0.6482
2025-06-03 08:43:52 - INFO - No improvement for 86 epochs
2025-06-03 08:43:54 - INFO - [Train] Epoch 00172 | train_loss 11.6523 | train_rmse 4.4311 | lr 0.000016
2025-06-03 08:43:54 - INFO - [Validate] Epoch 00172 | valid_rmse 2.7713 | valid_pr 0.9932 | valid_criterion 3.6957 | score 0.6304
2025-06-03 08:43:54 - INFO - No improvement for 87 epochs
2025-06-03 08:43:57 - INFO - [Train] Epoch 00173 | train_loss 8.6044 | train_rmse 3.7455 | lr 0.000016
2025-06-03 08:43:57 - INFO - [Validate] Epoch 00173 | valid_rmse 2.7770 | valid_pr 0.9931 | valid_criterion 3.3350 | score 0.6665
2025-06-03 08:43:57 - INFO - No improvement for 88 epochs
2025-06-03 08:43:59 - INFO - [Train] Epoch 00174 | train_loss 10.2279 | train_rmse 4.1210 | lr 0.000016
2025-06-03 08:43:59 - INFO - [Validate] Epoch 00174 | valid_rmse 2.7059 | valid_pr 0.9929 | valid_criterion 3.5997 | score 0.6400
2025-06-03 08:43:59 - INFO - No improvement for 89 epochs
2025-06-03 08:44:01 - INFO - [Train] Epoch 00175 | train_loss 7.9680 | train_rmse 3.5537 | lr 0.000016
2025-06-03 08:44:01 - INFO - [Validate] Epoch 00175 | valid_rmse 2.5275 | valid_pr 0.9932 | valid_criterion 3.0501 | score 0.6950
2025-06-03 08:44:01 - INFO - No improvement for 90 epochs
2025-06-03 08:44:04 - INFO - [Train] Epoch 00176 | train_loss 8.3664 | train_rmse 3.6997 | lr 0.000016
2025-06-03 08:44:04 - INFO - [Validate] Epoch 00176 | valid_rmse 2.5856 | valid_pr 0.9934 | valid_criterion 3.0896 | score 0.6910
2025-06-03 08:44:04 - INFO - No improvement for 91 epochs
2025-06-03 08:44:06 - INFO - [Train] Epoch 00177 | train_loss 11.5383 | train_rmse 4.5287 | lr 0.000016
2025-06-03 08:44:06 - INFO - [Validate] Epoch 00177 | valid_rmse 2.5458 | valid_pr 0.9937 | valid_criterion 3.0074 | score 0.6993
2025-06-03 08:44:06 - INFO - No improvement for 92 epochs
2025-06-03 08:44:09 - INFO - [Train] Epoch 00178 | train_loss 8.8286 | train_rmse 3.8547 | lr 0.000016
2025-06-03 08:44:09 - INFO - [Validate] Epoch 00178 | valid_rmse 2.6731 | valid_pr 0.9936 | valid_criterion 3.1481 | score 0.6852
2025-06-03 08:44:09 - INFO - No improvement for 93 epochs
2025-06-03 08:44:12 - INFO - [Train] Epoch 00179 | train_loss 8.9584 | train_rmse 3.8937 | lr 0.000016
2025-06-03 08:44:12 - INFO - [Validate] Epoch 00179 | valid_rmse 2.5554 | valid_pr 0.9939 | valid_criterion 3.2040 | score 0.6796
2025-06-03 08:44:12 - INFO - No improvement for 94 epochs
2025-06-03 08:44:14 - INFO - [Train] Epoch 00180 | train_loss 9.3677 | train_rmse 3.9274 | lr 0.000016
2025-06-03 08:44:14 - INFO - [Validate] Epoch 00180 | valid_rmse 2.5848 | valid_pr 0.9934 | valid_criterion 3.1022 | score 0.6898
2025-06-03 08:44:14 - INFO - No improvement for 95 epochs
2025-06-03 08:44:17 - INFO - [Train] Epoch 00181 | train_loss 8.4448 | train_rmse 3.6433 | lr 0.000016
2025-06-03 08:44:17 - INFO - [Validate] Epoch 00181 | valid_rmse 2.4658 | valid_pr 0.9937 | valid_criterion 2.9863 | score 0.7014
2025-06-03 08:44:17 - INFO - No improvement for 96 epochs
2025-06-03 08:44:19 - INFO - [Train] Epoch 00182 | train_loss 10.3605 | train_rmse 4.1882 | lr 0.000016
2025-06-03 08:44:19 - INFO - [Validate] Epoch 00182 | valid_rmse 2.5920 | valid_pr 0.9938 | valid_criterion 3.2605 | score 0.6740
2025-06-03 08:44:19 - INFO - No improvement for 97 epochs
2025-06-03 08:44:21 - INFO - [Train] Epoch 00183 | train_loss 9.2805 | train_rmse 4.0177 | lr 0.000016
2025-06-03 08:44:21 - INFO - [Validate] Epoch 00183 | valid_rmse 2.8289 | valid_pr 0.9943 | valid_criterion 3.4630 | score 0.6537
2025-06-03 08:44:21 - INFO - No improvement for 98 epochs
2025-06-03 08:44:24 - INFO - [Train] Epoch 00184 | train_loss 10.3945 | train_rmse 4.1286 | lr 0.000016
2025-06-03 08:44:24 - INFO - [Validate] Epoch 00184 | valid_rmse 2.7597 | valid_pr 0.9937 | valid_criterion 3.6883 | score 0.6312
2025-06-03 08:44:24 - INFO - No improvement for 99 epochs
2025-06-03 08:44:26 - INFO - [Train] Epoch 00185 | train_loss 8.6312 | train_rmse 3.8309 | lr 0.000016
2025-06-03 08:44:26 - INFO - [Validate] Epoch 00185 | valid_rmse 2.5739 | valid_pr 0.9944 | valid_criterion 2.8458 | score 0.7154
2025-06-03 08:44:26 - INFO - No improvement for 100 epochs
2025-06-03 08:44:26 - INFO - Early stopping triggered. No improvement for 100 epochs
2025-06-03 08:44:26 - INFO - Best model was saved at epoch 85
2025-06-03 08:44:27 - INFO - [Validate] Epoch 00185 | valid_rmse1 3.831514 | valid_pr1 0.994276 | valid_criterion 1.678111
